LX51 LINKER/LOCATER V4.41                                                               05/04/2019  17:53:25  PAGE 1


LX51 LINKER/LOCATER V4.41, INVOKED BY:
C:\KEIL\C51\BIN\LX51.EXE .\Objects\STARTUP.obj, .\Objects\main.obj, .\Objects\STC_PWM.obj, .\Objects\AD.obj TO .\Objects
>> \main PRINT (.\Listings\main.map)


CPU MODE:     8051 MODE
MEMORY MODEL: LARGE WITH FLOATING POINT ARITHMETIC


INPUT MODULES INCLUDED:
  .\Objects\STARTUP.obj (?C_STARTUP)
         COMMENT TYPE 1: A51 / ASM51 Assembler
  .\Objects\main.obj (MAIN)
         COMMENT TYPE 0: C51 V9.00
  .\Objects\STC_PWM.obj (STC_PWM)
         COMMENT TYPE 0: C51 V9.00
  .\Objects\AD.obj (AD)
         COMMENT TYPE 0: C51 V9.00
  C:\KEIL\C51\LIB\C51FPL.LIB (?C?FPADD)
         COMMENT TYPE 1: A51 / ASM51 Assembler
  C:\KEIL\C51\LIB\C51FPL.LIB (?C?FPMUL)
         COMMENT TYPE 1: A51 / ASM51 Assembler
  C:\KEIL\C51\LIB\C51FPL.LIB (?C?FPDIV)
         COMMENT TYPE 1: A51 / ASM51 Assembler
  C:\KEIL\C51\LIB\C51FPL.LIB (?C?FCAST)
         COMMENT TYPE 1: A51 / ASM51 Assembler
  C:\KEIL\C51\LIB\C51FPL.LIB (?C?CASTF)
         COMMENT TYPE 1: A51 / ASM51 Assembler
  C:\KEIL\C51\LIB\C51FPL.LIB (PRINTF)
         COMMENT TYPE 1: A51 / ASM51 Assembler
  C:\KEIL\C51\LIB\C51FPL.LIB (SIN)
         COMMENT TYPE 1: A51 / ASM51 Assembler
  C:\KEIL\C51\LIB\C51FPL.LIB (?C?FPGETOPN)
         COMMENT TYPE 1: A51 / ASM51 Assembler
  C:\KEIL\C51\LIB\C51FPL.LIB (?C?FPROUND)
         COMMENT TYPE 1: A51 / ASM51 Assembler
  C:\KEIL\C51\LIB\C51FPL.LIB (?C?FPCONVERT)
         COMMENT TYPE 1: A51 / ASM51 Assembler
  C:\KEIL\C51\LIB\C51FPL.LIB (?C?FPSERIES)
         COMMENT TYPE 1: A51 / ASM51 Assembler
  C:\KEIL\C51\LIB\C51FPL.LIB (?C?FTNPWR)
         COMMENT TYPE 1: A51 / ASM51 Assembler
  C:\KEIL\C51\LIB\C51L.LIB (?C_INIT)
         COMMENT TYPE 1: A51 / ASM51 Assembler
  C:\KEIL\C51\LIB\C51L.LIB (?C?CLDPTR)
         COMMENT TYPE 1: A51 / ASM51 Assembler
  C:\KEIL\C51\LIB\C51L.LIB (?C?CLDOPTR)
         COMMENT TYPE 1: A51 / ASM51 Assembler
  C:\KEIL\C51\LIB\C51L.LIB (?C?CSTPTR)
         COMMENT TYPE 1: A51 / ASM51 Assembler
  C:\KEIL\C51\LIB\C51L.LIB (?C?CSTOPTR)
         COMMENT TYPE 1: A51 / ASM51 Assembler
  C:\KEIL\C51\LIB\C51L.LIB (?C?IMUL)
         COMMENT TYPE 1: A51 / ASM51 Assembler
  C:\KEIL\C51\LIB\C51L.LIB (?C?UIDIV)
         COMMENT TYPE 1: A51 / ASM51 Assembler
  C:\KEIL\C51\LIB\C51L.LIB (?C?SIDIV)
         COMMENT TYPE 1: A51 / ASM51 Assembler
  C:\KEIL\C51\LIB\C51L.LIB (?C?ILDIX)
         COMMENT TYPE 1: A51 / ASM51 Assembler
  C:\KEIL\C51\LIB\C51L.LIB (?C?ILDPTR)
         COMMENT TYPE 1: A51 / ASM51 Assembler
  C:\KEIL\C51\LIB\C51L.LIB (?C?IILDPTR)
         COMMENT TYPE 1: A51 / ASM51 Assembler
  C:\KEIL\C51\LIB\C51L.LIB (?C?SLDIV)
         COMMENT TYPE 1: A51 / ASM51 Assembler
LX51 LINKER/LOCATER V4.41                                                             05/04/2019  17:53:25  PAGE 2


  C:\KEIL\C51\LIB\C51L.LIB (?C?LNEG)
         COMMENT TYPE 1: A51 / ASM51 Assembler
  C:\KEIL\C51\LIB\C51L.LIB (?C?LLDCODE)
         COMMENT TYPE 1: A51 / ASM51 Assembler
  C:\KEIL\C51\LIB\C51L.LIB (?C?LLDXDATA0)
         COMMENT TYPE 1: A51 / ASM51 Assembler
  C:\KEIL\C51\LIB\C51L.LIB (?C?LLDCODE0)
         COMMENT TYPE 1: A51 / ASM51 Assembler
  C:\KEIL\C51\LIB\C51L.LIB (?C?LSTXDATA)
         COMMENT TYPE 1: A51 / ASM51 Assembler
  C:\KEIL\C51\LIB\C51L.LIB (?C?PLDIXDATA)
         COMMENT TYPE 1: A51 / ASM51 Assembler
  C:\KEIL\C51\LIB\C51L.LIB (?C?PSTXDATA)
         COMMENT TYPE 1: A51 / ASM51 Assembler
  C:\KEIL\C51\LIB\C51L.LIB (?C?CCASE)
         COMMENT TYPE 1: A51 / ASM51 Assembler
  C:\KEIL\C51\LIB\C51L.LIB (PUTCHAR)
         COMMENT TYPE 1: A51 / ASM51 Assembler
  C:\KEIL\C51\LIB\C51L.LIB (?C?IILDX)
         COMMENT TYPE 1: A51 / ASM51 Assembler
  C:\KEIL\C51\LIB\C51L.LIB (?C?ULDIV)
         COMMENT TYPE 1: A51 / ASM51 Assembler


ACTIVE MEMORY CLASSES OF MODULE:  .\Objects\main (?C_STARTUP)

BASE        START       END         USED      MEMORY CLASS
==========================================================
C:000000H   C:000000H   C:00FFFFH   0019FAH   CODE
I:000000H   I:000000H   I:0000FFH   000001H   IDATA
X:000000H   X:000000H   X:00FFFFH   000283H   XDATA
I:000000H   I:000000H   I:00007FH   000015H   DATA
I:000020H.0 I:000020H.0 I:00002FH.7 000001H.2 BIT


MEMORY MAP OF MODULE:  .\Objects\main (?C_STARTUP)


START     STOP      LENGTH    ALIGN  RELOC    MEMORY CLASS   SEGMENT NAME
=========================================================================

* * * * * * * * * * *   D A T A   M E M O R Y   * * * * * * * * * * * * *
000000H   000007H   000008H   ---    AT..     DATA           "REG BANK 0"
000008H   00000FH   000008H   ---    AT..     DATA           "REG BANK 1"
000010H   000014H   000005H   BYTE   UNIT     DATA           _DATA_GROUP_
000015H.0 00001FH.7 00000BH.0 ---    ---      **GAP**
000020H.0 000021H.1 000001H.2 BIT    UNIT     BIT            _BIT_GROUP_
000021H.2 000021H   000000H.6 ---    ---      **GAP**
000022H   000022H   000001H   BYTE   UNIT     IDATA          ?STACK

* * * * * * * * * * *   C O D E   M E M O R Y   * * * * * * * * * * * * *
000000H   000002H   000003H   ---    OFFS..   CODE           ?CO??C_STARTUP?0
000003H   00000AH   000008H   BYTE   UNIT     CODE           ?PR?_SENDDATA?MAIN
00000BH   00000DH   000003H   BYTE   OFFS..   CODE           ?MAIN?0000B
00000EH   000084H   000077H   BYTE   UNIT     CODE           ?PR?_STC_PWM_SETVOLAGE?STC_PWM
000085H   000088H   000004H   BYTE   UNIT     CODE           ?PR?PWMERROR_ISR?STC_PWM
000089H   00008AH   000002H   ---    ---      **GAP**
00008BH   00008DH   000003H   BYTE   OFFS..   CODE           ?MAIN?0008B
00008EH   0000B0H   000023H   BYTE   UNIT     CODE           ?PR?CURRENTPROTECTTASK?MAIN
0000B1H   0000B2H   000002H   ---    ---      **GAP**
0000B3H   0000B5H   000003H   BYTE   OFFS..   CODE           ?STC_PWM?000B3
0000B6H   0000BAH   000005H   ---    ---      **GAP**
0000BBH   0000BDH   000003H   BYTE   OFFS..   CODE           ?STC_PWM?000BB
0000BEH   000919H   00085CH   BYTE   UNIT     CODE           ?C?LIB_CODE
00091AH   000D9CH   000483H   BYTE   UNIT     CODE           ?PR?PRINTF?PRINTF
LX51 LINKER/LOCATER V4.41                                                             05/04/2019  17:53:25  PAGE 3


000D9DH   001000H   000264H   BYTE   UNIT     CODE           ?PR?_GETSINTAB?STC_PWM
001001H   0011ECH   0001ECH   BYTE   UNIT     CODE           ?C_INITSEG
0011EDH   001374H   000188H   BYTE   UNIT     CODE           ?PR?SIN?SIN
001375H   0014A1H   00012DH   BYTE   UNIT     CODE           ?PR?_STC_PWM_INIT?STC_PWM
0014A2H   00156BH   0000CAH   BYTE   UNIT     CODE           ?PR?UARTCMDPROCESS?MAIN
00156CH   001618H   0000ADH   BYTE   UNIT     CODE           ?PR?PWM_ISR?STC_PWM
001619H   0016A4H   00008CH   BYTE   UNIT     CODE           ?C_C51STARTUP
0016A5H   001715H   000071H   BYTE   UNIT     CODE           ?PR?FILTER?STC_PWM
001716H   00176CH   000057H   BYTE   UNIT     CODE           ?PR?_UARTGETBUF?MAIN
00176DH   0017B0H   000044H   BYTE   UNIT     CODE           ?C?LDIV
0017B1H   0017F1H   000041H   BYTE   UNIT     CODE           ?PR?STC_PWM_TIMER?STC_PWM
0017F2H   00182AH   000039H   BYTE   UNIT     CODE           ?PR?_SENDSTRING?MAIN
00182BH   001863H   000039H   BYTE   UNIT     CODE           ?PR?_STC_PWM_TASK?STC_PWM
001864H   00189AH   000037H   BYTE   UNIT     CODE           ?PR?UART3?MAIN
00189BH   0018C4H   00002AH   BYTE   UNIT     CODE           ?PR?MAIN?MAIN
0018C5H   0018EBH   000027H   BYTE   UNIT     CODE           ?PR?PUTCHAR?PUTCHAR
0018ECH   001911H   000026H   BYTE   UNIT     CODE           ?PR?_GETADCRESULT?AD
001912H   001931H   000020H   BYTE   UNIT     CODE           ?PR?TIMER0?MAIN
001932H   00194FH   00001EH   BYTE   UNIT     CODE           ?PR?_DELAYMS?MAIN
001950H   00196BH   00001CH   BYTE   UNIT     CODE           ?PR?IO_INIT?MAIN
00196CH   001986H   00001BH   BYTE   UNIT     CODE           ?PR?_DELAY?AD
001987H   00199EH   000018H   BYTE   UNIT     CODE           ?PR?UART3INIT?MAIN
00199FH   0019B5H   000017H   BYTE   UNIT     CODE           ?PR?UART1INIT?MAIN
0019B6H   0019CBH   000016H   BYTE   UNIT     CODE           ?CO?MAIN
0019CCH   0019E0H   000015H   BYTE   UNIT     CODE           ?PR?GET_VOLTAGE?STC_PWM
0019E1H   0019F3H   000013H   BYTE   UNIT     CODE           ?PR?TIMER0INIT?MAIN
0019F4H   001A02H   00000FH   BYTE   UNIT     CODE           ?PR?INITADC?AD

* * * * * * * * * * *  X D A T A   M E M O R Y  * * * * * * * * * * * * *
000000H   0001B7H   0001B8H   BYTE   UNIT     XDATA          ?XD?STC_PWM
0001B8H   00025EH   0000A7H   BYTE   UNIT     XDATA          _XDATA_GROUP_
00025FH   000282H   000024H   BYTE   UNIT     XDATA          ?XD?MAIN



OVERLAY MAP OF MODULE:   .\Objects\main (?C_STARTUP)


FUNCTION/MODULE                  BIT_GROUP   DATA_GROUP   XDATA_GROUP
--> CALLED FUNCTION/MODULE      START  STOP  START  STOP  START  STOP
=====================================================================
?C_C51STARTUP                   ----- -----  ----- -----  ----- -----
  +--> ?PR?MAIN?MAIN
  +--> ?C_INITSEG

MAIN/MAIN                       ----- -----  ----- -----  ----- -----
  +--> ?PR?IO_INIT?MAIN
  +--> ?PR?UART1INIT?MAIN
  +--> ?PR?UART3INIT?MAIN
  +--> ?PR?TIMER0INIT?MAIN
  +--> ?PR?INITADC?AD
  +--> ?PR?_STC_PWM_INIT?STC_PWM
  +--> ?PR?_STC_PWM_SETVOLAGE?STC_PWM
  +--> ?PR?UARTCMDPROCESS?MAIN

IO_INIT/MAIN                    ----- -----  ----- -----  ----- -----

UART1INIT/MAIN                  ----- -----  ----- -----  ----- -----

UART3INIT/MAIN                  ----- -----  ----- -----  ----- -----

TIMER0INIT/MAIN                 ----- -----  ----- -----  ----- -----

INITADC/AD                      ----- -----  ----- -----  ----- -----
  +--> ?PR?_DELAY?AD
LX51 LINKER/LOCATER V4.41                                                             05/04/2019  17:53:25  PAGE 4



_DELAY/AD                       ----- -----  ----- -----  ----- -----

_STC_PWM_INIT/STC_PWM           ----- -----  ----- -----  01B8H 01BAH
  +--> ?PR?GET_VOLTAGE?STC_PWM

GET_VOLTAGE/STC_PWM             ----- -----  ----- -----  ----- -----
  +--> ?PR?FILTER?STC_PWM

FILTER/STC_PWM                  ----- -----  ----- -----  01BBH 01BCH
  +--> ?PR?_GETADCRESULT?AD

_GETADCRESULT/AD                ----- -----  ----- -----  ----- -----

_STC_PWM_SETVOLAGE/STC_PWM      ----- -----  ----- -----  020EH 0211H

UARTCMDPROCESS/MAIN             ----- -----  ----- -----  01B8H 020DH
  +--> ?PR?_UARTGETBUF?MAIN
  +--> ?CO?MAIN
  +--> ?PR?PRINTF?PRINTF
  +--> ?PR?_SENDSTRING?MAIN
  +--> ?PR?_STC_PWM_SETVOLAGE?STC_PWM

_UARTGETBUF/MAIN                ----- -----  ----- -----  020EH 0211H
  +--> ?PR?_DELAYMS?MAIN

_DELAYMS/MAIN                   ----- -----  ----- -----  ----- -----

?CO?MAIN                        ----- -----  ----- -----  ----- -----

PRINTF/PRINTF                   20H.0 21H.0  0010H 0014H  020EH 023DH
  +--> ?PR?PUTCHAR?PUTCHAR

PUTCHAR/PUTCHAR                 ----- -----  ----- -----  ----- -----

_SENDSTRING/MAIN                ----- -----  ----- -----  020EH 0210H
  +--> ?PR?_SENDDATA?MAIN

_SENDDATA/MAIN                  ----- -----  ----- -----  ----- -----

?C_INITSEG                      ----- -----  ----- -----  ----- -----

*** NEW ROOT ******************

TIMER0/MAIN                     ----- -----  ----- -----  ----- -----
  +--> ?PR?CURRENTPROTECTTASK?MAIN
  +--> ?PR?STC_PWM_TIMER?STC_PWM

CURRENTPROTECTTASK/MAIN         ----- -----  ----- -----  ----- -----
  +--> ?PR?_GETADCRESULT?AD

STC_PWM_TIMER/STC_PWM           ----- -----  ----- -----  ----- -----
  +--> ?PR?_STC_PWM_TASK?STC_PWM

_STC_PWM_TASK/STC_PWM           ----- -----  ----- -----  023EH 0244H
  +--> ?PR?_GETSINTAB?STC_PWM

_GETSINTAB/STC_PWM              ----- -----  ----- -----  0245H 0258H
  +--> ?PR?SIN?SIN

SIN/SIN                         21H.1 21H.1  ----- -----  0259H 025CH

*** NEW ROOT ******************

UART3/MAIN                      ----- -----  ----- -----  ----- -----
LX51 LINKER/LOCATER V4.41                                                             05/04/2019  17:53:25  PAGE 5



*** NEW ROOT ******************

PWM_ISR/STC_PWM                 ----- -----  ----- -----  025DH 025EH
  +--> ?PR?_SENDDATA?MAIN

*** NEW ROOT ******************

PWMERROR_ISR/STC_PWM            ----- -----  ----- -----  ----- -----



PUBLIC SYMBOLS OF MODULE:  .\Objects\main (?C_STARTUP)


      VALUE       CLASS    TYPE      PUBLIC SYMBOL NAME
      =================================================
      0200020EH   XDATA    ---       ?_PRINTF?BYTE
      0200020EH   XDATA    ---       ?_SPRINTF?BYTE
      0200023EH   XDATA    BYTE      ?_STC_PWM_Task?BYTE
      0100039AH   CODE     ---       ?C?CASTF
      01000810H   CODE     ---       ?C?CCASE
      01000633H   CODE     ---       ?C?CLDOPTR
      0100061AH   CODE     ---       ?C?CLDPTR
      00000000H   NUMBER   ---       ?C?CODESEG
      01000672H   CODE     ---       ?C?CSTOPTR
      01000660H   CODE     ---       ?C?CSTPTR
      01000366H   CODE     ---       ?C?FCASTC
      01000361H   CODE     ---       ?C?FCASTI
      0100035CH   CODE     ---       ?C?FCASTL
      0100055DH   CODE     ---       ?C?FP2SERIES
      010000C5H   CODE     ---       ?C?FPADD
      01000458H   CODE     ---       ?C?FPCONVERT
      010002BFH   CODE     ---       ?C?FPDIV
      010003D1H   CODE     ---       ?C?FPGETOPN2
      010001B6H   CODE     ---       ?C?FPMUL
      01000406H   CODE     ---       ?C?FPNANRESULT
      01000410H   CODE     ---       ?C?FPOVERFLOW
      010003E8H   CODE     ---       ?C?FPRESULT
      010003FCH   CODE     ---       ?C?FPRESULT2
      0100041BH   CODE     ---       ?C?FPROUND
      0100056CH   CODE     ---       ?C?FPSERIES
      010000C1H   CODE     ---       ?C?FPSUB
      0100040DH   CODE     ---       ?C?FPUNDERFLOW
      010005DAH   CODE     ---       ?C?FTNPWR
      01000772H   CODE     ---       ?C?IILDPTR
      01000836H   CODE     ---       ?C?IILDX
      01000731H   CODE     ---       ?C?ILDIX
      01000747H   CODE     ---       ?C?ILDPTR
      01000694H   CODE     ---       ?C?IMUL
      010007B8H   CODE     ---       ?C?LLDCODE
      010007D4H   CODE     ---       ?C?LLDCODE0
      010007C8H   CODE     ---       ?C?LLDXDATA0
      010007AAH   CODE     ---       ?C?LNEG
      010007E4H   CODE     ---       ?C?LSTXDATA
      010007F0H   CODE     ---       ?C?PLDIXDATA
      01000807H   CODE     ---       ?C?PSTXDATA
      010006FBH   CODE     ---       ?C?SIDIV
      0100176DH   CODE     ---       ?C?SLDIV
      010006A6H   CODE     ---       ?C?UIDIV
      01000888H   CODE     ---       ?C?ULDIV
      00000000H   NUMBER   ---       ?C?XDATASEG
      01001660H   CODE     ---       ?C_START
      01000000H   CODE     ---       ?C_STARTUP
      01001235H   CODE     ---       _COS
LX51 LINKER/LOCATER V4.41                                                             05/04/2019  17:53:25  PAGE 6


      0100196CH   CODE     ---       _Delay
      01001932H   CODE     ---       _delayms
      010018ECH   CODE     ---       _GetADCResult
      01000D9DH   CODE     ---       _GetSinTab
      01000985H   CODE     ---       _PRINTF
      010018C5H   CODE     ---       _PUTCHAR
      01000003H   CODE     ---       _SendData
      010017F8H   CODE     ---       _SendString
      0100124BH   CODE     ---       _SIN
      0100097FH   CODE     ---       _SPRINTF
      01001375H   CODE     ---       _STC_PWM_Init
      0100000EH   CODE     ---       _STC_PWM_SetVolage
      0100182BH   CODE     ---       _STC_PWM_Task
      01001287H   CODE     ---       _TAN
      01001716H   CODE     ---       _UartGetBuf
*SFR* 000000D0H.6 DATA     BIT       AC
*SFR* 000000E0H   DATA     BYTE      ACC
*SFR* 000000BCH   DATA     BYTE      ADC_CONTR
*SFR* 000000BDH   DATA     BYTE      ADC_RES
*SFR* 000000BEH   DATA     BYTE      ADC_RESL
*SFR* 0000008EH   DATA     BYTE      AUXR
*SFR* 000000A2H   DATA     BYTE      AUXR1
*SFR* 000000F0H   DATA     BYTE      B
*SFR* 000000A1H   DATA     BYTE      BUS_SPEED
*SFR* 000000FAH   DATA     BYTE      CCAP0H
*SFR* 000000EAH   DATA     BYTE      CCAP0L
*SFR* 000000FBH   DATA     BYTE      CCAP1H
*SFR* 000000EBH   DATA     BYTE      CCAP1L
*SFR* 000000FCH   DATA     BYTE      CCAP2H
*SFR* 000000ECH   DATA     BYTE      CCAP2L
*SFR* 000000DAH   DATA     BYTE      CCAPM0
*SFR* 000000DBH   DATA     BYTE      CCAPM1
*SFR* 000000DCH   DATA     BYTE      CCAPM2
*SFR* 000000D8H   DATA     BIT       CCF0
*SFR* 000000D8H.1 DATA     BIT       CCF1
*SFR* 000000D8H.2 DATA     BIT       CCF2
*SFR* 000000D8H   DATA     BYTE      CCON
*SFR* 000000D8H.7 DATA     BIT       CF
*SFR* 000000F9H   DATA     BYTE      CH
*SFR* 000000E9H   DATA     BYTE      CL
*SFR* 00000097H   DATA     BYTE      CLK_DIV
*SFR* 000000D9H   DATA     BYTE      CMOD
*SFR* 000000E6H   DATA     BYTE      CMPCR1
*SFR* 000000E7H   DATA     BYTE      CMPCR2
*SFR* 000000D8H.6 DATA     BIT       CR
      0100008EH   CODE     ---       CurrentProtectTask
*SFR* 000000D0H.7 DATA     BIT       CY
*SFR* 00000083H   DATA     BYTE      DPH
*SFR* 00000082H   DATA     BYTE      DPL
*SFR* 00000080H.4 DATA     BIT       Drive_SD
*SFR* 000000A8H.7 DATA     BIT       EA
*SFR* 000000A8H.5 DATA     BIT       EADC
*SFR* 000000A8H.6 DATA     BIT       ELVD
*SFR* 000000A8H.4 DATA     BIT       ES
*SFR* 000000A8H.1 DATA     BIT       ET0
*SFR* 000000A8H.3 DATA     BIT       ET1
*SFR* 000000A8H   DATA     BIT       EX0
*SFR* 000000A8H.2 DATA     BIT       EX1
*SFR* 000000D0H.5 DATA     BIT       F0
      010016A5H   CODE     ---       Filter
      02000006H   XDATA    ---       filter_buf
      010019CCH   CODE     ---       Get_voltage
*SFR* 000000C3H   DATA     BYTE      IAP_ADDRH
*SFR* 000000C4H   DATA     BYTE      IAP_ADDRL
*SFR* 000000C5H   DATA     BYTE      IAP_CMD
LX51 LINKER/LOCATER V4.41                                                             05/04/2019  17:53:25  PAGE 7


*SFR* 000000C7H   DATA     BYTE      IAP_CONTR
*SFR* 000000C2H   DATA     BYTE      IAP_DATA
*SFR* 000000C6H   DATA     BYTE      IAP_TRIG
*SFR* 000000A8H   DATA     BYTE      IE
*SFR* 00000088H.1 DATA     BIT       IE0
*SFR* 00000088H.3 DATA     BIT       IE1
*SFR* 000000AFH   DATA     BYTE      IE2
      010019F4H   CODE     ---       InitADC
*SFR* 000000B0H.2 DATA     BIT       INT0
*SFR* 000000B0H.3 DATA     BIT       INT1
*SFR* 0000008FH   DATA     BYTE      INT_CLKO
      01001950H   CODE     ---       IO_init
*SFR* 000000B8H   DATA     BYTE      IP
*SFR* 000000B5H   DATA     BYTE      IP2
*SFR* 00000088H   DATA     BIT       IT0
*SFR* 00000088H.2 DATA     BIT       IT1
      0100189BH   CODE     ---       main
*SFR* 000000D0H.2 DATA     BIT       OV
*SFR* 000000D0H   DATA     BIT       P
*SFR* 00000080H   DATA     BYTE      P0
*SFR* 00000080H   DATA     BIT       P00
*SFR* 00000080H.1 DATA     BIT       P01
*SFR* 00000080H.2 DATA     BIT       P02
*SFR* 00000080H.3 DATA     BIT       P03
*SFR* 00000080H.4 DATA     BIT       P04
*SFR* 00000080H.5 DATA     BIT       P05
*SFR* 00000080H.6 DATA     BIT       P06
*SFR* 00000080H.7 DATA     BIT       P07
*SFR* 00000094H   DATA     BYTE      P0M0
*SFR* 00000093H   DATA     BYTE      P0M1
*SFR* 00000090H   DATA     BYTE      P1
*SFR* 00000090H   DATA     BIT       P10
*SFR* 00000090H.1 DATA     BIT       P11
*SFR* 00000090H.2 DATA     BIT       P12
*SFR* 00000090H.3 DATA     BIT       P13
*SFR* 00000090H.4 DATA     BIT       P14
*SFR* 00000090H.5 DATA     BIT       P15
*SFR* 00000090H.6 DATA     BIT       P16
*SFR* 00000090H.7 DATA     BIT       P17
*SFR* 0000009DH   DATA     BYTE      P1ASF
*SFR* 00000092H   DATA     BYTE      P1M0
*SFR* 00000091H   DATA     BYTE      P1M1
*SFR* 000000A0H   DATA     BYTE      P2
*SFR* 000000A0H   DATA     BIT       P20
*SFR* 000000A0H.1 DATA     BIT       P21
*SFR* 000000A0H.2 DATA     BIT       P22
*SFR* 000000A0H.3 DATA     BIT       P23
*SFR* 000000A0H.4 DATA     BIT       P24
*SFR* 000000A0H.5 DATA     BIT       P25
*SFR* 000000A0H.6 DATA     BIT       P26
*SFR* 000000A0H.7 DATA     BIT       P27
*SFR* 00000096H   DATA     BYTE      P2M0
*SFR* 00000095H   DATA     BYTE      P2M1
*SFR* 000000B0H   DATA     BYTE      P3
*SFR* 000000B0H   DATA     BIT       P30
*SFR* 000000B0H.1 DATA     BIT       P31
*SFR* 000000B0H.2 DATA     BIT       P32
*SFR* 000000B0H.3 DATA     BIT       P33
*SFR* 000000B0H.4 DATA     BIT       P34
*SFR* 000000B0H.5 DATA     BIT       P35
*SFR* 000000B0H.6 DATA     BIT       P36
*SFR* 000000B0H.7 DATA     BIT       P37
*SFR* 000000B2H   DATA     BYTE      P3M0
*SFR* 000000B1H   DATA     BYTE      P3M1
*SFR* 000000C0H   DATA     BYTE      P4
LX51 LINKER/LOCATER V4.41                                                             05/04/2019  17:53:25  PAGE 8


*SFR* 000000C0H   DATA     BIT       P40
*SFR* 000000C0H.1 DATA     BIT       P41
*SFR* 000000C0H.2 DATA     BIT       P42
*SFR* 000000C0H.3 DATA     BIT       P43
*SFR* 000000C0H.4 DATA     BIT       P44
*SFR* 000000C0H.5 DATA     BIT       P45
*SFR* 000000C0H.6 DATA     BIT       P46
*SFR* 000000C0H.7 DATA     BIT       P47
*SFR* 000000B4H   DATA     BYTE      P4M0
*SFR* 000000B3H   DATA     BYTE      P4M1
*SFR* 000000C8H   DATA     BYTE      P5
*SFR* 000000C8H   DATA     BIT       P50
*SFR* 000000C8H.1 DATA     BIT       P51
*SFR* 000000C8H.2 DATA     BIT       P52
*SFR* 000000C8H.3 DATA     BIT       P53
*SFR* 000000C8H.4 DATA     BIT       P54
*SFR* 000000C8H.5 DATA     BIT       P55
*SFR* 000000C8H.6 DATA     BIT       P56
*SFR* 000000C8H.7 DATA     BIT       P57
*SFR* 000000CAH   DATA     BYTE      P5M0
*SFR* 000000C9H   DATA     BYTE      P5M1
*SFR* 000000E8H   DATA     BYTE      P6
*SFR* 000000E8H   DATA     BIT       P60
*SFR* 000000E8H.1 DATA     BIT       P61
*SFR* 000000E8H.2 DATA     BIT       P62
*SFR* 000000E8H.3 DATA     BIT       P63
*SFR* 000000E8H.4 DATA     BIT       P64
*SFR* 000000E8H.5 DATA     BIT       P65
*SFR* 000000E8H.6 DATA     BIT       P66
*SFR* 000000E8H.7 DATA     BIT       P67
*SFR* 000000CCH   DATA     BYTE      P6M0
*SFR* 000000CBH   DATA     BYTE      P6M1
*SFR* 000000F8H   DATA     BYTE      P7
*SFR* 000000F8H   DATA     BIT       P70
*SFR* 000000F8H.1 DATA     BIT       P71
*SFR* 000000F8H.2 DATA     BIT       P72
*SFR* 000000F8H.3 DATA     BIT       P73
*SFR* 000000F8H.4 DATA     BIT       P74
*SFR* 000000F8H.5 DATA     BIT       P75
*SFR* 000000F8H.6 DATA     BIT       P76
*SFR* 000000F8H.7 DATA     BIT       P77
*SFR* 000000E2H   DATA     BYTE      P7M0
*SFR* 000000E1H   DATA     BYTE      P7M1
*SFR* 000000A2H   DATA     BYTE      P_SW1
*SFR* 000000BAH   DATA     BYTE      P_SW2
*SFR* 000000B8H.5 DATA     BIT       PADC
*SFR* 000000F2H   DATA     BYTE      PCA_PWM0
*SFR* 000000F3H   DATA     BYTE      PCA_PWM1
*SFR* 000000F4H   DATA     BYTE      PCA_PWM2
*SFR* 00000087H   DATA     BYTE      PCON
*SFR* 000000BAH   DATA     BYTE      PIN_SW2
*SFR* 000000B8H.6 DATA     BIT       PLVD
*SFR* 000000B8H.7 DATA     BIT       PPCA
*SFR* 000000B8H.4 DATA     BIT       PS
*SFR* 000000D0H   DATA     BYTE      PSW
*SFR* 000000B8H.1 DATA     BIT       PT0
*SFR* 000000B8H.3 DATA     BIT       PT1
      0200025FH   XDATA    WORD      ptotectTimer
      0100156CH   CODE     ---       pwm_isr
*SFR* 000000F1H   DATA     BYTE      PWMCFG
*SFR* 000000F5H   DATA     BYTE      PWMCR
      01000085H   CODE     ---       pwmError_isr
*SFR* 000000F7H   DATA     BYTE      PWMFDCR
*SFR* 000000F6H   DATA     BYTE      PWMIF
*SFR* 000000B8H   DATA     BIT       PX0
LX51 LINKER/LOCATER V4.41                                                             05/04/2019  17:53:25  PAGE 9


*SFR* 000000B8H.2 DATA     BIT       PX1
*SFR* 00000098H.2 DATA     BIT       RB8
*SFR* 00000098H.4 DATA     BIT       REN
*SFR* 00000098H   DATA     BIT       RI
*SFR* 000000D0H.3 DATA     BIT       RS0
*SFR* 000000D0H.4 DATA     BIT       RS1
*SFR* 0000009BH   DATA     BYTE      S2BUF
*SFR* 0000009AH   DATA     BYTE      S2CON
*SFR* 000000ADH   DATA     BYTE      S3BUF
*SFR* 000000ACH   DATA     BYTE      S3CON
*SFR* 00000085H   DATA     BYTE      S4BUF
*SFR* 00000084H   DATA     BYTE      S4CON
*SFR* 000000A9H   DATA     BYTE      SADDR
*SFR* 000000B9H   DATA     BYTE      SADEN
*SFR* 00000099H   DATA     BYTE      SBUF
*SFR* 00000098H   DATA     BYTE      SCON
*SFR* 00000098H.7 DATA     BIT       SM0
*SFR* 00000098H.6 DATA     BIT       SM1
*SFR* 00000098H.5 DATA     BIT       SM2
*SFR* 00000081H   DATA     BYTE      SP
*SFR* 000000B0H.4 DATA     BIT       SP485_ON
*SFR* 000000CEH   DATA     BYTE      SPCTL
*SFR* 000000CFH   DATA     BYTE      SPDAT
*SFR* 000000CDH   DATA     BYTE      SPSTAT
      010017B1H   CODE     ---       STC_PWM_Timer
*SFR* 000000D6H   DATA     BYTE      T2H
*SFR* 000000D7H   DATA     BYTE      T2L
*SFR* 000000D4H   DATA     BYTE      T3H
*SFR* 000000D5H   DATA     BYTE      T3L
*SFR* 000000D1H   DATA     BYTE      T3T4M
*SFR* 000000D2H   DATA     BYTE      T4H
*SFR* 000000D3H   DATA     BYTE      T4L
*SFR* 000000D1H   DATA     BYTE      T4T3M
      02000024H   XDATA    ---       T_SinTable
*SFR* 00000098H.3 DATA     BIT       TB8
*SFR* 00000088H   DATA     BYTE      TCON
*SFR* 00000088H.5 DATA     BIT       TF0
*SFR* 00000088H.7 DATA     BIT       TF1
*SFR* 0000008CH   DATA     BYTE      TH0
*SFR* 0000008DH   DATA     BYTE      TH1
*SFR* 00000098H.1 DATA     BIT       TI
      01001912H   CODE     ---       Timer0
      010019E1H   CODE     ---       Timer0Init
*SFR* 0000008AH   DATA     BYTE      TL0
*SFR* 0000008BH   DATA     BYTE      TL1
*SFR* 00000089H   DATA     BYTE      TMOD
*SFR* 00000088H.4 DATA     BIT       TR0
*SFR* 00000088H.6 DATA     BIT       TR1
      0100199FH   CODE     ---       Uart1Init
      01001864H   CODE     ---       Uart3
      02000262H   XDATA    ---       Uart3_Rec
      01001987H   CODE     ---       Uart3Init
      010014A2H   CODE     ---       UartCmdProcess
      02000261H   XDATA    BYTE      uartRcvLen
      02000282H   XDATA    BYTE      uartReadLen
      02000022H   XDATA    BYTE      Value_50
      02000023H   XDATA    BYTE      Value_60
*SFR* 000000C1H   DATA     BYTE      WDT_CONTR
*SFR* 000000ABH   DATA     BYTE      WKTCH
*SFR* 000000AAH   DATA     BYTE      WKTCL



SYMBOL TABLE OF MODULE:  .\Objects\main (?C_STARTUP)

LX51 LINKER/LOCATER V4.41                                                             05/04/2019  17:53:25  PAGE 10


      VALUE       REP       CLASS    TYPE      SYMBOL NAME
      ====================================================
      ---         MODULE    ---      ---       ?C_STARTUP
      01000000H   PUBLIC    CODE     ---       ?C_STARTUP
      000000E0H   SYMBOL    DATA     ---       ACC
      000000F0H   SYMBOL    DATA     ---       B
      00000083H   SYMBOL    DATA     ---       DPH
      00000082H   SYMBOL    DATA     ---       DPL
      00000000H   SYMBOL    NUMBER   ---       IBPSTACK
      00000100H   SYMBOL    NUMBER   ---       IBPSTACKTOP
      00000080H   SYMBOL    NUMBER   ---       IDATALEN
      0100161CH   SYMBOL    CODE     ---       IDATALOOP
      00000000H   SYMBOL    NUMBER   ---       PBPSTACK
      00000100H   SYMBOL    NUMBER   ---       PBPSTACKTOP
      00000000H   SYMBOL    NUMBER   ---       PDATALEN
      00000000H   SYMBOL    NUMBER   ---       PDATASTART
      00000000H   SYMBOL    NUMBER   ---       PPAGE
      00000000H   SYMBOL    NUMBER   ---       PPAGEENABLE
      000000A0H   SYMBOL    DATA     ---       PPAGE_SFR
      00000081H   SYMBOL    DATA     ---       SP
      01001619H   SYMBOL    CODE     ---       STARTUP1
      00000000H   SYMBOL    NUMBER   ---       XBPSTACK
      00000000H   SYMBOL    NUMBER   ---       XBPSTACKTOP
      00000000H   SYMBOL    NUMBER   ---       XDATALEN
      00000000H   SYMBOL    NUMBER   ---       XDATASTART
      01000000H   LINE      CODE     ---       #126
      01001619H   LINE      CODE     ---       #133
      0100161BH   LINE      CODE     ---       #134
      0100161CH   LINE      CODE     ---       #135
      0100161DH   LINE      CODE     ---       #136
      0100161FH   LINE      CODE     ---       #185
      01001622H   LINE      CODE     ---       #196

      ---         MODULE    ---      ---       MAIN
      02000282H   PUBLIC    XDATA    BYTE      uartReadLen
      02000262H   PUBLIC    XDATA    ---       Uart3_Rec
      02000261H   PUBLIC    XDATA    BYTE      uartRcvLen
      0200025FH   PUBLIC    XDATA    WORD      ptotectTimer
      01001864H   PUBLIC    CODE     ---       Uart3
      01001912H   PUBLIC    CODE     ---       Timer0
      0100189BH   PUBLIC    CODE     ---       main
      010014A2H   PUBLIC    CODE     ---       UartCmdProcess
      01001716H   PUBLIC    CODE     ---       _UartGetBuf
      0100008EH   PUBLIC    CODE     ---       CurrentProtectTask
      01001950H   PUBLIC    CODE     ---       IO_init
      010017F8H   PUBLIC    CODE     ---       _SendString
      01000003H   PUBLIC    CODE     ---       _SendData
      010019E1H   PUBLIC    CODE     ---       Timer0Init
      01001987H   PUBLIC    CODE     ---       Uart3Init
      0100199FH   PUBLIC    CODE     ---       Uart1Init
      01001932H   PUBLIC    CODE     ---       _delayms
      000000D8H.2 SFRSYM    DATA     BIT       CCF2
      00000092H   SFRSYM    DATA     BYTE      P1M0
      00000093H   SFRSYM    DATA     BYTE      P0M1
      00000096H   SFRSYM    DATA     BYTE      P2M0
      00000091H   SFRSYM    DATA     BYTE      P1M1
      00000080H   SFRSYM    DATA     BYTE      P0
      000000B2H   SFRSYM    DATA     BYTE      P3M0
      00000095H   SFRSYM    DATA     BYTE      P2M1
      00000090H   SFRSYM    DATA     BYTE      P1
      000000B4H   SFRSYM    DATA     BYTE      P4M0
      000000B1H   SFRSYM    DATA     BYTE      P3M1
      000000A0H   SFRSYM    DATA     BYTE      P2
      000000ABH   SFRSYM    DATA     BYTE      WKTCH
      000000CAH   SFRSYM    DATA     BYTE      P5M0
LX51 LINKER/LOCATER V4.41                                                             05/04/2019  17:53:25  PAGE 11


      000000B3H   SFRSYM    DATA     BYTE      P4M1
      000000B0H   SFRSYM    DATA     BYTE      P3
      000000CCH   SFRSYM    DATA     BYTE      P6M0
      000000C9H   SFRSYM    DATA     BYTE      P5M1
      000000C0H   SFRSYM    DATA     BYTE      P4
      000000D0H.6 SFRSYM    DATA     BIT       AC
      000000F6H   SFRSYM    DATA     BYTE      PWMIF
      000000E2H   SFRSYM    DATA     BYTE      P7M0
      000000CBH   SFRSYM    DATA     BYTE      P6M1
      000000C8H   SFRSYM    DATA     BYTE      P5
      000000A8H.7 SFRSYM    DATA     BIT       EA
      000000E1H   SFRSYM    DATA     BYTE      P7M1
      000000E8H   SFRSYM    DATA     BYTE      P6
      000000AAH   SFRSYM    DATA     BYTE      WKTCL
      000000F8H   SFRSYM    DATA     BYTE      P7
      000000CEH   SFRSYM    DATA     BYTE      SPCTL
      000000D8H.7 SFRSYM    DATA     BIT       CF
      000000F5H   SFRSYM    DATA     BYTE      PWMCR
      000000F9H   SFRSYM    DATA     BYTE      CH
      000000A2H   SFRSYM    DATA     BYTE      P_SW1
      000000BAH   SFRSYM    DATA     BYTE      P_SW2
      000000A8H.5 SFRSYM    DATA     BIT       EADC
      000000A8H   SFRSYM    DATA     BYTE      IE
      000000E9H   SFRSYM    DATA     BYTE      CL
      000000C5H   SFRSYM    DATA     BYTE      IAP_CMD
      000000FAH   SFRSYM    DATA     BYTE      CCAP0H
      000000FBH   SFRSYM    DATA     BYTE      CCAP1H
      000000FCH   SFRSYM    DATA     BYTE      CCAP2H
      000000BDH   SFRSYM    DATA     BYTE      ADC_RES
      000000EAH   SFRSYM    DATA     BYTE      CCAP0L
      000000D8H.6 SFRSYM    DATA     BIT       CR
      000000F7H   SFRSYM    DATA     BYTE      PWMFDCR
      000000EBH   SFRSYM    DATA     BYTE      CCAP1L
      000000DAH   SFRSYM    DATA     BYTE      CCAPM0
      000000ECH   SFRSYM    DATA     BYTE      CCAP2L
      000000DBH   SFRSYM    DATA     BYTE      CCAPM1
      000000DCH   SFRSYM    DATA     BYTE      CCAPM2
      000000A8H.4 SFRSYM    DATA     BIT       ES
      000000B8H.5 SFRSYM    DATA     BIT       PADC
      000000B8H   SFRSYM    DATA     BYTE      IP
      00000098H   SFRSYM    DATA     BIT       RI
      000000B0H.2 SFRSYM    DATA     BIT       INT0
      000000D0H.7 SFRSYM    DATA     BIT       CY
      00000098H.1 SFRSYM    DATA     BIT       TI
      000000B0H.3 SFRSYM    DATA     BIT       INT1
      00000097H   SFRSYM    DATA     BYTE      CLK_DIV
      000000C3H   SFRSYM    DATA     BYTE      IAP_ADDRH
      000000B8H.4 SFRSYM    DATA     BIT       PS
      00000081H   SFRSYM    DATA     BYTE      SP
      000000D9H   SFRSYM    DATA     BYTE      CMOD
      000000D8H   SFRSYM    DATA     BYTE      CCON
      000000C4H   SFRSYM    DATA     BYTE      IAP_ADDRL
      000000B8H.7 SFRSYM    DATA     BIT       PPCA
      000000D0H.2 SFRSYM    DATA     BIT       OV
      000000E6H   SFRSYM    DATA     BYTE      CMPCR1
      000000E7H   SFRSYM    DATA     BYTE      CMPCR2
      000000A8H.6 SFRSYM    DATA     BIT       ELVD
      00000080H   SFRSYM    DATA     BIT       P00
      000000BCH   SFRSYM    DATA     BYTE      ADC_CONTR
      00000099H   SFRSYM    DATA     BYTE      SBUF
      00000087H   SFRSYM    DATA     BYTE      PCON
      00000090H   SFRSYM    DATA     BIT       P10
      00000080H.1 SFRSYM    DATA     BIT       P01
      000000A0H   SFRSYM    DATA     BIT       P20
      00000090H.1 SFRSYM    DATA     BIT       P11
LX51 LINKER/LOCATER V4.41                                                             05/04/2019  17:53:25  PAGE 12


      00000080H.2 SFRSYM    DATA     BIT       P02
      000000B0H   SFRSYM    DATA     BIT       P30
      000000A0H.1 SFRSYM    DATA     BIT       P21
      00000090H.2 SFRSYM    DATA     BIT       P12
      00000080H.3 SFRSYM    DATA     BIT       P03
      00000098H   SFRSYM    DATA     BYTE      SCON
      000000C0H   SFRSYM    DATA     BIT       P40
      000000B0H.1 SFRSYM    DATA     BIT       P31
      000000A0H.2 SFRSYM    DATA     BIT       P22
      00000090H.3 SFRSYM    DATA     BIT       P13
      00000080H.4 SFRSYM    DATA     BIT       P04
      00000089H   SFRSYM    DATA     BYTE      TMOD
      00000088H   SFRSYM    DATA     BYTE      TCON
      000000C8H   SFRSYM    DATA     BIT       P50
      000000C0H.1 SFRSYM    DATA     BIT       P41
      000000B0H.2 SFRSYM    DATA     BIT       P32
      000000A0H.3 SFRSYM    DATA     BIT       P23
      00000090H.4 SFRSYM    DATA     BIT       P14
      00000080H.5 SFRSYM    DATA     BIT       P05
      000000E8H   SFRSYM    DATA     BIT       P60
      000000C8H.1 SFRSYM    DATA     BIT       P51
      000000C0H.2 SFRSYM    DATA     BIT       P42
      000000B0H.3 SFRSYM    DATA     BIT       P33
      000000A0H.4 SFRSYM    DATA     BIT       P24
      00000090H.5 SFRSYM    DATA     BIT       P15
      00000080H.6 SFRSYM    DATA     BIT       P06
      000000B8H.6 SFRSYM    DATA     BIT       PLVD
      000000F8H   SFRSYM    DATA     BIT       P70
      000000E8H.1 SFRSYM    DATA     BIT       P61
      000000C8H.2 SFRSYM    DATA     BIT       P52
      000000C0H.3 SFRSYM    DATA     BIT       P43
      000000B0H.4 SFRSYM    DATA     BIT       P34
      000000A0H.5 SFRSYM    DATA     BIT       P25
      00000090H.6 SFRSYM    DATA     BIT       P16
      00000080H.7 SFRSYM    DATA     BIT       P07
      000000F8H.1 SFRSYM    DATA     BIT       P71
      000000E8H.2 SFRSYM    DATA     BIT       P62
      000000C8H.3 SFRSYM    DATA     BIT       P53
      000000C0H.4 SFRSYM    DATA     BIT       P44
      000000B0H.5 SFRSYM    DATA     BIT       P35
      000000A0H.6 SFRSYM    DATA     BIT       P26
      00000090H.7 SFRSYM    DATA     BIT       P17
      000000F8H.2 SFRSYM    DATA     BIT       P72
      000000E8H.3 SFRSYM    DATA     BIT       P63
      000000C8H.4 SFRSYM    DATA     BIT       P54
      000000C0H.5 SFRSYM    DATA     BIT       P45
      000000B0H.6 SFRSYM    DATA     BIT       P36
      000000A0H.7 SFRSYM    DATA     BIT       P27
      000000F8H.3 SFRSYM    DATA     BIT       P73
      000000E8H.4 SFRSYM    DATA     BIT       P64
      000000C8H.5 SFRSYM    DATA     BIT       P55
      000000C0H.6 SFRSYM    DATA     BIT       P46
      000000B0H.7 SFRSYM    DATA     BIT       P37
      000000F8H.4 SFRSYM    DATA     BIT       P74
      000000E8H.5 SFRSYM    DATA     BIT       P65
      000000C8H.6 SFRSYM    DATA     BIT       P56
      000000C0H.7 SFRSYM    DATA     BIT       P47
      000000F8H.5 SFRSYM    DATA     BIT       P75
      000000E8H.6 SFRSYM    DATA     BIT       P66
      000000C8H.7 SFRSYM    DATA     BIT       P57
      000000F8H.6 SFRSYM    DATA     BIT       P76
      000000E8H.7 SFRSYM    DATA     BIT       P67
      00000088H.1 SFRSYM    DATA     BIT       IE0
      000000A1H   SFRSYM    DATA     BYTE      BUS_SPEED
      000000F8H.7 SFRSYM    DATA     BIT       P77
LX51 LINKER/LOCATER V4.41                                                             05/04/2019  17:53:25  PAGE 13


      00000088H.3 SFRSYM    DATA     BIT       IE1
      000000AFH   SFRSYM    DATA     BYTE      IE2
      0000008EH   SFRSYM    DATA     BYTE      AUXR
      000000F0H   SFRSYM    DATA     BYTE      B
      000000B0H.4 SFRSYM    DATA     BIT       SP485_ON
      000000C7H   SFRSYM    DATA     BYTE      IAP_CONTR
      000000F1H   SFRSYM    DATA     BYTE      PWMCFG
      000000E0H   SFRSYM    DATA     BYTE      ACC
      000000A8H.1 SFRSYM    DATA     BIT       ET0
      00000088H.5 SFRSYM    DATA     BIT       TF0
      000000A8H.3 SFRSYM    DATA     BIT       ET1
      00000088H.7 SFRSYM    DATA     BIT       TF1
      000000B5H   SFRSYM    DATA     BYTE      IP2
      00000098H.2 SFRSYM    DATA     BIT       RB8
      0000008CH   SFRSYM    DATA     BYTE      TH0
      0000008DH   SFRSYM    DATA     BYTE      TH1
      00000088H   SFRSYM    DATA     BIT       IT0
      000000A8H   SFRSYM    DATA     BIT       EX0
      00000098H.3 SFRSYM    DATA     BIT       TB8
      000000D6H   SFRSYM    DATA     BYTE      T2H
      00000088H.2 SFRSYM    DATA     BIT       IT1
      000000A8H.2 SFRSYM    DATA     BIT       EX1
      000000D4H   SFRSYM    DATA     BYTE      T3H
      000000D0H   SFRSYM    DATA     BIT       P
      00000098H.7 SFRSYM    DATA     BIT       SM0
      000000D2H   SFRSYM    DATA     BYTE      T4H
      0000008AH   SFRSYM    DATA     BYTE      TL0
      00000098H.6 SFRSYM    DATA     BIT       SM1
      0000008BH   SFRSYM    DATA     BYTE      TL1
      00000098H.5 SFRSYM    DATA     BIT       SM2
      000000D7H   SFRSYM    DATA     BYTE      T2L
      000000D5H   SFRSYM    DATA     BYTE      T3L
      000000D3H   SFRSYM    DATA     BYTE      T4L
      000000B8H.1 SFRSYM    DATA     BIT       PT0
      000000B8H.3 SFRSYM    DATA     BIT       PT1
      000000D0H.3 SFRSYM    DATA     BIT       RS0
      000000C2H   SFRSYM    DATA     BYTE      IAP_DATA
      00000088H.4 SFRSYM    DATA     BIT       TR0
      000000D0H.4 SFRSYM    DATA     BIT       RS1
      00000088H.6 SFRSYM    DATA     BIT       TR1
      000000C1H   SFRSYM    DATA     BYTE      WDT_CONTR
      000000B8H   SFRSYM    DATA     BIT       PX0
      000000B8H.2 SFRSYM    DATA     BIT       PX1
      000000F2H   SFRSYM    DATA     BYTE      PCA_PWM0
      000000F3H   SFRSYM    DATA     BYTE      PCA_PWM1
      000000F4H   SFRSYM    DATA     BYTE      PCA_PWM2
      0000009DH   SFRSYM    DATA     BYTE      P1ASF
      00000083H   SFRSYM    DATA     BYTE      DPH
      000000D1H   SFRSYM    DATA     BYTE      T3T4M
      000000D1H   SFRSYM    DATA     BYTE      T4T3M
      000000BEH   SFRSYM    DATA     BYTE      ADC_RESL
      00000082H   SFRSYM    DATA     BYTE      DPL
      000000CDH   SFRSYM    DATA     BYTE      SPSTAT
      0000009BH   SFRSYM    DATA     BYTE      S2BUF
      000000ADH   SFRSYM    DATA     BYTE      S3BUF
      00000085H   SFRSYM    DATA     BYTE      S4BUF
      00000098H.4 SFRSYM    DATA     BIT       REN
      0000009AH   SFRSYM    DATA     BYTE      S2CON
      000000ACH   SFRSYM    DATA     BYTE      S3CON
      00000084H   SFRSYM    DATA     BYTE      S4CON
      000000B9H   SFRSYM    DATA     BYTE      SADEN
      000000A9H   SFRSYM    DATA     BYTE      SADDR
      000000C6H   SFRSYM    DATA     BYTE      IAP_TRIG
      000000A2H   SFRSYM    DATA     BYTE      AUXR1
      00000080H.4 SFRSYM    DATA     BIT       Drive_SD
LX51 LINKER/LOCATER V4.41                                                             05/04/2019  17:53:25  PAGE 14


      000000D0H.5 SFRSYM    DATA     BIT       F0
      0000008FH   SFRSYM    DATA     BYTE      INT_CLKO
      000000D0H   SFRSYM    DATA     BYTE      PSW
      000000D8H   SFRSYM    DATA     BIT       CCF0
      000000D8H.1 SFRSYM    DATA     BIT       CCF1
      000000CFH   SFRSYM    DATA     BYTE      SPDAT
      00000094H   SFRSYM    DATA     BYTE      P0M0

      01001932H   BLOCK     CODE     ---       LVL=0
      00000006H   SYMBOL    DATA     WORD      xms
      01001932H   BLOCK     CODE     NEAR LAB  LVL=1
      00000006H   SYMBOL    DATA     WORD      x
      00000004H   SYMBOL    DATA     WORD      y
      ---         BLOCKEND  ---      ---       LVL=1
      01001932H   LINE      CODE     ---       #37
      01001932H   LINE      CODE     ---       #38
      01001932H   LINE      CODE     ---       #40
      0100193BH   LINE      CODE     ---       #41
      0100194FH   LINE      CODE     ---       #42
      ---         BLOCKEND  ---      ---       LVL=0

      0100199FH   BLOCK     CODE     ---       LVL=0
      0100199FH   LINE      CODE     ---       #43
      0100199FH   LINE      CODE     ---       #44
      0100199FH   LINE      CODE     ---       #45
      010019A2H   LINE      CODE     ---       #46
      010019A5H   LINE      CODE     ---       #47
      010019A8H   LINE      CODE     ---       #48
      010019ABH   LINE      CODE     ---       #49
      010019AEH   LINE      CODE     ---       #50
      010019B1H   LINE      CODE     ---       #51
      010019B3H   LINE      CODE     ---       #52
      010019B5H   LINE      CODE     ---       #53
      ---         BLOCKEND  ---      ---       LVL=0

      01001987H   BLOCK     CODE     ---       LVL=0
      01001987H   LINE      CODE     ---       #55
      01001987H   LINE      CODE     ---       #56
      01001987H   LINE      CODE     ---       #57
      0100198AH   LINE      CODE     ---       #58
      0100198DH   LINE      CODE     ---       #59
      01001990H   LINE      CODE     ---       #60
      01001993H   LINE      CODE     ---       #61
      01001996H   LINE      CODE     ---       #62
      01001999H   LINE      CODE     ---       #63
      0100199CH   LINE      CODE     ---       #64
      0100199EH   LINE      CODE     ---       #65
      ---         BLOCKEND  ---      ---       LVL=0

      010019E1H   BLOCK     CODE     ---       LVL=0
      010019E1H   LINE      CODE     ---       #66
      010019E1H   LINE      CODE     ---       #67
      010019E1H   LINE      CODE     ---       #68
      010019E4H   LINE      CODE     ---       #69
      010019E7H   LINE      CODE     ---       #70
      010019EAH   LINE      CODE     ---       #71
      010019EDH   LINE      CODE     ---       #72
      010019EFH   LINE      CODE     ---       #73
      010019F1H   LINE      CODE     ---       #74
      010019F3H   LINE      CODE     ---       #75
      ---         BLOCKEND  ---      ---       LVL=0

      01000003H   BLOCK     CODE     ---       LVL=0
      00000007H   SYMBOL    DATA     BYTE      dat
      01000003H   LINE      CODE     ---       #78
LX51 LINKER/LOCATER V4.41                                                             05/04/2019  17:53:25  PAGE 15


      01000003H   LINE      CODE     ---       #79
      01000003H   LINE      CODE     ---       #80
      01000005H   LINE      CODE     ---       #81
      01000008H   LINE      CODE     ---       #82
      0100000AH   LINE      CODE     ---       #83
      ---         BLOCKEND  ---      ---       LVL=0

      010017F2H   BLOCK     CODE     VOID      LVL=0
      ---         BLOCKEND  ---      ---       LVL=0

      010017F8H   BLOCK     CODE     ---       LVL=0
      0200020EH   SYMBOL    XDATA    ---       s
      010017F8H   LINE      CODE     ---       #88
      01001803H   LINE      CODE     ---       #89
      01001803H   LINE      CODE     ---       #90
      01001813H   LINE      CODE     ---       #91
      01001813H   LINE      CODE     ---       #92
      01001828H   LINE      CODE     ---       #93
      0100182AH   LINE      CODE     ---       #94
      ---         BLOCKEND  ---      ---       LVL=0

      01001950H   BLOCK     CODE     ---       LVL=0
      01001950H   LINE      CODE     ---       #96
      01001950H   LINE      CODE     ---       #97
      01001950H   LINE      CODE     ---       #98
      01001953H   LINE      CODE     ---       #99
      01001956H   LINE      CODE     ---       #100
      01001959H   LINE      CODE     ---       #101
      0100195CH   LINE      CODE     ---       #102
      0100195FH   LINE      CODE     ---       #103
      01001961H   LINE      CODE     ---       #104
      01001964H   LINE      CODE     ---       #105
      01001967H   LINE      CODE     ---       #107
      01001969H   LINE      CODE     ---       #108
      0100196BH   LINE      CODE     ---       #109
      ---         BLOCKEND  ---      ---       LVL=0

      0100008EH   BLOCK     CODE     ---       LVL=0
      0100008EH   LINE      CODE     ---       #115
      0100008EH   LINE      CODE     ---       #116
      0100008EH   LINE      CODE     ---       #117
      01000098H   LINE      CODE     ---       #118
      01000098H   LINE      CODE     ---       #119
      010000A0H   LINE      CODE     ---       #120
      010000AEH   LINE      CODE     ---       #121
      010000AEH   LINE      CODE     ---       #122
      010000B0H   LINE      CODE     ---       #123
      010000B0H   LINE      CODE     ---       #124
      010000B0H   LINE      CODE     ---       #125
      ---         BLOCKEND  ---      ---       LVL=0

      01001716H   BLOCK     CODE     ---       LVL=0
      0200020EH   SYMBOL    XDATA    ---       p
      01001721H   BLOCK     CODE     NEAR LAB  LVL=1
      02000211H   SYMBOL    XDATA    BYTE      len
      ---         BLOCKEND  ---      ---       LVL=1
      01001716H   LINE      CODE     ---       #128
      01001721H   LINE      CODE     ---       #129
      01001721H   LINE      CODE     ---       #130
      01001724H   LINE      CODE     ---       #131
      01001730H   LINE      CODE     ---       #132
      01001730H   LINE      CODE     ---       #133
      01001752H   LINE      CODE     ---       #134
      01001758H   LINE      CODE     ---       #135
      0100175EH   LINE      CODE     ---       #136
LX51 LINKER/LOCATER V4.41                                                             05/04/2019  17:53:25  PAGE 16


      01001765H   LINE      CODE     ---       #137
      01001767H   LINE      CODE     ---       #138
      0100176CH   LINE      CODE     ---       #139
      ---         BLOCKEND  ---      ---       LVL=0

      010014A2H   BLOCK     CODE     ---       LVL=0
      010014A2H   BLOCK     CODE     NEAR LAB  LVL=1
      020001B8H   SYMBOL    XDATA    ---       buf
      020001D8H   SYMBOL    XDATA    ---       temp
      0200020AH   SYMBOL    XDATA    WORD      freq
      0200020CH   SYMBOL    XDATA    WORD      volage
      00000007H   SYMBOL    DATA     BYTE      len
      ---         BLOCKEND  ---      ---       LVL=1
      010014A2H   LINE      CODE     ---       #140
      010014A2H   LINE      CODE     ---       #141
      010014A2H   LINE      CODE     ---       #147
      010014ABH   LINE      CODE     ---       #149
      010014B3H   LINE      CODE     ---       #150
      010014B3H   LINE      CODE     ---       #151
      010014C0H   LINE      CODE     ---       #152
      010014D2H   LINE      CODE     ---       #153
      010014E1H   LINE      CODE     ---       #154
      010014E9H   LINE      CODE     ---       #155
      010014F2H   LINE      CODE     ---       #156
      01001501H   LINE      CODE     ---       #157
      01001506H   LINE      CODE     ---       #159
      0100152CH   LINE      CODE     ---       #160
      0100152FH   LINE      CODE     ---       #161
      01001555H   LINE      CODE     ---       #162
      01001558H   LINE      CODE     ---       #163
      01001569H   LINE      CODE     ---       #164
      0100156BH   LINE      CODE     ---       #165
      0100156BH   LINE      CODE     ---       #166
      ---         BLOCKEND  ---      ---       LVL=0

      0100189BH   BLOCK     CODE     ---       LVL=0
      0100189BH   LINE      CODE     ---       #167
      0100189BH   LINE      CODE     ---       #168
      0100189BH   LINE      CODE     ---       #169
      0100189EH   LINE      CODE     ---       #170
      010018A1H   LINE      CODE     ---       #171
      010018A4H   LINE      CODE     ---       #172
      010018A7H   LINE      CODE     ---       #173
      010018AAH   LINE      CODE     ---       #174
      010018ACH   LINE      CODE     ---       #175
      010018AEH   LINE      CODE     ---       #176
      010018B5H   LINE      CODE     ---       #177
      010018C0H   LINE      CODE     ---       #178
      010018C0H   LINE      CODE     ---       #179
      010018C0H   LINE      CODE     ---       #180
      010018C3H   LINE      CODE     ---       #181
      ---         BLOCKEND  ---      ---       LVL=0

      01001912H   BLOCK     CODE     ---       LVL=0
      01001912H   LINE      CODE     ---       #184
      0100191FH   LINE      CODE     ---       #186
      01001921H   LINE      CODE     ---       #188
      01001924H   LINE      CODE     ---       #189
      01001927H   LINE      CODE     ---       #190
      ---         BLOCKEND  ---      ---       LVL=0

      01001864H   BLOCK     CODE     ---       LVL=0
      01001864H   LINE      CODE     ---       #195
      0100186CH   LINE      CODE     ---       #197
      01001871H   LINE      CODE     ---       #198
LX51 LINKER/LOCATER V4.41                                                             05/04/2019  17:53:25  PAGE 17


      01001871H   LINE      CODE     ---       #199
      01001874H   LINE      CODE     ---       #200
      01001884H   LINE      CODE     ---       #201
      0100188AH   LINE      CODE     ---       #203
      0100188AH   LINE      CODE     ---       #204
      0100188FH   LINE      CODE     ---       #205
      0100188FH   LINE      CODE     ---       #206
      01001892H   LINE      CODE     ---       #207
      01001892H   LINE      CODE     ---       #209
      ---         BLOCKEND  ---      ---       LVL=0

      ---         MODULE    ---      ---       STC_PWM
      02000024H   PUBLIC    XDATA    ---       T_SinTable
      02000023H   PUBLIC    XDATA    BYTE      Value_60
      02000022H   PUBLIC    XDATA    BYTE      Value_50
      02000006H   PUBLIC    XDATA    ---       filter_buf
      01000085H   PUBLIC    CODE     ---       pwmError_isr
      0100156CH   PUBLIC    CODE     ---       pwm_isr
      010017B1H   PUBLIC    CODE     ---       STC_PWM_Timer
      0100000EH   PUBLIC    CODE     ---       _STC_PWM_SetVolage
      0200023EH   PUBLIC    XDATA    BYTE      ?_STC_PWM_Task?BYTE
      0100182BH   PUBLIC    CODE     ---       _STC_PWM_Task
      010019CCH   PUBLIC    CODE     ---       Get_voltage
      01000D9DH   PUBLIC    CODE     ---       _GetSinTab
      01001375H   PUBLIC    CODE     ---       _STC_PWM_Init
      010016A5H   PUBLIC    CODE     ---       Filter
      000000D8H.2 SFRSYM    DATA     BIT       CCF2
      00000092H   SFRSYM    DATA     BYTE      P1M0
      00000093H   SFRSYM    DATA     BYTE      P0M1
      00000096H   SFRSYM    DATA     BYTE      P2M0
      00000091H   SFRSYM    DATA     BYTE      P1M1
      00000080H   SFRSYM    DATA     BYTE      P0
      000000B2H   SFRSYM    DATA     BYTE      P3M0
      00000095H   SFRSYM    DATA     BYTE      P2M1
      00000090H   SFRSYM    DATA     BYTE      P1
      000000B4H   SFRSYM    DATA     BYTE      P4M0
      000000B1H   SFRSYM    DATA     BYTE      P3M1
      000000A0H   SFRSYM    DATA     BYTE      P2
      000000ABH   SFRSYM    DATA     BYTE      WKTCH
      000000CAH   SFRSYM    DATA     BYTE      P5M0
      000000B3H   SFRSYM    DATA     BYTE      P4M1
      000000B0H   SFRSYM    DATA     BYTE      P3
      000000CCH   SFRSYM    DATA     BYTE      P6M0
      000000C9H   SFRSYM    DATA     BYTE      P5M1
      000000C0H   SFRSYM    DATA     BYTE      P4
      000000D0H.6 SFRSYM    DATA     BIT       AC
      000000F6H   SFRSYM    DATA     BYTE      PWMIF
      000000E2H   SFRSYM    DATA     BYTE      P7M0
      000000CBH   SFRSYM    DATA     BYTE      P6M1
      000000C8H   SFRSYM    DATA     BYTE      P5
      000000A8H.7 SFRSYM    DATA     BIT       EA
      000000E1H   SFRSYM    DATA     BYTE      P7M1
      000000E8H   SFRSYM    DATA     BYTE      P6
      000000AAH   SFRSYM    DATA     BYTE      WKTCL
      000000F8H   SFRSYM    DATA     BYTE      P7
      000000CEH   SFRSYM    DATA     BYTE      SPCTL
      000000D8H.7 SFRSYM    DATA     BIT       CF
      000000F5H   SFRSYM    DATA     BYTE      PWMCR
      000000F9H   SFRSYM    DATA     BYTE      CH
      000000A2H   SFRSYM    DATA     BYTE      P_SW1
      000000BAH   SFRSYM    DATA     BYTE      P_SW2
      000000A8H.5 SFRSYM    DATA     BIT       EADC
      000000A8H   SFRSYM    DATA     BYTE      IE
      000000E9H   SFRSYM    DATA     BYTE      CL
      000000C5H   SFRSYM    DATA     BYTE      IAP_CMD
LX51 LINKER/LOCATER V4.41                                                             05/04/2019  17:53:25  PAGE 18


      000000FAH   SFRSYM    DATA     BYTE      CCAP0H
      000000FBH   SFRSYM    DATA     BYTE      CCAP1H
      000000FCH   SFRSYM    DATA     BYTE      CCAP2H
      000000BDH   SFRSYM    DATA     BYTE      ADC_RES
      000000EAH   SFRSYM    DATA     BYTE      CCAP0L
      000000D8H.6 SFRSYM    DATA     BIT       CR
      000000F7H   SFRSYM    DATA     BYTE      PWMFDCR
      000000EBH   SFRSYM    DATA     BYTE      CCAP1L
      000000DAH   SFRSYM    DATA     BYTE      CCAPM0
      000000ECH   SFRSYM    DATA     BYTE      CCAP2L
      000000DBH   SFRSYM    DATA     BYTE      CCAPM1
      000000DCH   SFRSYM    DATA     BYTE      CCAPM2
      000000A8H.4 SFRSYM    DATA     BIT       ES
      000000B8H.5 SFRSYM    DATA     BIT       PADC
      000000B8H   SFRSYM    DATA     BYTE      IP
      00000098H   SFRSYM    DATA     BIT       RI
      000000B0H.2 SFRSYM    DATA     BIT       INT0
      000000D0H.7 SFRSYM    DATA     BIT       CY
      00000098H.1 SFRSYM    DATA     BIT       TI
      000000B0H.3 SFRSYM    DATA     BIT       INT1
      00000097H   SFRSYM    DATA     BYTE      CLK_DIV
      000000C3H   SFRSYM    DATA     BYTE      IAP_ADDRH
      000000B8H.4 SFRSYM    DATA     BIT       PS
      00000081H   SFRSYM    DATA     BYTE      SP
      000000D9H   SFRSYM    DATA     BYTE      CMOD
      000000D8H   SFRSYM    DATA     BYTE      CCON
      000000C4H   SFRSYM    DATA     BYTE      IAP_ADDRL
      000000BAH   SFRSYM    DATA     BYTE      PIN_SW2
      000000B8H.7 SFRSYM    DATA     BIT       PPCA
      000000D0H.2 SFRSYM    DATA     BIT       OV
      000000E6H   SFRSYM    DATA     BYTE      CMPCR1
      000000E7H   SFRSYM    DATA     BYTE      CMPCR2
      000000A8H.6 SFRSYM    DATA     BIT       ELVD
      00000080H   SFRSYM    DATA     BIT       P00
      000000BCH   SFRSYM    DATA     BYTE      ADC_CONTR
      00000099H   SFRSYM    DATA     BYTE      SBUF
      00000087H   SFRSYM    DATA     BYTE      PCON
      00000090H   SFRSYM    DATA     BIT       P10
      00000080H.1 SFRSYM    DATA     BIT       P01
      000000A0H   SFRSYM    DATA     BIT       P20
      00000090H.1 SFRSYM    DATA     BIT       P11
      00000080H.2 SFRSYM    DATA     BIT       P02
      000000B0H   SFRSYM    DATA     BIT       P30
      000000A0H.1 SFRSYM    DATA     BIT       P21
      00000090H.2 SFRSYM    DATA     BIT       P12
      00000080H.3 SFRSYM    DATA     BIT       P03
      00000098H   SFRSYM    DATA     BYTE      SCON
      000000C0H   SFRSYM    DATA     BIT       P40
      000000B0H.1 SFRSYM    DATA     BIT       P31
      000000A0H.2 SFRSYM    DATA     BIT       P22
      00000090H.3 SFRSYM    DATA     BIT       P13
      00000080H.4 SFRSYM    DATA     BIT       P04
      00000089H   SFRSYM    DATA     BYTE      TMOD
      00000088H   SFRSYM    DATA     BYTE      TCON
      000000C8H   SFRSYM    DATA     BIT       P50
      000000C0H.1 SFRSYM    DATA     BIT       P41
      000000B0H.2 SFRSYM    DATA     BIT       P32
      000000A0H.3 SFRSYM    DATA     BIT       P23
      00000090H.4 SFRSYM    DATA     BIT       P14
      00000080H.5 SFRSYM    DATA     BIT       P05
      000000E8H   SFRSYM    DATA     BIT       P60
      000000C8H.1 SFRSYM    DATA     BIT       P51
      000000C0H.2 SFRSYM    DATA     BIT       P42
      000000B0H.3 SFRSYM    DATA     BIT       P33
      000000A0H.4 SFRSYM    DATA     BIT       P24
LX51 LINKER/LOCATER V4.41                                                             05/04/2019  17:53:25  PAGE 19


      00000090H.5 SFRSYM    DATA     BIT       P15
      00000080H.6 SFRSYM    DATA     BIT       P06
      000000B8H.6 SFRSYM    DATA     BIT       PLVD
      000000F8H   SFRSYM    DATA     BIT       P70
      000000E8H.1 SFRSYM    DATA     BIT       P61
      000000C8H.2 SFRSYM    DATA     BIT       P52
      000000C0H.3 SFRSYM    DATA     BIT       P43
      000000B0H.4 SFRSYM    DATA     BIT       P34
      000000A0H.5 SFRSYM    DATA     BIT       P25
      00000090H.6 SFRSYM    DATA     BIT       P16
      00000080H.7 SFRSYM    DATA     BIT       P07
      000000F8H.1 SFRSYM    DATA     BIT       P71
      000000E8H.2 SFRSYM    DATA     BIT       P62
      000000C8H.3 SFRSYM    DATA     BIT       P53
      000000C0H.4 SFRSYM    DATA     BIT       P44
      000000B0H.5 SFRSYM    DATA     BIT       P35
      000000A0H.6 SFRSYM    DATA     BIT       P26
      00000090H.7 SFRSYM    DATA     BIT       P17
      000000F8H.2 SFRSYM    DATA     BIT       P72
      000000E8H.3 SFRSYM    DATA     BIT       P63
      000000C8H.4 SFRSYM    DATA     BIT       P54
      000000C0H.5 SFRSYM    DATA     BIT       P45
      000000B0H.6 SFRSYM    DATA     BIT       P36
      000000A0H.7 SFRSYM    DATA     BIT       P27
      000000F8H.3 SFRSYM    DATA     BIT       P73
      000000E8H.4 SFRSYM    DATA     BIT       P64
      000000C8H.5 SFRSYM    DATA     BIT       P55
      000000C0H.6 SFRSYM    DATA     BIT       P46
      000000B0H.7 SFRSYM    DATA     BIT       P37
      000000F8H.4 SFRSYM    DATA     BIT       P74
      000000E8H.5 SFRSYM    DATA     BIT       P65
      000000C8H.6 SFRSYM    DATA     BIT       P56
      000000C0H.7 SFRSYM    DATA     BIT       P47
      000000F8H.5 SFRSYM    DATA     BIT       P75
      000000E8H.6 SFRSYM    DATA     BIT       P66
      000000C8H.7 SFRSYM    DATA     BIT       P57
      000000F8H.6 SFRSYM    DATA     BIT       P76
      000000E8H.7 SFRSYM    DATA     BIT       P67
      00000088H.1 SFRSYM    DATA     BIT       IE0
      000000A1H   SFRSYM    DATA     BYTE      BUS_SPEED
      000000F8H.7 SFRSYM    DATA     BIT       P77
      00000088H.3 SFRSYM    DATA     BIT       IE1
      000000AFH   SFRSYM    DATA     BYTE      IE2
      0000008EH   SFRSYM    DATA     BYTE      AUXR
      000000F0H   SFRSYM    DATA     BYTE      B
      000000C7H   SFRSYM    DATA     BYTE      IAP_CONTR
      000000F1H   SFRSYM    DATA     BYTE      PWMCFG
      000000E0H   SFRSYM    DATA     BYTE      ACC
      000000A8H.1 SFRSYM    DATA     BIT       ET0
      00000088H.5 SFRSYM    DATA     BIT       TF0
      000000A8H.3 SFRSYM    DATA     BIT       ET1
      00000088H.7 SFRSYM    DATA     BIT       TF1
      000000B5H   SFRSYM    DATA     BYTE      IP2
      00000098H.2 SFRSYM    DATA     BIT       RB8
      0000008CH   SFRSYM    DATA     BYTE      TH0
      0000008DH   SFRSYM    DATA     BYTE      TH1
      00000088H   SFRSYM    DATA     BIT       IT0
      000000A8H   SFRSYM    DATA     BIT       EX0
      00000098H.3 SFRSYM    DATA     BIT       TB8
      000000D6H   SFRSYM    DATA     BYTE      T2H
      00000088H.2 SFRSYM    DATA     BIT       IT1
      000000A8H.2 SFRSYM    DATA     BIT       EX1
      000000D4H   SFRSYM    DATA     BYTE      T3H
      000000D0H   SFRSYM    DATA     BIT       P
      00000098H.7 SFRSYM    DATA     BIT       SM0
LX51 LINKER/LOCATER V4.41                                                             05/04/2019  17:53:25  PAGE 20


      000000D2H   SFRSYM    DATA     BYTE      T4H
      0000008AH   SFRSYM    DATA     BYTE      TL0
      00000098H.6 SFRSYM    DATA     BIT       SM1
      0000008BH   SFRSYM    DATA     BYTE      TL1
      00000098H.5 SFRSYM    DATA     BIT       SM2
      000000D7H   SFRSYM    DATA     BYTE      T2L
      000000D5H   SFRSYM    DATA     BYTE      T3L
      000000D3H   SFRSYM    DATA     BYTE      T4L
      000000B8H.1 SFRSYM    DATA     BIT       PT0
      000000B8H.3 SFRSYM    DATA     BIT       PT1
      000000D0H.3 SFRSYM    DATA     BIT       RS0
      000000C2H   SFRSYM    DATA     BYTE      IAP_DATA
      00000088H.4 SFRSYM    DATA     BIT       TR0
      000000D0H.4 SFRSYM    DATA     BIT       RS1
      00000088H.6 SFRSYM    DATA     BIT       TR1
      000000C1H   SFRSYM    DATA     BYTE      WDT_CONTR
      000000B8H   SFRSYM    DATA     BIT       PX0
      000000B8H.2 SFRSYM    DATA     BIT       PX1
      000000F2H   SFRSYM    DATA     BYTE      PCA_PWM0
      000000F3H   SFRSYM    DATA     BYTE      PCA_PWM1
      000000F4H   SFRSYM    DATA     BYTE      PCA_PWM2
      0000009DH   SFRSYM    DATA     BYTE      P1ASF
      00000083H   SFRSYM    DATA     BYTE      DPH
      000000D1H   SFRSYM    DATA     BYTE      T3T4M
      000000D1H   SFRSYM    DATA     BYTE      T4T3M
      000000BEH   SFRSYM    DATA     BYTE      ADC_RESL
      00000082H   SFRSYM    DATA     BYTE      DPL
      000000CDH   SFRSYM    DATA     BYTE      SPSTAT
      0000009BH   SFRSYM    DATA     BYTE      S2BUF
      000000ADH   SFRSYM    DATA     BYTE      S3BUF
      00000085H   SFRSYM    DATA     BYTE      S4BUF
      00000098H.4 SFRSYM    DATA     BIT       REN
      0000009AH   SFRSYM    DATA     BYTE      S2CON
      000000ACH   SFRSYM    DATA     BYTE      S3CON
      00000084H   SFRSYM    DATA     BYTE      S4CON
      000000B9H   SFRSYM    DATA     BYTE      SADEN
      000000A9H   SFRSYM    DATA     BYTE      SADDR
      000000C6H   SFRSYM    DATA     BYTE      IAP_TRIG
      000000A2H   SFRSYM    DATA     BYTE      AUXR1
      00000080H.4 SFRSYM    DATA     BIT       Drive_SD
      000000D0H.5 SFRSYM    DATA     BIT       F0
      0000008FH   SFRSYM    DATA     BYTE      INT_CLKO
      000000D0H   SFRSYM    DATA     BYTE      PSW
      000000D8H   SFRSYM    DATA     BIT       CCF0
      000000D8H.1 SFRSYM    DATA     BIT       CCF1
      000000CFH   SFRSYM    DATA     BYTE      SPDAT
      00000094H   SFRSYM    DATA     BYTE      P0M0
      02000000H   SYMBOL    XDATA    WORD      stcPwm_Curv
      02000002H   SYMBOL    XDATA    WORD      stmPwm_Tarv
      02000004H   SYMBOL    XDATA    WORD      stcPwmTime
      02000020H   SYMBOL    XDATA    WORD      stcPwm_P
      020001B4H   SYMBOL    XDATA    WORD      stmPwm_InVol
      020001B6H   SYMBOL    XDATA    WORD      stmPwm_Freq

      010016A5H   BLOCK     CODE     ---       LVL=0
      010016A5H   BLOCK     CODE     NEAR LAB  LVL=1
      00000004H   SYMBOL    DATA     INT       i
      020001BBH   SYMBOL    XDATA    INT       filter_sum
      ---         BLOCKEND  ---      ---       LVL=1
      010016A5H   LINE      CODE     ---       #55
      010016A5H   LINE      CODE     ---       #57
      010016ACH   LINE      CODE     ---       #58
      010016B8H   LINE      CODE     ---       #59
      010016BBH   LINE      CODE     ---       #60
      010016E0H   LINE      CODE     ---       #61
LX51 LINKER/LOCATER V4.41                                                             05/04/2019  17:53:25  PAGE 21


      010016FBH   LINE      CODE     ---       #62
      01001706H   LINE      CODE     ---       #63
      01001715H   LINE      CODE     ---       #64
      ---         BLOCKEND  ---      ---       LVL=0

      01001375H   BLOCK     CODE     ---       LVL=0
      020001B8H   SYMBOL    XDATA    WORD      freq
      0100137DH   BLOCK     CODE     NEAR LAB  LVL=1
      020001BAH   SYMBOL    XDATA    BYTE      i
      ---         BLOCKEND  ---      ---       LVL=1
      01001375H   LINE      CODE     ---       #66
      0100137DH   LINE      CODE     ---       #67
      0100137DH   LINE      CODE     ---       #69
      01001380H   LINE      CODE     ---       #70
      01001380H   LINE      CODE     ---       #71
      0100138BH   LINE      CODE     ---       #72
      01001397H   LINE      CODE     ---       #73
      010013C1H   LINE      CODE     ---       #74
      010013EBH   LINE      CODE     ---       #78
      010013EEH   LINE      CODE     ---       #79
      010013F1H   LINE      CODE     ---       #81
      010013F5H   LINE      CODE     ---       #83
      01001439H   LINE      CODE     ---       #85
      01001440H   LINE      CODE     ---       #86
      01001446H   LINE      CODE     ---       #87
      01001449H   LINE      CODE     ---       #88
      0100144CH   LINE      CODE     ---       #89
      0100144FH   LINE      CODE     ---       #90
      01001451H   LINE      CODE     ---       #94
      01001457H   LINE      CODE     ---       #95
      0100145DH   LINE      CODE     ---       #96
      01001460H   LINE      CODE     ---       #97
      01001463H   LINE      CODE     ---       #98
      01001466H   LINE      CODE     ---       #99
      01001468H   LINE      CODE     ---       #103
      0100146EH   LINE      CODE     ---       #104
      01001474H   LINE      CODE     ---       #106
      01001477H   LINE      CODE     ---       #107
      0100147AH   LINE      CODE     ---       #108
      0100147DH   LINE      CODE     ---       #109
      0100147FH   LINE      CODE     ---       #113
      01001485H   LINE      CODE     ---       #114
      0100148BH   LINE      CODE     ---       #116
      0100148EH   LINE      CODE     ---       #117
      01001491H   LINE      CODE     ---       #118
      01001494H   LINE      CODE     ---       #119
      01001496H   LINE      CODE     ---       #121
      01001499H   LINE      CODE     ---       #122
      0100149CH   LINE      CODE     ---       #128
      0100149FH   LINE      CODE     ---       #130
      010014A1H   LINE      CODE     ---       #131
      ---         BLOCKEND  ---      ---       LVL=0

      01000D9DH   BLOCK     CODE     ---       LVL=0
      02000245H   SYMBOL    XDATA    WORD      point
      02000247H   SYMBOL    XDATA    WORD      maxnum
      02000249H   SYMBOL    XDATA    WORD      freq
      01000DB1H   BLOCK     CODE     NEAR LAB  LVL=1
      0200024BH   SYMBOL    XDATA    WORD      i
      0200024DH   SYMBOL    XDATA    FLOAT     x
      02000251H   SYMBOL    XDATA    FLOAT     y
      02000255H   SYMBOL    XDATA    FLOAT     jiao
      ---         BLOCKEND  ---      ---       LVL=1
      01000D9DH   LINE      CODE     ---       #141
      01000DB1H   LINE      CODE     ---       #142
LX51 LINKER/LOCATER V4.41                                                             05/04/2019  17:53:25  PAGE 22


      01000DB1H   LINE      CODE     ---       #143
      01000DB6H   LINE      CODE     ---       #147
      01000DDAH   LINE      CODE     ---       #149
      01000DE9H   LINE      CODE     ---       #150
      01000DE9H   LINE      CODE     ---       #151
      01000E09H   LINE      CODE     ---       #152
      01000E11H   LINE      CODE     ---       #153
      01000E1BH   LINE      CODE     ---       #154
      01000E3BH   LINE      CODE     ---       #155
      01000E3BH   LINE      CODE     ---       #156
      01000E56H   LINE      CODE     ---       #157
      01000E75H   LINE      CODE     ---       #159
      01000EDCH   LINE      CODE     ---       #160
      01000EEDH   LINE      CODE     ---       #161
      01000EEDH   LINE      CODE     ---       #162
      01000EFCH   LINE      CODE     ---       #163
      01000EFCH   LINE      CODE     ---       #164
      01000F1CH   LINE      CODE     ---       #165
      01000F24H   LINE      CODE     ---       #166
      01000F2EH   LINE      CODE     ---       #167
      01000F4EH   LINE      CODE     ---       #168
      01000F4EH   LINE      CODE     ---       #169
      01000F69H   LINE      CODE     ---       #170
      01000F88H   LINE      CODE     ---       #171
      01000FEFH   LINE      CODE     ---       #172
      01001000H   LINE      CODE     ---       #173
      01001000H   LINE      CODE     ---       #174
      ---         BLOCKEND  ---      ---       LVL=0

      010019CCH   BLOCK     CODE     ---       LVL=0
      010019CCH   BLOCK     CODE     NEAR LAB  LVL=1
      00000006H   SYMBOL    DATA     WORD      ad_temp
      ---         BLOCKEND  ---      ---       LVL=1
      010019CCH   LINE      CODE     ---       #176
      010019CCH   LINE      CODE     ---       #177
      010019CCH   LINE      CODE     ---       #178
      010019CFH   LINE      CODE     ---       #179
      010019D2H   LINE      CODE     ---       #180
      010019D9H   LINE      CODE     ---       #181
      010019E0H   LINE      CODE     ---       #182
      ---         BLOCKEND  ---      ---       LVL=0

      0100182BH   BLOCK     CODE     ---       LVL=0
      00000001H   SYMBOL    DATA     ---       v_current
      00000004H   SYMBOL    DATA     WORD      v_target
      02000243H   SYMBOL    XDATA    WORD      freq
      0100182BH   LINE      CODE     ---       #193
      0100182BH   LINE      CODE     ---       #194
      0100182BH   LINE      CODE     ---       #195
      01001838H   LINE      CODE     ---       #196
      01001838H   LINE      CODE     ---       #197
      0100183FH   LINE      CODE     ---       #198
      0100183FH   LINE      CODE     ---       #199
      01001843H   LINE      CODE     ---       #200
      01001845H   LINE      CODE     ---       #202
      01001845H   LINE      CODE     ---       #203
      0100184CH   LINE      CODE     ---       #204
      0100184CH   LINE      CODE     ---       #205
      01001861H   LINE      CODE     ---       #206
      01001863H   LINE      CODE     ---       #207
      01001863H   LINE      CODE     ---       #208
      ---         BLOCKEND  ---      ---       LVL=0

      0100000EH   BLOCK     CODE     ---       LVL=0
      0200020EH   SYMBOL    XDATA    WORD      freq
LX51 LINKER/LOCATER V4.41                                                             05/04/2019  17:53:25  PAGE 23


      02000210H   SYMBOL    XDATA    WORD      vol
      0100000EH   LINE      CODE     ---       #210
      0100001CH   LINE      CODE     ---       #211
      0100001CH   LINE      CODE     ---       #212
      0100001FH   LINE      CODE     ---       #213
      01000063H   LINE      CODE     ---       #214
      01000066H   LINE      CODE     ---       #215
      01000075H   LINE      CODE     ---       #216
      01000084H   LINE      CODE     ---       #217
      ---         BLOCKEND  ---      ---       LVL=0

      010017B1H   BLOCK     CODE     ---       LVL=0
      010017B1H   LINE      CODE     ---       #219
      010017B1H   LINE      CODE     ---       #220
      010017B1H   LINE      CODE     ---       #221
      010017BBH   LINE      CODE     ---       #222
      010017BBH   LINE      CODE     ---       #223
      010017C3H   LINE      CODE     ---       #229
      010017E3H   LINE      CODE     ---       #230
      010017E3H   LINE      CODE     ---       #231
      010017F1H   LINE      CODE     ---       #232
      ---         BLOCKEND  ---      ---       LVL=0

      0100156CH   BLOCK     CODE     ---       LVL=0
      01001579H   BLOCK     CODE     NEAR LAB  LVL=1
      0200025DH   SYMBOL    XDATA    WORD      j
      ---         BLOCKEND  ---      ---       LVL=1
      0100156CH   LINE      CODE     ---       #234
      01001579H   LINE      CODE     ---       #236
      01001580H   LINE      CODE     ---       #237
      01001588H   LINE      CODE     ---       #238
      01001588H   LINE      CODE     ---       #240
      0100158BH   LINE      CODE     ---       #241
      0100158EH   LINE      CODE     ---       #243
      010015B2H   LINE      CODE     ---       #244
      010015B5H   LINE      CODE     ---       #245
      010015C5H   LINE      CODE     ---       #246
      010015CDH   LINE      CODE     ---       #247
      010015DAH   LINE      CODE     ---       #248
      010015E7H   LINE      CODE     ---       #249
      010015EFH   LINE      CODE     ---       #251
      010015F2H   LINE      CODE     ---       #252
      01001607H   LINE      CODE     ---       #253
      01001607H   LINE      CODE     ---       #254
      0100160EH   LINE      CODE     ---       #255
      0100160EH   LINE      CODE     ---       #256
      0100160EH   LINE      CODE     ---       #257
      ---         BLOCKEND  ---      ---       LVL=0

      01000085H   BLOCK     CODE     ---       LVL=0
      01000085H   LINE      CODE     ---       #258
      01000085H   LINE      CODE     ---       #261
      01000088H   LINE      CODE     ---       #263
      ---         BLOCKEND  ---      ---       LVL=0

      ---         MODULE    ---      ---       AD
      0100196CH   PUBLIC    CODE     ---       _Delay
      010019F4H   PUBLIC    CODE     ---       InitADC
      010018ECH   PUBLIC    CODE     ---       _GetADCResult
      000000D8H.2 SFRSYM    DATA     BIT       CCF2
      00000092H   SFRSYM    DATA     BYTE      P1M0
      00000093H   SFRSYM    DATA     BYTE      P0M1
      00000096H   SFRSYM    DATA     BYTE      P2M0
      00000091H   SFRSYM    DATA     BYTE      P1M1
      00000080H   SFRSYM    DATA     BYTE      P0
LX51 LINKER/LOCATER V4.41                                                             05/04/2019  17:53:25  PAGE 24


      000000B2H   SFRSYM    DATA     BYTE      P3M0
      00000095H   SFRSYM    DATA     BYTE      P2M1
      00000090H   SFRSYM    DATA     BYTE      P1
      000000B4H   SFRSYM    DATA     BYTE      P4M0
      000000B1H   SFRSYM    DATA     BYTE      P3M1
      000000A0H   SFRSYM    DATA     BYTE      P2
      000000ABH   SFRSYM    DATA     BYTE      WKTCH
      000000CAH   SFRSYM    DATA     BYTE      P5M0
      000000B3H   SFRSYM    DATA     BYTE      P4M1
      000000B0H   SFRSYM    DATA     BYTE      P3
      000000CCH   SFRSYM    DATA     BYTE      P6M0
      000000C9H   SFRSYM    DATA     BYTE      P5M1
      000000C0H   SFRSYM    DATA     BYTE      P4
      000000D0H.6 SFRSYM    DATA     BIT       AC
      000000F6H   SFRSYM    DATA     BYTE      PWMIF
      000000E2H   SFRSYM    DATA     BYTE      P7M0
      000000CBH   SFRSYM    DATA     BYTE      P6M1
      000000C8H   SFRSYM    DATA     BYTE      P5
      000000A8H.7 SFRSYM    DATA     BIT       EA
      000000E1H   SFRSYM    DATA     BYTE      P7M1
      000000E8H   SFRSYM    DATA     BYTE      P6
      000000AAH   SFRSYM    DATA     BYTE      WKTCL
      000000F8H   SFRSYM    DATA     BYTE      P7
      000000CEH   SFRSYM    DATA     BYTE      SPCTL
      000000D8H.7 SFRSYM    DATA     BIT       CF
      000000F5H   SFRSYM    DATA     BYTE      PWMCR
      000000F9H   SFRSYM    DATA     BYTE      CH
      000000A2H   SFRSYM    DATA     BYTE      P_SW1
      000000BAH   SFRSYM    DATA     BYTE      P_SW2
      000000A8H.5 SFRSYM    DATA     BIT       EADC
      000000A8H   SFRSYM    DATA     BYTE      IE
      000000E9H   SFRSYM    DATA     BYTE      CL
      000000C5H   SFRSYM    DATA     BYTE      IAP_CMD
      000000FAH   SFRSYM    DATA     BYTE      CCAP0H
      000000FBH   SFRSYM    DATA     BYTE      CCAP1H
      000000FCH   SFRSYM    DATA     BYTE      CCAP2H
      000000BDH   SFRSYM    DATA     BYTE      ADC_RES
      000000EAH   SFRSYM    DATA     BYTE      CCAP0L
      000000D8H.6 SFRSYM    DATA     BIT       CR
      000000F7H   SFRSYM    DATA     BYTE      PWMFDCR
      000000EBH   SFRSYM    DATA     BYTE      CCAP1L
      000000DAH   SFRSYM    DATA     BYTE      CCAPM0
      000000ECH   SFRSYM    DATA     BYTE      CCAP2L
      000000DBH   SFRSYM    DATA     BYTE      CCAPM1
      000000DCH   SFRSYM    DATA     BYTE      CCAPM2
      000000A8H.4 SFRSYM    DATA     BIT       ES
      000000B8H.5 SFRSYM    DATA     BIT       PADC
      000000B8H   SFRSYM    DATA     BYTE      IP
      00000098H   SFRSYM    DATA     BIT       RI
      000000B0H.2 SFRSYM    DATA     BIT       INT0
      000000D0H.7 SFRSYM    DATA     BIT       CY
      00000098H.1 SFRSYM    DATA     BIT       TI
      000000B0H.3 SFRSYM    DATA     BIT       INT1
      00000097H   SFRSYM    DATA     BYTE      CLK_DIV
      000000C3H   SFRSYM    DATA     BYTE      IAP_ADDRH
      000000B8H.4 SFRSYM    DATA     BIT       PS
      00000081H   SFRSYM    DATA     BYTE      SP
      000000D9H   SFRSYM    DATA     BYTE      CMOD
      000000D8H   SFRSYM    DATA     BYTE      CCON
      000000C4H   SFRSYM    DATA     BYTE      IAP_ADDRL
      000000B8H.7 SFRSYM    DATA     BIT       PPCA
      000000D0H.2 SFRSYM    DATA     BIT       OV
      000000E6H   SFRSYM    DATA     BYTE      CMPCR1
      000000E7H   SFRSYM    DATA     BYTE      CMPCR2
      000000A8H.6 SFRSYM    DATA     BIT       ELVD
LX51 LINKER/LOCATER V4.41                                                             05/04/2019  17:53:25  PAGE 25


      00000080H   SFRSYM    DATA     BIT       P00
      000000BCH   SFRSYM    DATA     BYTE      ADC_CONTR
      00000099H   SFRSYM    DATA     BYTE      SBUF
      00000087H   SFRSYM    DATA     BYTE      PCON
      00000090H   SFRSYM    DATA     BIT       P10
      00000080H.1 SFRSYM    DATA     BIT       P01
      000000A0H   SFRSYM    DATA     BIT       P20
      00000090H.1 SFRSYM    DATA     BIT       P11
      00000080H.2 SFRSYM    DATA     BIT       P02
      000000B0H   SFRSYM    DATA     BIT       P30
      000000A0H.1 SFRSYM    DATA     BIT       P21
      00000090H.2 SFRSYM    DATA     BIT       P12
      00000080H.3 SFRSYM    DATA     BIT       P03
      00000098H   SFRSYM    DATA     BYTE      SCON
      000000C0H   SFRSYM    DATA     BIT       P40
      000000B0H.1 SFRSYM    DATA     BIT       P31
      000000A0H.2 SFRSYM    DATA     BIT       P22
      00000090H.3 SFRSYM    DATA     BIT       P13
      00000080H.4 SFRSYM    DATA     BIT       P04
      00000089H   SFRSYM    DATA     BYTE      TMOD
      00000088H   SFRSYM    DATA     BYTE      TCON
      000000C8H   SFRSYM    DATA     BIT       P50
      000000C0H.1 SFRSYM    DATA     BIT       P41
      000000B0H.2 SFRSYM    DATA     BIT       P32
      000000A0H.3 SFRSYM    DATA     BIT       P23
      00000090H.4 SFRSYM    DATA     BIT       P14
      00000080H.5 SFRSYM    DATA     BIT       P05
      000000E8H   SFRSYM    DATA     BIT       P60
      000000C8H.1 SFRSYM    DATA     BIT       P51
      000000C0H.2 SFRSYM    DATA     BIT       P42
      000000B0H.3 SFRSYM    DATA     BIT       P33
      000000A0H.4 SFRSYM    DATA     BIT       P24
      00000090H.5 SFRSYM    DATA     BIT       P15
      00000080H.6 SFRSYM    DATA     BIT       P06
      000000B8H.6 SFRSYM    DATA     BIT       PLVD
      000000F8H   SFRSYM    DATA     BIT       P70
      000000E8H.1 SFRSYM    DATA     BIT       P61
      000000C8H.2 SFRSYM    DATA     BIT       P52
      000000C0H.3 SFRSYM    DATA     BIT       P43
      000000B0H.4 SFRSYM    DATA     BIT       P34
      000000A0H.5 SFRSYM    DATA     BIT       P25
      00000090H.6 SFRSYM    DATA     BIT       P16
      00000080H.7 SFRSYM    DATA     BIT       P07
      000000F8H.1 SFRSYM    DATA     BIT       P71
      000000E8H.2 SFRSYM    DATA     BIT       P62
      000000C8H.3 SFRSYM    DATA     BIT       P53
      000000C0H.4 SFRSYM    DATA     BIT       P44
      000000B0H.5 SFRSYM    DATA     BIT       P35
      000000A0H.6 SFRSYM    DATA     BIT       P26
      00000090H.7 SFRSYM    DATA     BIT       P17
      000000F8H.2 SFRSYM    DATA     BIT       P72
      000000E8H.3 SFRSYM    DATA     BIT       P63
      000000C8H.4 SFRSYM    DATA     BIT       P54
      000000C0H.5 SFRSYM    DATA     BIT       P45
      000000B0H.6 SFRSYM    DATA     BIT       P36
      000000A0H.7 SFRSYM    DATA     BIT       P27
      000000F8H.3 SFRSYM    DATA     BIT       P73
      000000E8H.4 SFRSYM    DATA     BIT       P64
      000000C8H.5 SFRSYM    DATA     BIT       P55
      000000C0H.6 SFRSYM    DATA     BIT       P46
      000000B0H.7 SFRSYM    DATA     BIT       P37
      000000F8H.4 SFRSYM    DATA     BIT       P74
      000000E8H.5 SFRSYM    DATA     BIT       P65
      000000C8H.6 SFRSYM    DATA     BIT       P56
      000000C0H.7 SFRSYM    DATA     BIT       P47
LX51 LINKER/LOCATER V4.41                                                             05/04/2019  17:53:25  PAGE 26


      000000F8H.5 SFRSYM    DATA     BIT       P75
      000000E8H.6 SFRSYM    DATA     BIT       P66
      000000C8H.7 SFRSYM    DATA     BIT       P57
      000000F8H.6 SFRSYM    DATA     BIT       P76
      000000E8H.7 SFRSYM    DATA     BIT       P67
      00000088H.1 SFRSYM    DATA     BIT       IE0
      000000A1H   SFRSYM    DATA     BYTE      BUS_SPEED
      000000F8H.7 SFRSYM    DATA     BIT       P77
      00000088H.3 SFRSYM    DATA     BIT       IE1
      000000AFH   SFRSYM    DATA     BYTE      IE2
      0000008EH   SFRSYM    DATA     BYTE      AUXR
      000000F0H   SFRSYM    DATA     BYTE      B
      000000C7H   SFRSYM    DATA     BYTE      IAP_CONTR
      000000F1H   SFRSYM    DATA     BYTE      PWMCFG
      000000E0H   SFRSYM    DATA     BYTE      ACC
      000000A8H.1 SFRSYM    DATA     BIT       ET0
      00000088H.5 SFRSYM    DATA     BIT       TF0
      000000A8H.3 SFRSYM    DATA     BIT       ET1
      00000088H.7 SFRSYM    DATA     BIT       TF1
      000000B5H   SFRSYM    DATA     BYTE      IP2
      00000098H.2 SFRSYM    DATA     BIT       RB8
      0000008CH   SFRSYM    DATA     BYTE      TH0
      0000008DH   SFRSYM    DATA     BYTE      TH1
      00000088H   SFRSYM    DATA     BIT       IT0
      000000A8H   SFRSYM    DATA     BIT       EX0
      00000098H.3 SFRSYM    DATA     BIT       TB8
      000000D6H   SFRSYM    DATA     BYTE      T2H
      00000088H.2 SFRSYM    DATA     BIT       IT1
      000000A8H.2 SFRSYM    DATA     BIT       EX1
      000000D4H   SFRSYM    DATA     BYTE      T3H
      000000D0H   SFRSYM    DATA     BIT       P
      00000098H.7 SFRSYM    DATA     BIT       SM0
      000000D2H   SFRSYM    DATA     BYTE      T4H
      0000008AH   SFRSYM    DATA     BYTE      TL0
      00000098H.6 SFRSYM    DATA     BIT       SM1
      0000008BH   SFRSYM    DATA     BYTE      TL1
      00000098H.5 SFRSYM    DATA     BIT       SM2
      000000D7H   SFRSYM    DATA     BYTE      T2L
      000000D5H   SFRSYM    DATA     BYTE      T3L
      000000D3H   SFRSYM    DATA     BYTE      T4L
      000000B8H.1 SFRSYM    DATA     BIT       PT0
      000000B8H.3 SFRSYM    DATA     BIT       PT1
      000000D0H.3 SFRSYM    DATA     BIT       RS0
      000000C2H   SFRSYM    DATA     BYTE      IAP_DATA
      00000088H.4 SFRSYM    DATA     BIT       TR0
      000000D0H.4 SFRSYM    DATA     BIT       RS1
      00000088H.6 SFRSYM    DATA     BIT       TR1
      000000C1H   SFRSYM    DATA     BYTE      WDT_CONTR
      000000B8H   SFRSYM    DATA     BIT       PX0
      000000B8H.2 SFRSYM    DATA     BIT       PX1
      000000F2H   SFRSYM    DATA     BYTE      PCA_PWM0
      000000F3H   SFRSYM    DATA     BYTE      PCA_PWM1
      000000F4H   SFRSYM    DATA     BYTE      PCA_PWM2
      0000009DH   SFRSYM    DATA     BYTE      P1ASF
      00000083H   SFRSYM    DATA     BYTE      DPH
      000000D1H   SFRSYM    DATA     BYTE      T3T4M
      000000D1H   SFRSYM    DATA     BYTE      T4T3M
      000000BEH   SFRSYM    DATA     BYTE      ADC_RESL
      00000082H   SFRSYM    DATA     BYTE      DPL
      000000CDH   SFRSYM    DATA     BYTE      SPSTAT
      0000009BH   SFRSYM    DATA     BYTE      S2BUF
      000000ADH   SFRSYM    DATA     BYTE      S3BUF
      00000085H   SFRSYM    DATA     BYTE      S4BUF
      00000098H.4 SFRSYM    DATA     BIT       REN
      0000009AH   SFRSYM    DATA     BYTE      S2CON
LX51 LINKER/LOCATER V4.41                                                             05/04/2019  17:53:25  PAGE 27


      000000ACH   SFRSYM    DATA     BYTE      S3CON
      00000084H   SFRSYM    DATA     BYTE      S4CON
      000000B9H   SFRSYM    DATA     BYTE      SADEN
      000000A9H   SFRSYM    DATA     BYTE      SADDR
      000000C6H   SFRSYM    DATA     BYTE      IAP_TRIG
      000000A2H   SFRSYM    DATA     BYTE      AUXR1
      000000D0H.5 SFRSYM    DATA     BIT       F0
      0000008FH   SFRSYM    DATA     BYTE      INT_CLKO
      000000D0H   SFRSYM    DATA     BYTE      PSW
      000000D8H   SFRSYM    DATA     BIT       CCF0
      000000D8H.1 SFRSYM    DATA     BIT       CCF1
      000000CFH   SFRSYM    DATA     BYTE      SPDAT
      00000094H   SFRSYM    DATA     BYTE      P0M0

      010018ECH   BLOCK     CODE     ---       LVL=0
      00000007H   SYMBOL    DATA     BYTE      ch
      010018ECH   BLOCK     CODE     NEAR LAB  LVL=1
      00000006H   SYMBOL    DATA     WORD      ADC_Result
      ---         BLOCKEND  ---      ---       LVL=1
      010018ECH   LINE      CODE     ---       #41
      010018ECH   LINE      CODE     ---       #42
      010018ECH   LINE      CODE     ---       #44
      010018F1H   LINE      CODE     ---       #45
      010018F2H   LINE      CODE     ---       #46
      010018F3H   LINE      CODE     ---       #47
      010018F4H   LINE      CODE     ---       #48
      010018F5H   LINE      CODE     ---       #49
      010018FAH   LINE      CODE     ---       #50
      010018FDH   LINE      CODE     ---       #51
      01001901H   LINE      CODE     ---       #52
      01001911H   LINE      CODE     ---       #53
      01001911H   LINE      CODE     ---       #54
      ---         BLOCKEND  ---      ---       LVL=0

      010019F4H   BLOCK     CODE     ---       LVL=0
      010019F4H   LINE      CODE     ---       #61
      010019F4H   LINE      CODE     ---       #62
      010019F4H   LINE      CODE     ---       #63
      010019F7H   LINE      CODE     ---       #64
      010019FAH   LINE      CODE     ---       #66
      010019FDH   LINE      CODE     ---       #67
      ---         BLOCKEND  ---      ---       LVL=0

      0100196CH   BLOCK     CODE     ---       LVL=0
      00000006H   SYMBOL    DATA     WORD      n
      0100196CH   BLOCK     CODE     NEAR LAB  LVL=1
      00000004H   SYMBOL    DATA     WORD      x
      ---         BLOCKEND  ---      ---       LVL=1
      0100196CH   LINE      CODE     ---       #76
      0100196CH   LINE      CODE     ---       #77
      0100196CH   LINE      CODE     ---       #80
      01001976H   LINE      CODE     ---       #81
      01001976H   LINE      CODE     ---       #82
      0100197AH   LINE      CODE     ---       #83
      01001986H   LINE      CODE     ---       #85
      ---         BLOCKEND  ---      ---       LVL=0

      ---         MODULE    ---      ---       ?C?FPADD
      010000C5H   PUBLIC    CODE     ---       ?C?FPADD
      010000C1H   PUBLIC    CODE     ---       ?C?FPSUB

      ---         MODULE    ---      ---       ?C?FPMUL
      010001B6H   PUBLIC    CODE     ---       ?C?FPMUL

      ---         MODULE    ---      ---       ?C?FPDIV
LX51 LINKER/LOCATER V4.41                                                             05/04/2019  17:53:25  PAGE 28


      010002BFH   PUBLIC    CODE     ---       ?C?FPDIV

      ---         MODULE    ---      ---       ?C?FCAST
      01000366H   PUBLIC    CODE     ---       ?C?FCASTC
      01000361H   PUBLIC    CODE     ---       ?C?FCASTI
      0100035CH   PUBLIC    CODE     ---       ?C?FCASTL

      ---         MODULE    ---      ---       ?C?CASTF
      0100039AH   PUBLIC    CODE     ---       ?C?CASTF

      ---         MODULE    ---      ---       PRINTF
      0200020EH   PUBLIC    XDATA    ---       ?_PRINTF?BYTE
      0200020EH   PUBLIC    XDATA    ---       ?_SPRINTF?BYTE
      01000985H   PUBLIC    CODE     ---       _PRINTF
      0100097FH   PUBLIC    CODE     ---       _SPRINTF

      ---         MODULE    ---      ---       SIN
      01001235H   PUBLIC    CODE     ---       _COS
      0100124BH   PUBLIC    CODE     ---       _SIN
      01001287H   PUBLIC    CODE     ---       _TAN

      ---         MODULE    ---      ---       ?C?FPGETOPN
      010003D1H   PUBLIC    CODE     ---       ?C?FPGETOPN2
      01000406H   PUBLIC    CODE     ---       ?C?FPNANRESULT
      01000410H   PUBLIC    CODE     ---       ?C?FPOVERFLOW
      010003E8H   PUBLIC    CODE     ---       ?C?FPRESULT
      010003FCH   PUBLIC    CODE     ---       ?C?FPRESULT2
      0100040DH   PUBLIC    CODE     ---       ?C?FPUNDERFLOW

      ---         MODULE    ---      ---       ?C?FPROUND
      0100041BH   PUBLIC    CODE     ---       ?C?FPROUND

      ---         MODULE    ---      ---       ?C?FPCONVERT
      01000458H   PUBLIC    CODE     ---       ?C?FPCONVERT

      ---         MODULE    ---      ---       ?C?FPSERIES
      0100055DH   PUBLIC    CODE     ---       ?C?FP2SERIES
      0100056CH   PUBLIC    CODE     ---       ?C?FPSERIES

      ---         MODULE    ---      ---       ?C?FTNPWR
      010005DAH   PUBLIC    CODE     ---       ?C?FTNPWR

      ---         MODULE    ---      ---       ?C_INIT
      01001660H   PUBLIC    CODE     ---       ?C_START

      ---         MODULE    ---      ---       ?C?CLDPTR
      0100061AH   PUBLIC    CODE     ---       ?C?CLDPTR

      ---         MODULE    ---      ---       ?C?CLDOPTR
      01000633H   PUBLIC    CODE     ---       ?C?CLDOPTR

      ---         MODULE    ---      ---       ?C?CSTPTR
      01000660H   PUBLIC    CODE     ---       ?C?CSTPTR

      ---         MODULE    ---      ---       ?C?CSTOPTR
      01000672H   PUBLIC    CODE     ---       ?C?CSTOPTR

      ---         MODULE    ---      ---       ?C?IMUL
      01000694H   PUBLIC    CODE     ---       ?C?IMUL

      ---         MODULE    ---      ---       ?C?UIDIV
      010006A6H   PUBLIC    CODE     ---       ?C?UIDIV

      ---         MODULE    ---      ---       ?C?SIDIV
      010006FBH   PUBLIC    CODE     ---       ?C?SIDIV
LX51 LINKER/LOCATER V4.41                                                             05/04/2019  17:53:25  PAGE 29



      ---         MODULE    ---      ---       ?C?ILDIX
      01000731H   PUBLIC    CODE     ---       ?C?ILDIX

      ---         MODULE    ---      ---       ?C?ILDPTR
      01000747H   PUBLIC    CODE     ---       ?C?ILDPTR

      ---         MODULE    ---      ---       ?C?IILDPTR
      01000772H   PUBLIC    CODE     ---       ?C?IILDPTR

      ---         MODULE    ---      ---       ?C?SLDIV
      0100176DH   PUBLIC    CODE     ---       ?C?SLDIV

      ---         MODULE    ---      ---       ?C?LNEG
      010007AAH   PUBLIC    CODE     ---       ?C?LNEG

      ---         MODULE    ---      ---       ?C?LLDCODE
      010007B8H   PUBLIC    CODE     ---       ?C?LLDCODE

      ---         MODULE    ---      ---       ?C?LLDXDATA0
      010007C8H   PUBLIC    CODE     ---       ?C?LLDXDATA0

      ---         MODULE    ---      ---       ?C?LLDCODE0
      010007D4H   PUBLIC    CODE     ---       ?C?LLDCODE0

      ---         MODULE    ---      ---       ?C?LSTXDATA
      010007E4H   PUBLIC    CODE     ---       ?C?LSTXDATA

      ---         MODULE    ---      ---       ?C?PLDIXDATA
      010007F0H   PUBLIC    CODE     ---       ?C?PLDIXDATA

      ---         MODULE    ---      ---       ?C?PSTXDATA
      01000807H   PUBLIC    CODE     ---       ?C?PSTXDATA

      ---         MODULE    ---      ---       ?C?CCASE
      01000810H   PUBLIC    CODE     ---       ?C?CCASE

      ---         MODULE    ---      ---       PUTCHAR
      010018C5H   PUBLIC    CODE     ---       _PUTCHAR

      ---         MODULE    ---      ---       ?C?IILDX
      01000836H   PUBLIC    CODE     ---       ?C?IILDX

      ---         MODULE    ---      ---       ?C?ULDIV
      01000888H   PUBLIC    CODE     ---       ?C?ULDIV

Program Size: data=23.2 xdata=643 const=0 code=6650
LX51 RUN COMPLETE.  0 WARNING(S),  0 ERROR(S)
