LX51 LINKER/LOCATER V4.41                                                               05/04/2019  20:59:20  PAGE 1


LX51 LINKER/LOCATER V4.41, INVOKED BY:
C:\KEIL\C51\BIN\LX51.EXE .\Objects\STARTUP.obj, .\Objects\main.obj, .\Objects\STC_PWM.obj, .\Objects\AD.obj TO .\Objects
>> \main PRINT (.\Listings\main.map)


CPU MODE:     8051 MODE
MEMORY MODEL: LARGE WITH FLOATING POINT ARITHMETIC


INPUT MODULES INCLUDED:
  .\Objects\STARTUP.obj (?C_STARTUP)
         COMMENT TYPE 1: A51 / ASM51 Assembler
  .\Objects\main.obj (MAIN)
         COMMENT TYPE 0: C51 V9.00
  .\Objects\STC_PWM.obj (STC_PWM)
         COMMENT TYPE 0: C51 V9.00
  .\Objects\AD.obj (AD)
         COMMENT TYPE 0: C51 V9.00
  C:\KEIL\C51\LIB\C51FPL.LIB (?C?FPADD)
         COMMENT TYPE 1: A51 / ASM51 Assembler
  C:\KEIL\C51\LIB\C51FPL.LIB (?C?FPMUL)
         COMMENT TYPE 1: A51 / ASM51 Assembler
  C:\KEIL\C51\LIB\C51FPL.LIB (?C?FPDIV)
         COMMENT TYPE 1: A51 / ASM51 Assembler
  C:\KEIL\C51\LIB\C51FPL.LIB (?C?FCAST)
         COMMENT TYPE 1: A51 / ASM51 Assembler
  C:\KEIL\C51\LIB\C51FPL.LIB (?C?CASTF)
         COMMENT TYPE 1: A51 / ASM51 Assembler
  C:\KEIL\C51\LIB\C51FPL.LIB (PRINTF)
         COMMENT TYPE 1: A51 / ASM51 Assembler
  C:\KEIL\C51\LIB\C51FPL.LIB (SIN)
         COMMENT TYPE 1: A51 / ASM51 Assembler
  C:\KEIL\C51\LIB\C51FPL.LIB (?C?FPGETOPN)
         COMMENT TYPE 1: A51 / ASM51 Assembler
  C:\KEIL\C51\LIB\C51FPL.LIB (?C?FPROUND)
         COMMENT TYPE 1: A51 / ASM51 Assembler
  C:\KEIL\C51\LIB\C51FPL.LIB (?C?FPCONVERT)
         COMMENT TYPE 1: A51 / ASM51 Assembler
  C:\KEIL\C51\LIB\C51FPL.LIB (?C?FPSERIES)
         COMMENT TYPE 1: A51 / ASM51 Assembler
  C:\KEIL\C51\LIB\C51FPL.LIB (?C?FTNPWR)
         COMMENT TYPE 1: A51 / ASM51 Assembler
  C:\KEIL\C51\LIB\C51L.LIB (?C_INIT)
         COMMENT TYPE 1: A51 / ASM51 Assembler
  C:\KEIL\C51\LIB\C51L.LIB (?C?CLDPTR)
         COMMENT TYPE 1: A51 / ASM51 Assembler
  C:\KEIL\C51\LIB\C51L.LIB (?C?CLDOPTR)
         COMMENT TYPE 1: A51 / ASM51 Assembler
  C:\KEIL\C51\LIB\C51L.LIB (?C?CSTPTR)
         COMMENT TYPE 1: A51 / ASM51 Assembler
  C:\KEIL\C51\LIB\C51L.LIB (?C?CSTOPTR)
         COMMENT TYPE 1: A51 / ASM51 Assembler
  C:\KEIL\C51\LIB\C51L.LIB (?C?IMUL)
         COMMENT TYPE 1: A51 / ASM51 Assembler
  C:\KEIL\C51\LIB\C51L.LIB (?C?UIDIV)
         COMMENT TYPE 1: A51 / ASM51 Assembler
  C:\KEIL\C51\LIB\C51L.LIB (?C?SIDIV)
         COMMENT TYPE 1: A51 / ASM51 Assembler
  C:\KEIL\C51\LIB\C51L.LIB (?C?ILDIX)
         COMMENT TYPE 1: A51 / ASM51 Assembler
  C:\KEIL\C51\LIB\C51L.LIB (?C?ILDPTR)
         COMMENT TYPE 1: A51 / ASM51 Assembler
  C:\KEIL\C51\LIB\C51L.LIB (?C?IILDPTR)
         COMMENT TYPE 1: A51 / ASM51 Assembler
  C:\KEIL\C51\LIB\C51L.LIB (?C?LNEG)
         COMMENT TYPE 1: A51 / ASM51 Assembler
LX51 LINKER/LOCATER V4.41                                                             05/04/2019  20:59:20  PAGE 2


  C:\KEIL\C51\LIB\C51L.LIB (?C?LLDCODE)
         COMMENT TYPE 1: A51 / ASM51 Assembler
  C:\KEIL\C51\LIB\C51L.LIB (?C?LLDXDATA0)
         COMMENT TYPE 1: A51 / ASM51 Assembler
  C:\KEIL\C51\LIB\C51L.LIB (?C?LLDCODE0)
         COMMENT TYPE 1: A51 / ASM51 Assembler
  C:\KEIL\C51\LIB\C51L.LIB (?C?LSTXDATA)
         COMMENT TYPE 1: A51 / ASM51 Assembler
  C:\KEIL\C51\LIB\C51L.LIB (?C?PLDIXDATA)
         COMMENT TYPE 1: A51 / ASM51 Assembler
  C:\KEIL\C51\LIB\C51L.LIB (?C?PSTXDATA)
         COMMENT TYPE 1: A51 / ASM51 Assembler
  C:\KEIL\C51\LIB\C51L.LIB (?C?CCASE)
         COMMENT TYPE 1: A51 / ASM51 Assembler
  C:\KEIL\C51\LIB\C51L.LIB (PUTCHAR)
         COMMENT TYPE 1: A51 / ASM51 Assembler
  C:\KEIL\C51\LIB\C51L.LIB (?C?IILDX)
         COMMENT TYPE 1: A51 / ASM51 Assembler


ACTIVE MEMORY CLASSES OF MODULE:  .\Objects\main (?C_STARTUP)

BASE        START       END         USED      MEMORY CLASS
==========================================================
C:000000H   C:000000H   C:00FFFFH   001891H   CODE
I:000000H   I:000000H   I:0000FFH   000001H   IDATA
X:000000H   X:000000H   X:00FFFFH   00028DH   XDATA
I:000000H   I:000000H   I:00007FH   000015H   DATA
I:000020H.0 I:000020H.0 I:00002FH.7 000001H.2 BIT


MEMORY MAP OF MODULE:  .\Objects\main (?C_STARTUP)


START     STOP      LENGTH    ALIGN  RELOC    MEMORY CLASS   SEGMENT NAME
=========================================================================

* * * * * * * * * * *   D A T A   M E M O R Y   * * * * * * * * * * * * *
000000H   000007H   000008H   ---    AT..     DATA           "REG BANK 0"
000008H   00000FH   000008H   ---    AT..     DATA           "REG BANK 1"
000010H   000014H   000005H   BYTE   UNIT     DATA           ?DT?PRINTF?PRINTF
000015H.0 00001FH.7 00000BH.0 ---    ---      **GAP**
000020H.0 000021H.0 000001H.1 BIT    UNIT     BIT            ?BI?PRINTF?PRINTF
000021H.1 000021H.1 000000H.1 BIT    UNIT     BIT            _BIT_GROUP_
000021H.2 000021H   000000H.6 ---    ---      **GAP**
000022H   000022H   000001H   BYTE   UNIT     IDATA          ?STACK

* * * * * * * * * * *   C O D E   M E M O R Y   * * * * * * * * * * * * *
000000H   000002H   000003H   ---    OFFS..   CODE           ?CO??C_STARTUP?0
000003H   00000AH   000008H   BYTE   UNIT     CODE           ?PR?_SENDDATA?MAIN
00000BH   00000DH   000003H   BYTE   OFFS..   CODE           ?MAIN?0000B
00000EH   00007EH   000071H   BYTE   UNIT     CODE           ?PR?FILTER?STC_PWM
00007FH   000082H   000004H   BYTE   UNIT     CODE           ?PR?PWMERROR_ISR?STC_PWM
000083H   00008AH   000008H   ---    ---      **GAP**
00008BH   00008DH   000003H   BYTE   OFFS..   CODE           ?MAIN?0008B
00008EH   0000B0H   000023H   BYTE   UNIT     CODE           ?PR?CURRENTPROTECTTASK?MAIN
0000B1H   0000B2H   000002H   ---    ---      **GAP**
0000B3H   0000B5H   000003H   BYTE   OFFS..   CODE           ?STC_PWM?000B3
0000B6H   0000BAH   000005H   ---    ---      **GAP**
0000BBH   0000BDH   000003H   BYTE   OFFS..   CODE           ?STC_PWM?000BB
0000BEH   00084BH   00078EH   BYTE   UNIT     CODE           ?C?LIB_CODE
00084CH   000CCEH   000483H   BYTE   UNIT     CODE           ?PR?PRINTF?PRINTF
000CCFH   000F42H   000274H   BYTE   UNIT     CODE           ?PR?_GETSINTAB?STC_PWM
000F43H   00112EH   0001ECH   BYTE   UNIT     CODE           ?C_INITSEG
00112FH   0012B6H   000188H   BYTE   UNIT     CODE           ?PR?SIN?SIN
LX51 LINKER/LOCATER V4.41                                                             05/04/2019  20:59:20  PAGE 3


0012B7H   0013D5H   00011FH   BYTE   UNIT     CODE           ?PR?_STC_PWM_INIT?STC_PWM
0013D6H   00149FH   0000CAH   BYTE   UNIT     CODE           ?PR?UARTCMDPROCESS?MAIN
0014A0H   00152BH   00008CH   BYTE   UNIT     CODE           ?C_C51STARTUP
00152CH   0015B1H   000086H   BYTE   UNIT     CODE           ?PR?PWM_ISR?STC_PWM
0015B2H   001608H   000057H   BYTE   UNIT     CODE           ?PR?_UARTGETBUF?MAIN
001609H   001650H   000048H   BYTE   UNIT     CODE           ?PR?_STC_PWM_SETVOLAGE?STC_PWM
001651H   001691H   000041H   BYTE   UNIT     CODE           ?PR?STC_PWM_TIMER?STC_PWM
001692H   0016CAH   000039H   BYTE   UNIT     CODE           ?PR?_SENDSTRING?MAIN
0016CBH   001703H   000039H   BYTE   UNIT     CODE           ?PR?_STC_PWM_TASK?STC_PWM
001704H   00173AH   000037H   BYTE   UNIT     CODE           ?PR?UART3?MAIN
00173BH   001761H   000027H   BYTE   UNIT     CODE           ?PR?MAIN?MAIN
001762H   001788H   000027H   BYTE   UNIT     CODE           ?PR?PUTCHAR?PUTCHAR
001789H   0017AEH   000026H   BYTE   UNIT     CODE           ?PR?_GETADCRESULT?AD
0017AFH   0017CEH   000020H   BYTE   UNIT     CODE           ?PR?TIMER0?MAIN
0017CFH   0017ECH   00001EH   BYTE   UNIT     CODE           ?PR?_DELAYMS?MAIN
0017EDH   001808H   00001CH   BYTE   UNIT     CODE           ?PR?IO_INIT?MAIN
001809H   001823H   00001BH   BYTE   UNIT     CODE           ?PR?_DELAY?AD
001824H   00183BH   000018H   BYTE   UNIT     CODE           ?PR?UART3INIT?MAIN
00183CH   001852H   000017H   BYTE   UNIT     CODE           ?PR?UART1INIT?MAIN
001853H   001868H   000016H   BYTE   UNIT     CODE           ?CO?MAIN
001869H   00187DH   000015H   BYTE   UNIT     CODE           ?PR?GET_VOLTAGE?STC_PWM
00187EH   001890H   000013H   BYTE   UNIT     CODE           ?PR?TIMER0INIT?MAIN
001891H   00189FH   00000FH   BYTE   UNIT     CODE           ?PR?INITADC?AD

* * * * * * * * * * *  X D A T A   M E M O R Y  * * * * * * * * * * * * *
000000H   0001B7H   0001B8H   BYTE   UNIT     XDATA          ?XD?STC_PWM
0001B8H   00020DH   000056H   BYTE   UNIT     XDATA          ?XD?UARTCMDPROCESS?MAIN
00020EH   00023DH   000030H   BYTE   UNIT     XDATA          ?XD?PRINTF?PRINTF
00023EH   000261H   000024H   BYTE   UNIT     XDATA          ?XD?MAIN
000262H   000285H   000024H   BYTE   UNIT     XDATA          _XDATA_GROUP_
000286H   000289H   000004H   BYTE   UNIT     XDATA          ?XD?_UARTGETBUF?MAIN
00028AH   00028CH   000003H   BYTE   UNIT     XDATA          ?XD?_SENDSTRING?MAIN



OVERLAY MAP OF MODULE:   .\Objects\main (?C_STARTUP)


FUNCTION/MODULE                  BIT_GROUP   XDATA_GROUP
--> CALLED FUNCTION/MODULE      START  STOP  START  STOP
========================================================
?C_C51STARTUP                   ----- -----  ----- -----
  +--> ?PR?MAIN?MAIN
  +--> ?C_INITSEG

MAIN/MAIN                       ----- -----  ----- -----
  +--> ?PR?IO_INIT?MAIN
  +--> ?PR?UART1INIT?MAIN
  +--> ?PR?UART3INIT?MAIN
  +--> ?PR?TIMER0INIT?MAIN
  +--> ?PR?INITADC?AD
  +--> ?PR?_STC_PWM_INIT?STC_PWM
  +--> ?PR?_STC_PWM_SETVOLAGE?STC_PWM

IO_INIT/MAIN                    ----- -----  ----- -----

UART1INIT/MAIN                  ----- -----  ----- -----

UART3INIT/MAIN                  ----- -----  ----- -----

TIMER0INIT/MAIN                 ----- -----  ----- -----

INITADC/AD                      ----- -----  ----- -----
  +--> ?PR?_DELAY?AD

LX51 LINKER/LOCATER V4.41                                                             05/04/2019  20:59:20  PAGE 4


_DELAY/AD                       ----- -----  ----- -----

_STC_PWM_INIT/STC_PWM           ----- -----  0262H 0264H
  +--> ?PR?GET_VOLTAGE?STC_PWM

GET_VOLTAGE/STC_PWM             ----- -----  ----- -----
  +--> ?PR?FILTER?STC_PWM

FILTER/STC_PWM                  ----- -----  0265H 0266H
  +--> ?PR?_GETADCRESULT?AD

_GETADCRESULT/AD                ----- -----  ----- -----

_STC_PWM_SETVOLAGE/STC_PWM      ----- -----  0262H 0263H

?C_INITSEG                      ----- -----  ----- -----

*** NEW ROOT ******************

TIMER0/MAIN                     ----- -----  ----- -----
  +--> ?PR?CURRENTPROTECTTASK?MAIN
  +--> ?PR?STC_PWM_TIMER?STC_PWM

CURRENTPROTECTTASK/MAIN         ----- -----  ----- -----
  +--> ?PR?_GETADCRESULT?AD

STC_PWM_TIMER/STC_PWM           ----- -----  ----- -----
  +--> ?PR?_STC_PWM_TASK?STC_PWM

_STC_PWM_TASK/STC_PWM           ----- -----  0267H 026DH
  +--> ?PR?_GETSINTAB?STC_PWM

_GETSINTAB/STC_PWM              ----- -----  026EH 0281H
  +--> ?PR?SIN?SIN
  +--> ?PR?_SENDDATA?MAIN

SIN/SIN                         21H.1 21H.1  0282H 0285H

_SENDDATA/MAIN                  ----- -----  ----- -----

*** NEW ROOT ******************

UART3/MAIN                      ----- -----  ----- -----

*** NEW ROOT ******************

PWM_ISR/STC_PWM                 ----- -----  ----- -----

*** NEW ROOT ******************

PWMERROR_ISR/STC_PWM            ----- -----  ----- -----



PUBLIC SYMBOLS OF MODULE:  .\Objects\main (?C_STARTUP)


      VALUE       CLASS    TYPE      PUBLIC SYMBOL NAME
      =================================================
      0200020EH   XDATA    ---       ?_PRINTF?BYTE
      0200020EH   XDATA    ---       ?_SPRINTF?BYTE
      02000267H   XDATA    BYTE      ?_STC_PWM_Task?BYTE
      0100039AH   CODE     ---       ?C?CASTF
      01000810H   CODE     ---       ?C?CCASE
      01000633H   CODE     ---       ?C?CLDOPTR
LX51 LINKER/LOCATER V4.41                                                             05/04/2019  20:59:20  PAGE 5


      0100061AH   CODE     ---       ?C?CLDPTR
      00000000H   NUMBER   ---       ?C?CODESEG
      01000672H   CODE     ---       ?C?CSTOPTR
      01000660H   CODE     ---       ?C?CSTPTR
      01000366H   CODE     ---       ?C?FCASTC
      01000361H   CODE     ---       ?C?FCASTI
      0100035CH   CODE     ---       ?C?FCASTL
      0100055DH   CODE     ---       ?C?FP2SERIES
      010000C5H   CODE     ---       ?C?FPADD
      01000458H   CODE     ---       ?C?FPCONVERT
      010002BFH   CODE     ---       ?C?FPDIV
      010003D1H   CODE     ---       ?C?FPGETOPN2
      010001B6H   CODE     ---       ?C?FPMUL
      01000406H   CODE     ---       ?C?FPNANRESULT
      01000410H   CODE     ---       ?C?FPOVERFLOW
      010003E8H   CODE     ---       ?C?FPRESULT
      010003FCH   CODE     ---       ?C?FPRESULT2
      0100041BH   CODE     ---       ?C?FPROUND
      0100056CH   CODE     ---       ?C?FPSERIES
      010000C1H   CODE     ---       ?C?FPSUB
      0100040DH   CODE     ---       ?C?FPUNDERFLOW
      010005DAH   CODE     ---       ?C?FTNPWR
      01000772H   CODE     ---       ?C?IILDPTR
      01000836H   CODE     ---       ?C?IILDX
      01000731H   CODE     ---       ?C?ILDIX
      01000747H   CODE     ---       ?C?ILDPTR
      01000694H   CODE     ---       ?C?IMUL
      010007B8H   CODE     ---       ?C?LLDCODE
      010007D4H   CODE     ---       ?C?LLDCODE0
      010007C8H   CODE     ---       ?C?LLDXDATA0
      010007AAH   CODE     ---       ?C?LNEG
      010007E4H   CODE     ---       ?C?LSTXDATA
      010007F0H   CODE     ---       ?C?PLDIXDATA
      01000807H   CODE     ---       ?C?PSTXDATA
      010006FBH   CODE     ---       ?C?SIDIV
      010006A6H   CODE     ---       ?C?UIDIV
      00000000H   NUMBER   ---       ?C?XDATASEG
      010014E7H   CODE     ---       ?C_START
      01000000H   CODE     ---       ?C_STARTUP
      01001177H   CODE     ---       _COS
      01001809H   CODE     ---       _Delay
      010017CFH   CODE     ---       _delayms
      01001789H   CODE     ---       _GetADCResult
      01000CCFH   CODE     ---       _GetSinTab
      010008B7H   CODE     ---       _PRINTF
      01001762H   CODE     ---       _PUTCHAR
      01000003H   CODE     ---       _SendData
      01001698H   CODE     ---       _SendString
      0100118DH   CODE     ---       _SIN
      010008B1H   CODE     ---       _SPRINTF
      010012B7H   CODE     ---       _STC_PWM_Init
      01001609H   CODE     ---       _STC_PWM_SetVolage
      010016CBH   CODE     ---       _STC_PWM_Task
      010011C9H   CODE     ---       _TAN
      010015B2H   CODE     ---       _UartGetBuf
*SFR* 000000D0H.6 DATA     BIT       AC
*SFR* 000000E0H   DATA     BYTE      ACC
*SFR* 000000BCH   DATA     BYTE      ADC_CONTR
*SFR* 000000BDH   DATA     BYTE      ADC_RES
*SFR* 000000BEH   DATA     BYTE      ADC_RESL
*SFR* 0000008EH   DATA     BYTE      AUXR
*SFR* 000000A2H   DATA     BYTE      AUXR1
*SFR* 000000F0H   DATA     BYTE      B
*SFR* 000000A1H   DATA     BYTE      BUS_SPEED
*SFR* 000000FAH   DATA     BYTE      CCAP0H
LX51 LINKER/LOCATER V4.41                                                             05/04/2019  20:59:20  PAGE 6


*SFR* 000000EAH   DATA     BYTE      CCAP0L
*SFR* 000000FBH   DATA     BYTE      CCAP1H
*SFR* 000000EBH   DATA     BYTE      CCAP1L
*SFR* 000000FCH   DATA     BYTE      CCAP2H
*SFR* 000000ECH   DATA     BYTE      CCAP2L
*SFR* 000000DAH   DATA     BYTE      CCAPM0
*SFR* 000000DBH   DATA     BYTE      CCAPM1
*SFR* 000000DCH   DATA     BYTE      CCAPM2
*SFR* 000000D8H   DATA     BIT       CCF0
*SFR* 000000D8H.1 DATA     BIT       CCF1
*SFR* 000000D8H.2 DATA     BIT       CCF2
*SFR* 000000D8H   DATA     BYTE      CCON
*SFR* 000000D8H.7 DATA     BIT       CF
*SFR* 000000F9H   DATA     BYTE      CH
*SFR* 000000E9H   DATA     BYTE      CL
*SFR* 00000097H   DATA     BYTE      CLK_DIV
*SFR* 000000D9H   DATA     BYTE      CMOD
*SFR* 000000E6H   DATA     BYTE      CMPCR1
*SFR* 000000E7H   DATA     BYTE      CMPCR2
*SFR* 000000D8H.6 DATA     BIT       CR
      0100008EH   CODE     ---       CurrentProtectTask
*SFR* 000000D0H.7 DATA     BIT       CY
*SFR* 00000083H   DATA     BYTE      DPH
*SFR* 00000082H   DATA     BYTE      DPL
*SFR* 00000080H.4 DATA     BIT       Drive_SD
*SFR* 000000A8H.7 DATA     BIT       EA
*SFR* 000000A8H.5 DATA     BIT       EADC
*SFR* 000000A8H.6 DATA     BIT       ELVD
*SFR* 000000A8H.4 DATA     BIT       ES
*SFR* 000000A8H.1 DATA     BIT       ET0
*SFR* 000000A8H.3 DATA     BIT       ET1
*SFR* 000000A8H   DATA     BIT       EX0
*SFR* 000000A8H.2 DATA     BIT       EX1
*SFR* 000000D0H.5 DATA     BIT       F0
      0100000EH   CODE     ---       Filter
      02000006H   XDATA    ---       filter_buf
      01001869H   CODE     ---       Get_voltage
*SFR* 000000C3H   DATA     BYTE      IAP_ADDRH
*SFR* 000000C4H   DATA     BYTE      IAP_ADDRL
*SFR* 000000C5H   DATA     BYTE      IAP_CMD
*SFR* 000000C7H   DATA     BYTE      IAP_CONTR
*SFR* 000000C2H   DATA     BYTE      IAP_DATA
*SFR* 000000C6H   DATA     BYTE      IAP_TRIG
*SFR* 000000A8H   DATA     BYTE      IE
*SFR* 00000088H.1 DATA     BIT       IE0
*SFR* 00000088H.3 DATA     BIT       IE1
*SFR* 000000AFH   DATA     BYTE      IE2
      01001891H   CODE     ---       InitADC
*SFR* 000000B0H.2 DATA     BIT       INT0
*SFR* 000000B0H.3 DATA     BIT       INT1
*SFR* 0000008FH   DATA     BYTE      INT_CLKO
      010017EDH   CODE     ---       IO_init
*SFR* 000000B8H   DATA     BYTE      IP
*SFR* 000000B5H   DATA     BYTE      IP2
*SFR* 00000088H   DATA     BIT       IT0
*SFR* 00000088H.2 DATA     BIT       IT1
      0100173BH   CODE     ---       main
*SFR* 000000D0H.2 DATA     BIT       OV
*SFR* 000000D0H   DATA     BIT       P
*SFR* 00000080H   DATA     BYTE      P0
*SFR* 00000080H   DATA     BIT       P00
*SFR* 00000080H.1 DATA     BIT       P01
*SFR* 00000080H.2 DATA     BIT       P02
*SFR* 00000080H.3 DATA     BIT       P03
*SFR* 00000080H.4 DATA     BIT       P04
LX51 LINKER/LOCATER V4.41                                                             05/04/2019  20:59:20  PAGE 7


*SFR* 00000080H.5 DATA     BIT       P05
*SFR* 00000080H.6 DATA     BIT       P06
*SFR* 00000080H.7 DATA     BIT       P07
*SFR* 00000094H   DATA     BYTE      P0M0
*SFR* 00000093H   DATA     BYTE      P0M1
*SFR* 00000090H   DATA     BYTE      P1
*SFR* 00000090H   DATA     BIT       P10
*SFR* 00000090H.1 DATA     BIT       P11
*SFR* 00000090H.2 DATA     BIT       P12
*SFR* 00000090H.3 DATA     BIT       P13
*SFR* 00000090H.4 DATA     BIT       P14
*SFR* 00000090H.5 DATA     BIT       P15
*SFR* 00000090H.6 DATA     BIT       P16
*SFR* 00000090H.7 DATA     BIT       P17
*SFR* 0000009DH   DATA     BYTE      P1ASF
*SFR* 00000092H   DATA     BYTE      P1M0
*SFR* 00000091H   DATA     BYTE      P1M1
*SFR* 000000A0H   DATA     BYTE      P2
*SFR* 000000A0H   DATA     BIT       P20
*SFR* 000000A0H.1 DATA     BIT       P21
*SFR* 000000A0H.2 DATA     BIT       P22
*SFR* 000000A0H.3 DATA     BIT       P23
*SFR* 000000A0H.4 DATA     BIT       P24
*SFR* 000000A0H.5 DATA     BIT       P25
*SFR* 000000A0H.6 DATA     BIT       P26
*SFR* 000000A0H.7 DATA     BIT       P27
*SFR* 00000096H   DATA     BYTE      P2M0
*SFR* 00000095H   DATA     BYTE      P2M1
*SFR* 000000B0H   DATA     BYTE      P3
*SFR* 000000B0H   DATA     BIT       P30
*SFR* 000000B0H.1 DATA     BIT       P31
*SFR* 000000B0H.2 DATA     BIT       P32
*SFR* 000000B0H.3 DATA     BIT       P33
*SFR* 000000B0H.4 DATA     BIT       P34
*SFR* 000000B0H.5 DATA     BIT       P35
*SFR* 000000B0H.6 DATA     BIT       P36
*SFR* 000000B0H.7 DATA     BIT       P37
*SFR* 000000B2H   DATA     BYTE      P3M0
*SFR* 000000B1H   DATA     BYTE      P3M1
*SFR* 000000C0H   DATA     BYTE      P4
*SFR* 000000C0H   DATA     BIT       P40
*SFR* 000000C0H.1 DATA     BIT       P41
*SFR* 000000C0H.2 DATA     BIT       P42
*SFR* 000000C0H.3 DATA     BIT       P43
*SFR* 000000C0H.4 DATA     BIT       P44
*SFR* 000000C0H.5 DATA     BIT       P45
*SFR* 000000C0H.6 DATA     BIT       P46
*SFR* 000000C0H.7 DATA     BIT       P47
*SFR* 000000B4H   DATA     BYTE      P4M0
*SFR* 000000B3H   DATA     BYTE      P4M1
*SFR* 000000C8H   DATA     BYTE      P5
*SFR* 000000C8H   DATA     BIT       P50
*SFR* 000000C8H.1 DATA     BIT       P51
*SFR* 000000C8H.2 DATA     BIT       P52
*SFR* 000000C8H.3 DATA     BIT       P53
*SFR* 000000C8H.4 DATA     BIT       P54
*SFR* 000000C8H.5 DATA     BIT       P55
*SFR* 000000C8H.6 DATA     BIT       P56
*SFR* 000000C8H.7 DATA     BIT       P57
*SFR* 000000CAH   DATA     BYTE      P5M0
*SFR* 000000C9H   DATA     BYTE      P5M1
*SFR* 000000E8H   DATA     BYTE      P6
*SFR* 000000E8H   DATA     BIT       P60
*SFR* 000000E8H.1 DATA     BIT       P61
*SFR* 000000E8H.2 DATA     BIT       P62
LX51 LINKER/LOCATER V4.41                                                             05/04/2019  20:59:20  PAGE 8


*SFR* 000000E8H.3 DATA     BIT       P63
*SFR* 000000E8H.4 DATA     BIT       P64
*SFR* 000000E8H.5 DATA     BIT       P65
*SFR* 000000E8H.6 DATA     BIT       P66
*SFR* 000000E8H.7 DATA     BIT       P67
*SFR* 000000CCH   DATA     BYTE      P6M0
*SFR* 000000CBH   DATA     BYTE      P6M1
*SFR* 000000F8H   DATA     BYTE      P7
*SFR* 000000F8H   DATA     BIT       P70
*SFR* 000000F8H.1 DATA     BIT       P71
*SFR* 000000F8H.2 DATA     BIT       P72
*SFR* 000000F8H.3 DATA     BIT       P73
*SFR* 000000F8H.4 DATA     BIT       P74
*SFR* 000000F8H.5 DATA     BIT       P75
*SFR* 000000F8H.6 DATA     BIT       P76
*SFR* 000000F8H.7 DATA     BIT       P77
*SFR* 000000E2H   DATA     BYTE      P7M0
*SFR* 000000E1H   DATA     BYTE      P7M1
*SFR* 000000A2H   DATA     BYTE      P_SW1
*SFR* 000000BAH   DATA     BYTE      P_SW2
*SFR* 000000B8H.5 DATA     BIT       PADC
*SFR* 000000F2H   DATA     BYTE      PCA_PWM0
*SFR* 000000F3H   DATA     BYTE      PCA_PWM1
*SFR* 000000F4H   DATA     BYTE      PCA_PWM2
*SFR* 00000087H   DATA     BYTE      PCON
*SFR* 000000BAH   DATA     BYTE      PIN_SW2
*SFR* 000000B8H.6 DATA     BIT       PLVD
*SFR* 000000B8H.7 DATA     BIT       PPCA
*SFR* 000000B8H.4 DATA     BIT       PS
*SFR* 000000D0H   DATA     BYTE      PSW
*SFR* 000000B8H.1 DATA     BIT       PT0
*SFR* 000000B8H.3 DATA     BIT       PT1
      0200023EH   XDATA    WORD      ptotectTimer
      0100152CH   CODE     ---       pwm_isr
*SFR* 000000F1H   DATA     BYTE      PWMCFG
*SFR* 000000F5H   DATA     BYTE      PWMCR
      0100007FH   CODE     ---       pwmError_isr
*SFR* 000000F7H   DATA     BYTE      PWMFDCR
*SFR* 000000F6H   DATA     BYTE      PWMIF
*SFR* 000000B8H   DATA     BIT       PX0
*SFR* 000000B8H.2 DATA     BIT       PX1
*SFR* 00000098H.2 DATA     BIT       RB8
*SFR* 00000098H.4 DATA     BIT       REN
*SFR* 00000098H   DATA     BIT       RI
*SFR* 000000D0H.3 DATA     BIT       RS0
*SFR* 000000D0H.4 DATA     BIT       RS1
*SFR* 0000009BH   DATA     BYTE      S2BUF
*SFR* 0000009AH   DATA     BYTE      S2CON
*SFR* 000000ADH   DATA     BYTE      S3BUF
*SFR* 000000ACH   DATA     BYTE      S3CON
*SFR* 00000085H   DATA     BYTE      S4BUF
*SFR* 00000084H   DATA     BYTE      S4CON
*SFR* 000000A9H   DATA     BYTE      SADDR
*SFR* 000000B9H   DATA     BYTE      SADEN
*SFR* 00000099H   DATA     BYTE      SBUF
*SFR* 00000098H   DATA     BYTE      SCON
*SFR* 00000098H.7 DATA     BIT       SM0
*SFR* 00000098H.6 DATA     BIT       SM1
*SFR* 00000098H.5 DATA     BIT       SM2
*SFR* 00000081H   DATA     BYTE      SP
*SFR* 000000B0H.4 DATA     BIT       SP485_ON
*SFR* 000000CEH   DATA     BYTE      SPCTL
*SFR* 000000CFH   DATA     BYTE      SPDAT
*SFR* 000000CDH   DATA     BYTE      SPSTAT
      01001651H   CODE     ---       STC_PWM_Timer
LX51 LINKER/LOCATER V4.41                                                             05/04/2019  20:59:20  PAGE 9


*SFR* 000000D6H   DATA     BYTE      T2H
*SFR* 000000D7H   DATA     BYTE      T2L
*SFR* 000000D4H   DATA     BYTE      T3H
*SFR* 000000D5H   DATA     BYTE      T3L
*SFR* 000000D1H   DATA     BYTE      T3T4M
*SFR* 000000D2H   DATA     BYTE      T4H
*SFR* 000000D3H   DATA     BYTE      T4L
*SFR* 000000D1H   DATA     BYTE      T4T3M
      02000024H   XDATA    ---       T_SinTable
*SFR* 00000098H.3 DATA     BIT       TB8
*SFR* 00000088H   DATA     BYTE      TCON
*SFR* 00000088H.5 DATA     BIT       TF0
*SFR* 00000088H.7 DATA     BIT       TF1
*SFR* 0000008CH   DATA     BYTE      TH0
*SFR* 0000008DH   DATA     BYTE      TH1
*SFR* 00000098H.1 DATA     BIT       TI
      010017AFH   CODE     ---       Timer0
      0100187EH   CODE     ---       Timer0Init
*SFR* 0000008AH   DATA     BYTE      TL0
*SFR* 0000008BH   DATA     BYTE      TL1
*SFR* 00000089H   DATA     BYTE      TMOD
*SFR* 00000088H.4 DATA     BIT       TR0
*SFR* 00000088H.6 DATA     BIT       TR1
      0100183CH   CODE     ---       Uart1Init
      01001704H   CODE     ---       Uart3
      02000241H   XDATA    ---       Uart3_Rec
      01001824H   CODE     ---       Uart3Init
      010013D6H   CODE     ---       UartCmdProcess
      02000240H   XDATA    BYTE      uartRcvLen
      02000261H   XDATA    BYTE      uartReadLen
      02000022H   XDATA    BYTE      Value_50
      02000023H   XDATA    BYTE      Value_60
*SFR* 000000C1H   DATA     BYTE      WDT_CONTR
*SFR* 000000ABH   DATA     BYTE      WKTCH
*SFR* 000000AAH   DATA     BYTE      WKTCL



SYMBOL TABLE OF MODULE:  .\Objects\main (?C_STARTUP)

      VALUE       REP       CLASS    TYPE      SYMBOL NAME
      ====================================================
      ---         MODULE    ---      ---       ?C_STARTUP
      01000000H   PUBLIC    CODE     ---       ?C_STARTUP
      000000E0H   SYMBOL    DATA     ---       ACC
      000000F0H   SYMBOL    DATA     ---       B
      00000083H   SYMBOL    DATA     ---       DPH
      00000082H   SYMBOL    DATA     ---       DPL
      00000000H   SYMBOL    NUMBER   ---       IBPSTACK
      00000100H   SYMBOL    NUMBER   ---       IBPSTACKTOP
      00000080H   SYMBOL    NUMBER   ---       IDATALEN
      010014A3H   SYMBOL    CODE     ---       IDATALOOP
      00000000H   SYMBOL    NUMBER   ---       PBPSTACK
      00000100H   SYMBOL    NUMBER   ---       PBPSTACKTOP
      00000000H   SYMBOL    NUMBER   ---       PDATALEN
      00000000H   SYMBOL    NUMBER   ---       PDATASTART
      00000000H   SYMBOL    NUMBER   ---       PPAGE
      00000000H   SYMBOL    NUMBER   ---       PPAGEENABLE
      000000A0H   SYMBOL    DATA     ---       PPAGE_SFR
      00000081H   SYMBOL    DATA     ---       SP
      010014A0H   SYMBOL    CODE     ---       STARTUP1
      00000000H   SYMBOL    NUMBER   ---       XBPSTACK
      00000000H   SYMBOL    NUMBER   ---       XBPSTACKTOP
      00000000H   SYMBOL    NUMBER   ---       XDATALEN
      00000000H   SYMBOL    NUMBER   ---       XDATASTART
LX51 LINKER/LOCATER V4.41                                                             05/04/2019  20:59:20  PAGE 10


      01000000H   LINE      CODE     ---       #126
      010014A0H   LINE      CODE     ---       #133
      010014A2H   LINE      CODE     ---       #134
      010014A3H   LINE      CODE     ---       #135
      010014A4H   LINE      CODE     ---       #136
      010014A6H   LINE      CODE     ---       #185
      010014A9H   LINE      CODE     ---       #196

      ---         MODULE    ---      ---       MAIN
      02000261H   PUBLIC    XDATA    BYTE      uartReadLen
      02000241H   PUBLIC    XDATA    ---       Uart3_Rec
      02000240H   PUBLIC    XDATA    BYTE      uartRcvLen
      0200023EH   PUBLIC    XDATA    WORD      ptotectTimer
      01001704H   PUBLIC    CODE     ---       Uart3
      010017AFH   PUBLIC    CODE     ---       Timer0
      0100173BH   PUBLIC    CODE     ---       main
      010013D6H   PUBLIC    CODE     ---       UartCmdProcess
      010015B2H   PUBLIC    CODE     ---       _UartGetBuf
      0100008EH   PUBLIC    CODE     ---       CurrentProtectTask
      010017EDH   PUBLIC    CODE     ---       IO_init
      01001698H   PUBLIC    CODE     ---       _SendString
      01000003H   PUBLIC    CODE     ---       _SendData
      0100187EH   PUBLIC    CODE     ---       Timer0Init
      01001824H   PUBLIC    CODE     ---       Uart3Init
      0100183CH   PUBLIC    CODE     ---       Uart1Init
      010017CFH   PUBLIC    CODE     ---       _delayms
      000000D8H.2 SFRSYM    DATA     BIT       CCF2
      00000092H   SFRSYM    DATA     BYTE      P1M0
      00000093H   SFRSYM    DATA     BYTE      P0M1
      00000096H   SFRSYM    DATA     BYTE      P2M0
      00000091H   SFRSYM    DATA     BYTE      P1M1
      00000080H   SFRSYM    DATA     BYTE      P0
      000000B2H   SFRSYM    DATA     BYTE      P3M0
      00000095H   SFRSYM    DATA     BYTE      P2M1
      00000090H   SFRSYM    DATA     BYTE      P1
      000000B4H   SFRSYM    DATA     BYTE      P4M0
      000000B1H   SFRSYM    DATA     BYTE      P3M1
      000000A0H   SFRSYM    DATA     BYTE      P2
      000000ABH   SFRSYM    DATA     BYTE      WKTCH
      000000CAH   SFRSYM    DATA     BYTE      P5M0
      000000B3H   SFRSYM    DATA     BYTE      P4M1
      000000B0H   SFRSYM    DATA     BYTE      P3
      000000CCH   SFRSYM    DATA     BYTE      P6M0
      000000C9H   SFRSYM    DATA     BYTE      P5M1
      000000C0H   SFRSYM    DATA     BYTE      P4
      000000D0H.6 SFRSYM    DATA     BIT       AC
      000000F6H   SFRSYM    DATA     BYTE      PWMIF
      000000E2H   SFRSYM    DATA     BYTE      P7M0
      000000CBH   SFRSYM    DATA     BYTE      P6M1
      000000C8H   SFRSYM    DATA     BYTE      P5
      000000A8H.7 SFRSYM    DATA     BIT       EA
      000000E1H   SFRSYM    DATA     BYTE      P7M1
      000000E8H   SFRSYM    DATA     BYTE      P6
      000000AAH   SFRSYM    DATA     BYTE      WKTCL
      000000F8H   SFRSYM    DATA     BYTE      P7
      000000CEH   SFRSYM    DATA     BYTE      SPCTL
      000000D8H.7 SFRSYM    DATA     BIT       CF
      000000F5H   SFRSYM    DATA     BYTE      PWMCR
      000000F9H   SFRSYM    DATA     BYTE      CH
      000000A2H   SFRSYM    DATA     BYTE      P_SW1
      000000BAH   SFRSYM    DATA     BYTE      P_SW2
      000000A8H.5 SFRSYM    DATA     BIT       EADC
      000000A8H   SFRSYM    DATA     BYTE      IE
      000000E9H   SFRSYM    DATA     BYTE      CL
      000000C5H   SFRSYM    DATA     BYTE      IAP_CMD
LX51 LINKER/LOCATER V4.41                                                             05/04/2019  20:59:20  PAGE 11


      000000FAH   SFRSYM    DATA     BYTE      CCAP0H
      000000FBH   SFRSYM    DATA     BYTE      CCAP1H
      000000FCH   SFRSYM    DATA     BYTE      CCAP2H
      000000BDH   SFRSYM    DATA     BYTE      ADC_RES
      000000EAH   SFRSYM    DATA     BYTE      CCAP0L
      000000D8H.6 SFRSYM    DATA     BIT       CR
      000000F7H   SFRSYM    DATA     BYTE      PWMFDCR
      000000EBH   SFRSYM    DATA     BYTE      CCAP1L
      000000DAH   SFRSYM    DATA     BYTE      CCAPM0
      000000ECH   SFRSYM    DATA     BYTE      CCAP2L
      000000DBH   SFRSYM    DATA     BYTE      CCAPM1
      000000DCH   SFRSYM    DATA     BYTE      CCAPM2
      000000A8H.4 SFRSYM    DATA     BIT       ES
      000000B8H.5 SFRSYM    DATA     BIT       PADC
      000000B8H   SFRSYM    DATA     BYTE      IP
      00000098H   SFRSYM    DATA     BIT       RI
      000000B0H.2 SFRSYM    DATA     BIT       INT0
      000000D0H.7 SFRSYM    DATA     BIT       CY
      00000098H.1 SFRSYM    DATA     BIT       TI
      000000B0H.3 SFRSYM    DATA     BIT       INT1
      00000097H   SFRSYM    DATA     BYTE      CLK_DIV
      000000C3H   SFRSYM    DATA     BYTE      IAP_ADDRH
      000000B8H.4 SFRSYM    DATA     BIT       PS
      00000081H   SFRSYM    DATA     BYTE      SP
      000000D9H   SFRSYM    DATA     BYTE      CMOD
      000000D8H   SFRSYM    DATA     BYTE      CCON
      000000C4H   SFRSYM    DATA     BYTE      IAP_ADDRL
      000000B8H.7 SFRSYM    DATA     BIT       PPCA
      000000D0H.2 SFRSYM    DATA     BIT       OV
      000000E6H   SFRSYM    DATA     BYTE      CMPCR1
      000000E7H   SFRSYM    DATA     BYTE      CMPCR2
      000000A8H.6 SFRSYM    DATA     BIT       ELVD
      00000080H   SFRSYM    DATA     BIT       P00
      000000BCH   SFRSYM    DATA     BYTE      ADC_CONTR
      00000099H   SFRSYM    DATA     BYTE      SBUF
      00000087H   SFRSYM    DATA     BYTE      PCON
      00000090H   SFRSYM    DATA     BIT       P10
      00000080H.1 SFRSYM    DATA     BIT       P01
      000000A0H   SFRSYM    DATA     BIT       P20
      00000090H.1 SFRSYM    DATA     BIT       P11
      00000080H.2 SFRSYM    DATA     BIT       P02
      000000B0H   SFRSYM    DATA     BIT       P30
      000000A0H.1 SFRSYM    DATA     BIT       P21
      00000090H.2 SFRSYM    DATA     BIT       P12
      00000080H.3 SFRSYM    DATA     BIT       P03
      00000098H   SFRSYM    DATA     BYTE      SCON
      000000C0H   SFRSYM    DATA     BIT       P40
      000000B0H.1 SFRSYM    DATA     BIT       P31
      000000A0H.2 SFRSYM    DATA     BIT       P22
      00000090H.3 SFRSYM    DATA     BIT       P13
      00000080H.4 SFRSYM    DATA     BIT       P04
      00000089H   SFRSYM    DATA     BYTE      TMOD
      00000088H   SFRSYM    DATA     BYTE      TCON
      000000C8H   SFRSYM    DATA     BIT       P50
      000000C0H.1 SFRSYM    DATA     BIT       P41
      000000B0H.2 SFRSYM    DATA     BIT       P32
      000000A0H.3 SFRSYM    DATA     BIT       P23
      00000090H.4 SFRSYM    DATA     BIT       P14
      00000080H.5 SFRSYM    DATA     BIT       P05
      000000E8H   SFRSYM    DATA     BIT       P60
      000000C8H.1 SFRSYM    DATA     BIT       P51
      000000C0H.2 SFRSYM    DATA     BIT       P42
      000000B0H.3 SFRSYM    DATA     BIT       P33
      000000A0H.4 SFRSYM    DATA     BIT       P24
      00000090H.5 SFRSYM    DATA     BIT       P15
LX51 LINKER/LOCATER V4.41                                                             05/04/2019  20:59:20  PAGE 12


      00000080H.6 SFRSYM    DATA     BIT       P06
      000000B8H.6 SFRSYM    DATA     BIT       PLVD
      000000F8H   SFRSYM    DATA     BIT       P70
      000000E8H.1 SFRSYM    DATA     BIT       P61
      000000C8H.2 SFRSYM    DATA     BIT       P52
      000000C0H.3 SFRSYM    DATA     BIT       P43
      000000B0H.4 SFRSYM    DATA     BIT       P34
      000000A0H.5 SFRSYM    DATA     BIT       P25
      00000090H.6 SFRSYM    DATA     BIT       P16
      00000080H.7 SFRSYM    DATA     BIT       P07
      000000F8H.1 SFRSYM    DATA     BIT       P71
      000000E8H.2 SFRSYM    DATA     BIT       P62
      000000C8H.3 SFRSYM    DATA     BIT       P53
      000000C0H.4 SFRSYM    DATA     BIT       P44
      000000B0H.5 SFRSYM    DATA     BIT       P35
      000000A0H.6 SFRSYM    DATA     BIT       P26
      00000090H.7 SFRSYM    DATA     BIT       P17
      000000F8H.2 SFRSYM    DATA     BIT       P72
      000000E8H.3 SFRSYM    DATA     BIT       P63
      000000C8H.4 SFRSYM    DATA     BIT       P54
      000000C0H.5 SFRSYM    DATA     BIT       P45
      000000B0H.6 SFRSYM    DATA     BIT       P36
      000000A0H.7 SFRSYM    DATA     BIT       P27
      000000F8H.3 SFRSYM    DATA     BIT       P73
      000000E8H.4 SFRSYM    DATA     BIT       P64
      000000C8H.5 SFRSYM    DATA     BIT       P55
      000000C0H.6 SFRSYM    DATA     BIT       P46
      000000B0H.7 SFRSYM    DATA     BIT       P37
      000000F8H.4 SFRSYM    DATA     BIT       P74
      000000E8H.5 SFRSYM    DATA     BIT       P65
      000000C8H.6 SFRSYM    DATA     BIT       P56
      000000C0H.7 SFRSYM    DATA     BIT       P47
      000000F8H.5 SFRSYM    DATA     BIT       P75
      000000E8H.6 SFRSYM    DATA     BIT       P66
      000000C8H.7 SFRSYM    DATA     BIT       P57
      000000F8H.6 SFRSYM    DATA     BIT       P76
      000000E8H.7 SFRSYM    DATA     BIT       P67
      00000088H.1 SFRSYM    DATA     BIT       IE0
      000000A1H   SFRSYM    DATA     BYTE      BUS_SPEED
      000000F8H.7 SFRSYM    DATA     BIT       P77
      00000088H.3 SFRSYM    DATA     BIT       IE1
      000000AFH   SFRSYM    DATA     BYTE      IE2
      0000008EH   SFRSYM    DATA     BYTE      AUXR
      000000F0H   SFRSYM    DATA     BYTE      B
      000000B0H.4 SFRSYM    DATA     BIT       SP485_ON
      000000C7H   SFRSYM    DATA     BYTE      IAP_CONTR
      000000F1H   SFRSYM    DATA     BYTE      PWMCFG
      000000E0H   SFRSYM    DATA     BYTE      ACC
      000000A8H.1 SFRSYM    DATA     BIT       ET0
      00000088H.5 SFRSYM    DATA     BIT       TF0
      000000A8H.3 SFRSYM    DATA     BIT       ET1
      00000088H.7 SFRSYM    DATA     BIT       TF1
      000000B5H   SFRSYM    DATA     BYTE      IP2
      00000098H.2 SFRSYM    DATA     BIT       RB8
      0000008CH   SFRSYM    DATA     BYTE      TH0
      0000008DH   SFRSYM    DATA     BYTE      TH1
      00000088H   SFRSYM    DATA     BIT       IT0
      000000A8H   SFRSYM    DATA     BIT       EX0
      00000098H.3 SFRSYM    DATA     BIT       TB8
      000000D6H   SFRSYM    DATA     BYTE      T2H
      00000088H.2 SFRSYM    DATA     BIT       IT1
      000000A8H.2 SFRSYM    DATA     BIT       EX1
      000000D4H   SFRSYM    DATA     BYTE      T3H
      000000D0H   SFRSYM    DATA     BIT       P
      00000098H.7 SFRSYM    DATA     BIT       SM0
LX51 LINKER/LOCATER V4.41                                                             05/04/2019  20:59:20  PAGE 13


      000000D2H   SFRSYM    DATA     BYTE      T4H
      0000008AH   SFRSYM    DATA     BYTE      TL0
      00000098H.6 SFRSYM    DATA     BIT       SM1
      0000008BH   SFRSYM    DATA     BYTE      TL1
      00000098H.5 SFRSYM    DATA     BIT       SM2
      000000D7H   SFRSYM    DATA     BYTE      T2L
      000000D5H   SFRSYM    DATA     BYTE      T3L
      000000D3H   SFRSYM    DATA     BYTE      T4L
      000000B8H.1 SFRSYM    DATA     BIT       PT0
      000000B8H.3 SFRSYM    DATA     BIT       PT1
      000000D0H.3 SFRSYM    DATA     BIT       RS0
      000000C2H   SFRSYM    DATA     BYTE      IAP_DATA
      00000088H.4 SFRSYM    DATA     BIT       TR0
      000000D0H.4 SFRSYM    DATA     BIT       RS1
      00000088H.6 SFRSYM    DATA     BIT       TR1
      000000C1H   SFRSYM    DATA     BYTE      WDT_CONTR
      000000B8H   SFRSYM    DATA     BIT       PX0
      000000B8H.2 SFRSYM    DATA     BIT       PX1
      000000F2H   SFRSYM    DATA     BYTE      PCA_PWM0
      000000F3H   SFRSYM    DATA     BYTE      PCA_PWM1
      000000F4H   SFRSYM    DATA     BYTE      PCA_PWM2
      0000009DH   SFRSYM    DATA     BYTE      P1ASF
      00000083H   SFRSYM    DATA     BYTE      DPH
      000000D1H   SFRSYM    DATA     BYTE      T3T4M
      000000D1H   SFRSYM    DATA     BYTE      T4T3M
      000000BEH   SFRSYM    DATA     BYTE      ADC_RESL
      00000082H   SFRSYM    DATA     BYTE      DPL
      000000CDH   SFRSYM    DATA     BYTE      SPSTAT
      0000009BH   SFRSYM    DATA     BYTE      S2BUF
      000000ADH   SFRSYM    DATA     BYTE      S3BUF
      00000085H   SFRSYM    DATA     BYTE      S4BUF
      00000098H.4 SFRSYM    DATA     BIT       REN
      0000009AH   SFRSYM    DATA     BYTE      S2CON
      000000ACH   SFRSYM    DATA     BYTE      S3CON
      00000084H   SFRSYM    DATA     BYTE      S4CON
      000000B9H   SFRSYM    DATA     BYTE      SADEN
      000000A9H   SFRSYM    DATA     BYTE      SADDR
      000000C6H   SFRSYM    DATA     BYTE      IAP_TRIG
      000000A2H   SFRSYM    DATA     BYTE      AUXR1
      00000080H.4 SFRSYM    DATA     BIT       Drive_SD
      000000D0H.5 SFRSYM    DATA     BIT       F0
      0000008FH   SFRSYM    DATA     BYTE      INT_CLKO
      000000D0H   SFRSYM    DATA     BYTE      PSW
      000000D8H   SFRSYM    DATA     BIT       CCF0
      000000D8H.1 SFRSYM    DATA     BIT       CCF1
      000000CFH   SFRSYM    DATA     BYTE      SPDAT
      00000094H   SFRSYM    DATA     BYTE      P0M0

      010017CFH   BLOCK     CODE     ---       LVL=0
      00000006H   SYMBOL    DATA     WORD      xms
      010017CFH   BLOCK     CODE     NEAR LAB  LVL=1
      00000006H   SYMBOL    DATA     WORD      x
      00000004H   SYMBOL    DATA     WORD      y
      ---         BLOCKEND  ---      ---       LVL=1
      010017CFH   LINE      CODE     ---       #37
      010017CFH   LINE      CODE     ---       #38
      010017CFH   LINE      CODE     ---       #40
      010017D8H   LINE      CODE     ---       #41
      010017ECH   LINE      CODE     ---       #42
      ---         BLOCKEND  ---      ---       LVL=0

      0100183CH   BLOCK     CODE     ---       LVL=0
      0100183CH   LINE      CODE     ---       #43
      0100183CH   LINE      CODE     ---       #44
      0100183CH   LINE      CODE     ---       #45
LX51 LINKER/LOCATER V4.41                                                             05/04/2019  20:59:20  PAGE 14


      0100183FH   LINE      CODE     ---       #46
      01001842H   LINE      CODE     ---       #47
      01001845H   LINE      CODE     ---       #48
      01001848H   LINE      CODE     ---       #49
      0100184BH   LINE      CODE     ---       #50
      0100184EH   LINE      CODE     ---       #51
      01001850H   LINE      CODE     ---       #52
      01001852H   LINE      CODE     ---       #53
      ---         BLOCKEND  ---      ---       LVL=0

      01001824H   BLOCK     CODE     ---       LVL=0
      01001824H   LINE      CODE     ---       #55
      01001824H   LINE      CODE     ---       #56
      01001824H   LINE      CODE     ---       #57
      01001827H   LINE      CODE     ---       #58
      0100182AH   LINE      CODE     ---       #59
      0100182DH   LINE      CODE     ---       #60
      01001830H   LINE      CODE     ---       #61
      01001833H   LINE      CODE     ---       #62
      01001836H   LINE      CODE     ---       #63
      01001839H   LINE      CODE     ---       #64
      0100183BH   LINE      CODE     ---       #65
      ---         BLOCKEND  ---      ---       LVL=0

      0100187EH   BLOCK     CODE     ---       LVL=0
      0100187EH   LINE      CODE     ---       #66
      0100187EH   LINE      CODE     ---       #67
      0100187EH   LINE      CODE     ---       #68
      01001881H   LINE      CODE     ---       #69
      01001884H   LINE      CODE     ---       #70
      01001887H   LINE      CODE     ---       #71
      0100188AH   LINE      CODE     ---       #72
      0100188CH   LINE      CODE     ---       #73
      0100188EH   LINE      CODE     ---       #74
      01001890H   LINE      CODE     ---       #75
      ---         BLOCKEND  ---      ---       LVL=0

      01000003H   BLOCK     CODE     ---       LVL=0
      00000007H   SYMBOL    DATA     BYTE      dat
      01000003H   LINE      CODE     ---       #78
      01000003H   LINE      CODE     ---       #79
      01000003H   LINE      CODE     ---       #80
      01000005H   LINE      CODE     ---       #81
      01000008H   LINE      CODE     ---       #82
      0100000AH   LINE      CODE     ---       #83
      ---         BLOCKEND  ---      ---       LVL=0

      01001692H   BLOCK     CODE     VOID      LVL=0
      ---         BLOCKEND  ---      ---       LVL=0

      01001698H   BLOCK     CODE     ---       LVL=0
      0200028AH   SYMBOL    XDATA    ---       s
      01001698H   LINE      CODE     ---       #88
      010016A3H   LINE      CODE     ---       #89
      010016A3H   LINE      CODE     ---       #90
      010016B3H   LINE      CODE     ---       #91
      010016B3H   LINE      CODE     ---       #92
      010016C8H   LINE      CODE     ---       #93
      010016CAH   LINE      CODE     ---       #94
      ---         BLOCKEND  ---      ---       LVL=0

      010017EDH   BLOCK     CODE     ---       LVL=0
      010017EDH   LINE      CODE     ---       #96
      010017EDH   LINE      CODE     ---       #97
      010017EDH   LINE      CODE     ---       #98
LX51 LINKER/LOCATER V4.41                                                             05/04/2019  20:59:20  PAGE 15


      010017F0H   LINE      CODE     ---       #99
      010017F3H   LINE      CODE     ---       #100
      010017F6H   LINE      CODE     ---       #101
      010017F9H   LINE      CODE     ---       #102
      010017FCH   LINE      CODE     ---       #103
      010017FEH   LINE      CODE     ---       #104
      01001801H   LINE      CODE     ---       #105
      01001804H   LINE      CODE     ---       #107
      01001806H   LINE      CODE     ---       #108
      01001808H   LINE      CODE     ---       #109
      ---         BLOCKEND  ---      ---       LVL=0

      0100008EH   BLOCK     CODE     ---       LVL=0
      0100008EH   LINE      CODE     ---       #115
      0100008EH   LINE      CODE     ---       #116
      0100008EH   LINE      CODE     ---       #117
      01000098H   LINE      CODE     ---       #118
      01000098H   LINE      CODE     ---       #119
      010000A0H   LINE      CODE     ---       #120
      010000AEH   LINE      CODE     ---       #121
      010000AEH   LINE      CODE     ---       #122
      010000B0H   LINE      CODE     ---       #123
      010000B0H   LINE      CODE     ---       #124
      010000B0H   LINE      CODE     ---       #125
      ---         BLOCKEND  ---      ---       LVL=0

      010015B2H   BLOCK     CODE     ---       LVL=0
      02000286H   SYMBOL    XDATA    ---       p
      010015BDH   BLOCK     CODE     NEAR LAB  LVL=1
      02000289H   SYMBOL    XDATA    BYTE      len
      ---         BLOCKEND  ---      ---       LVL=1
      010015B2H   LINE      CODE     ---       #128
      010015BDH   LINE      CODE     ---       #129
      010015BDH   LINE      CODE     ---       #130
      010015C0H   LINE      CODE     ---       #131
      010015CCH   LINE      CODE     ---       #132
      010015CCH   LINE      CODE     ---       #133
      010015EEH   LINE      CODE     ---       #134
      010015F4H   LINE      CODE     ---       #135
      010015FAH   LINE      CODE     ---       #136
      01001601H   LINE      CODE     ---       #137
      01001603H   LINE      CODE     ---       #138
      01001608H   LINE      CODE     ---       #139
      ---         BLOCKEND  ---      ---       LVL=0

      010013D6H   BLOCK     CODE     ---       LVL=0
      010013D6H   BLOCK     CODE     NEAR LAB  LVL=1
      020001B8H   SYMBOL    XDATA    ---       buf
      020001D8H   SYMBOL    XDATA    ---       temp
      0200020AH   SYMBOL    XDATA    WORD      freq
      0200020CH   SYMBOL    XDATA    WORD      volage
      00000007H   SYMBOL    DATA     BYTE      len
      ---         BLOCKEND  ---      ---       LVL=1
      010013D6H   LINE      CODE     ---       #140
      010013D6H   LINE      CODE     ---       #141
      010013D6H   LINE      CODE     ---       #147
      010013DFH   LINE      CODE     ---       #149
      010013E7H   LINE      CODE     ---       #150
      010013E7H   LINE      CODE     ---       #151
      010013F4H   LINE      CODE     ---       #152
      01001406H   LINE      CODE     ---       #153
      01001415H   LINE      CODE     ---       #154
      0100141DH   LINE      CODE     ---       #155
      01001426H   LINE      CODE     ---       #156
      01001435H   LINE      CODE     ---       #157
LX51 LINKER/LOCATER V4.41                                                             05/04/2019  20:59:20  PAGE 16


      0100143AH   LINE      CODE     ---       #159
      01001460H   LINE      CODE     ---       #160
      01001463H   LINE      CODE     ---       #161
      01001489H   LINE      CODE     ---       #162
      0100148CH   LINE      CODE     ---       #163
      0100149DH   LINE      CODE     ---       #164
      0100149FH   LINE      CODE     ---       #165
      0100149FH   LINE      CODE     ---       #166
      ---         BLOCKEND  ---      ---       LVL=0

      0100173BH   BLOCK     CODE     ---       LVL=0
      0100173BH   LINE      CODE     ---       #167
      0100173BH   LINE      CODE     ---       #168
      0100173BH   LINE      CODE     ---       #169
      0100173EH   LINE      CODE     ---       #170
      01001741H   LINE      CODE     ---       #171
      01001744H   LINE      CODE     ---       #172
      01001747H   LINE      CODE     ---       #173
      0100174AH   LINE      CODE     ---       #174
      0100174CH   LINE      CODE     ---       #175
      0100174EH   LINE      CODE     ---       #176
      01001755H   LINE      CODE     ---       #177
      01001760H   LINE      CODE     ---       #178
      01001760H   LINE      CODE     ---       #179
      01001760H   LINE      CODE     ---       #181
      ---         BLOCKEND  ---      ---       LVL=0

      010017AFH   BLOCK     CODE     ---       LVL=0
      010017AFH   LINE      CODE     ---       #184
      010017BCH   LINE      CODE     ---       #186
      010017BEH   LINE      CODE     ---       #188
      010017C1H   LINE      CODE     ---       #189
      010017C4H   LINE      CODE     ---       #190
      ---         BLOCKEND  ---      ---       LVL=0

      01001704H   BLOCK     CODE     ---       LVL=0
      01001704H   LINE      CODE     ---       #195
      0100170CH   LINE      CODE     ---       #197
      01001711H   LINE      CODE     ---       #198
      01001711H   LINE      CODE     ---       #199
      01001714H   LINE      CODE     ---       #200
      01001724H   LINE      CODE     ---       #201
      0100172AH   LINE      CODE     ---       #203
      0100172AH   LINE      CODE     ---       #204
      0100172FH   LINE      CODE     ---       #205
      0100172FH   LINE      CODE     ---       #206
      01001732H   LINE      CODE     ---       #207
      01001732H   LINE      CODE     ---       #209
      ---         BLOCKEND  ---      ---       LVL=0

      ---         MODULE    ---      ---       STC_PWM
      02000024H   PUBLIC    XDATA    ---       T_SinTable
      02000023H   PUBLIC    XDATA    BYTE      Value_60
      02000022H   PUBLIC    XDATA    BYTE      Value_50
      02000006H   PUBLIC    XDATA    ---       filter_buf
      0100007FH   PUBLIC    CODE     ---       pwmError_isr
      0100152CH   PUBLIC    CODE     ---       pwm_isr
      01001651H   PUBLIC    CODE     ---       STC_PWM_Timer
      01001609H   PUBLIC    CODE     ---       _STC_PWM_SetVolage
      02000267H   PUBLIC    XDATA    BYTE      ?_STC_PWM_Task?BYTE
      010016CBH   PUBLIC    CODE     ---       _STC_PWM_Task
      01001869H   PUBLIC    CODE     ---       Get_voltage
      01000CCFH   PUBLIC    CODE     ---       _GetSinTab
      010012B7H   PUBLIC    CODE     ---       _STC_PWM_Init
      0100000EH   PUBLIC    CODE     ---       Filter
LX51 LINKER/LOCATER V4.41                                                             05/04/2019  20:59:20  PAGE 17


      000000D8H.2 SFRSYM    DATA     BIT       CCF2
      00000092H   SFRSYM    DATA     BYTE      P1M0
      00000093H   SFRSYM    DATA     BYTE      P0M1
      00000096H   SFRSYM    DATA     BYTE      P2M0
      00000091H   SFRSYM    DATA     BYTE      P1M1
      00000080H   SFRSYM    DATA     BYTE      P0
      000000B2H   SFRSYM    DATA     BYTE      P3M0
      00000095H   SFRSYM    DATA     BYTE      P2M1
      00000090H   SFRSYM    DATA     BYTE      P1
      000000B4H   SFRSYM    DATA     BYTE      P4M0
      000000B1H   SFRSYM    DATA     BYTE      P3M1
      000000A0H   SFRSYM    DATA     BYTE      P2
      000000ABH   SFRSYM    DATA     BYTE      WKTCH
      000000CAH   SFRSYM    DATA     BYTE      P5M0
      000000B3H   SFRSYM    DATA     BYTE      P4M1
      000000B0H   SFRSYM    DATA     BYTE      P3
      000000CCH   SFRSYM    DATA     BYTE      P6M0
      000000C9H   SFRSYM    DATA     BYTE      P5M1
      000000C0H   SFRSYM    DATA     BYTE      P4
      000000D0H.6 SFRSYM    DATA     BIT       AC
      000000F6H   SFRSYM    DATA     BYTE      PWMIF
      000000E2H   SFRSYM    DATA     BYTE      P7M0
      000000CBH   SFRSYM    DATA     BYTE      P6M1
      000000C8H   SFRSYM    DATA     BYTE      P5
      000000A8H.7 SFRSYM    DATA     BIT       EA
      000000E1H   SFRSYM    DATA     BYTE      P7M1
      000000E8H   SFRSYM    DATA     BYTE      P6
      000000AAH   SFRSYM    DATA     BYTE      WKTCL
      000000F8H   SFRSYM    DATA     BYTE      P7
      000000CEH   SFRSYM    DATA     BYTE      SPCTL
      000000D8H.7 SFRSYM    DATA     BIT       CF
      000000F5H   SFRSYM    DATA     BYTE      PWMCR
      000000F9H   SFRSYM    DATA     BYTE      CH
      000000A2H   SFRSYM    DATA     BYTE      P_SW1
      000000BAH   SFRSYM    DATA     BYTE      P_SW2
      000000A8H.5 SFRSYM    DATA     BIT       EADC
      000000A8H   SFRSYM    DATA     BYTE      IE
      000000E9H   SFRSYM    DATA     BYTE      CL
      000000C5H   SFRSYM    DATA     BYTE      IAP_CMD
      000000FAH   SFRSYM    DATA     BYTE      CCAP0H
      000000FBH   SFRSYM    DATA     BYTE      CCAP1H
      000000FCH   SFRSYM    DATA     BYTE      CCAP2H
      000000BDH   SFRSYM    DATA     BYTE      ADC_RES
      000000EAH   SFRSYM    DATA     BYTE      CCAP0L
      000000D8H.6 SFRSYM    DATA     BIT       CR
      000000F7H   SFRSYM    DATA     BYTE      PWMFDCR
      000000EBH   SFRSYM    DATA     BYTE      CCAP1L
      000000DAH   SFRSYM    DATA     BYTE      CCAPM0
      000000ECH   SFRSYM    DATA     BYTE      CCAP2L
      000000DBH   SFRSYM    DATA     BYTE      CCAPM1
      000000DCH   SFRSYM    DATA     BYTE      CCAPM2
      000000A8H.4 SFRSYM    DATA     BIT       ES
      000000B8H.5 SFRSYM    DATA     BIT       PADC
      000000B8H   SFRSYM    DATA     BYTE      IP
      00000098H   SFRSYM    DATA     BIT       RI
      000000B0H.2 SFRSYM    DATA     BIT       INT0
      000000D0H.7 SFRSYM    DATA     BIT       CY
      00000098H.1 SFRSYM    DATA     BIT       TI
      000000B0H.3 SFRSYM    DATA     BIT       INT1
      00000097H   SFRSYM    DATA     BYTE      CLK_DIV
      000000C3H   SFRSYM    DATA     BYTE      IAP_ADDRH
      000000B8H.4 SFRSYM    DATA     BIT       PS
      00000081H   SFRSYM    DATA     BYTE      SP
      000000D9H   SFRSYM    DATA     BYTE      CMOD
      000000D8H   SFRSYM    DATA     BYTE      CCON
LX51 LINKER/LOCATER V4.41                                                             05/04/2019  20:59:20  PAGE 18


      000000C4H   SFRSYM    DATA     BYTE      IAP_ADDRL
      000000BAH   SFRSYM    DATA     BYTE      PIN_SW2
      000000B8H.7 SFRSYM    DATA     BIT       PPCA
      000000D0H.2 SFRSYM    DATA     BIT       OV
      000000E6H   SFRSYM    DATA     BYTE      CMPCR1
      000000E7H   SFRSYM    DATA     BYTE      CMPCR2
      000000A8H.6 SFRSYM    DATA     BIT       ELVD
      00000080H   SFRSYM    DATA     BIT       P00
      000000BCH   SFRSYM    DATA     BYTE      ADC_CONTR
      00000099H   SFRSYM    DATA     BYTE      SBUF
      00000087H   SFRSYM    DATA     BYTE      PCON
      00000090H   SFRSYM    DATA     BIT       P10
      00000080H.1 SFRSYM    DATA     BIT       P01
      000000A0H   SFRSYM    DATA     BIT       P20
      00000090H.1 SFRSYM    DATA     BIT       P11
      00000080H.2 SFRSYM    DATA     BIT       P02
      000000B0H   SFRSYM    DATA     BIT       P30
      000000A0H.1 SFRSYM    DATA     BIT       P21
      00000090H.2 SFRSYM    DATA     BIT       P12
      00000080H.3 SFRSYM    DATA     BIT       P03
      00000098H   SFRSYM    DATA     BYTE      SCON
      000000C0H   SFRSYM    DATA     BIT       P40
      000000B0H.1 SFRSYM    DATA     BIT       P31
      000000A0H.2 SFRSYM    DATA     BIT       P22
      00000090H.3 SFRSYM    DATA     BIT       P13
      00000080H.4 SFRSYM    DATA     BIT       P04
      00000089H   SFRSYM    DATA     BYTE      TMOD
      00000088H   SFRSYM    DATA     BYTE      TCON
      000000C8H   SFRSYM    DATA     BIT       P50
      000000C0H.1 SFRSYM    DATA     BIT       P41
      000000B0H.2 SFRSYM    DATA     BIT       P32
      000000A0H.3 SFRSYM    DATA     BIT       P23
      00000090H.4 SFRSYM    DATA     BIT       P14
      00000080H.5 SFRSYM    DATA     BIT       P05
      000000E8H   SFRSYM    DATA     BIT       P60
      000000C8H.1 SFRSYM    DATA     BIT       P51
      000000C0H.2 SFRSYM    DATA     BIT       P42
      000000B0H.3 SFRSYM    DATA     BIT       P33
      000000A0H.4 SFRSYM    DATA     BIT       P24
      00000090H.5 SFRSYM    DATA     BIT       P15
      00000080H.6 SFRSYM    DATA     BIT       P06
      000000B8H.6 SFRSYM    DATA     BIT       PLVD
      000000F8H   SFRSYM    DATA     BIT       P70
      000000E8H.1 SFRSYM    DATA     BIT       P61
      000000C8H.2 SFRSYM    DATA     BIT       P52
      000000C0H.3 SFRSYM    DATA     BIT       P43
      000000B0H.4 SFRSYM    DATA     BIT       P34
      000000A0H.5 SFRSYM    DATA     BIT       P25
      00000090H.6 SFRSYM    DATA     BIT       P16
      00000080H.7 SFRSYM    DATA     BIT       P07
      000000F8H.1 SFRSYM    DATA     BIT       P71
      000000E8H.2 SFRSYM    DATA     BIT       P62
      000000C8H.3 SFRSYM    DATA     BIT       P53
      000000C0H.4 SFRSYM    DATA     BIT       P44
      000000B0H.5 SFRSYM    DATA     BIT       P35
      000000A0H.6 SFRSYM    DATA     BIT       P26
      00000090H.7 SFRSYM    DATA     BIT       P17
      000000F8H.2 SFRSYM    DATA     BIT       P72
      000000E8H.3 SFRSYM    DATA     BIT       P63
      000000C8H.4 SFRSYM    DATA     BIT       P54
      000000C0H.5 SFRSYM    DATA     BIT       P45
      000000B0H.6 SFRSYM    DATA     BIT       P36
      000000A0H.7 SFRSYM    DATA     BIT       P27
      000000F8H.3 SFRSYM    DATA     BIT       P73
      000000E8H.4 SFRSYM    DATA     BIT       P64
LX51 LINKER/LOCATER V4.41                                                             05/04/2019  20:59:20  PAGE 19


      000000C8H.5 SFRSYM    DATA     BIT       P55
      000000C0H.6 SFRSYM    DATA     BIT       P46
      000000B0H.7 SFRSYM    DATA     BIT       P37
      000000F8H.4 SFRSYM    DATA     BIT       P74
      000000E8H.5 SFRSYM    DATA     BIT       P65
      000000C8H.6 SFRSYM    DATA     BIT       P56
      000000C0H.7 SFRSYM    DATA     BIT       P47
      000000F8H.5 SFRSYM    DATA     BIT       P75
      000000E8H.6 SFRSYM    DATA     BIT       P66
      000000C8H.7 SFRSYM    DATA     BIT       P57
      000000F8H.6 SFRSYM    DATA     BIT       P76
      000000E8H.7 SFRSYM    DATA     BIT       P67
      00000088H.1 SFRSYM    DATA     BIT       IE0
      000000A1H   SFRSYM    DATA     BYTE      BUS_SPEED
      000000F8H.7 SFRSYM    DATA     BIT       P77
      00000088H.3 SFRSYM    DATA     BIT       IE1
      000000AFH   SFRSYM    DATA     BYTE      IE2
      0000008EH   SFRSYM    DATA     BYTE      AUXR
      000000F0H   SFRSYM    DATA     BYTE      B
      000000C7H   SFRSYM    DATA     BYTE      IAP_CONTR
      000000F1H   SFRSYM    DATA     BYTE      PWMCFG
      000000E0H   SFRSYM    DATA     BYTE      ACC
      000000A8H.1 SFRSYM    DATA     BIT       ET0
      00000088H.5 SFRSYM    DATA     BIT       TF0
      000000A8H.3 SFRSYM    DATA     BIT       ET1
      00000088H.7 SFRSYM    DATA     BIT       TF1
      000000B5H   SFRSYM    DATA     BYTE      IP2
      00000098H.2 SFRSYM    DATA     BIT       RB8
      0000008CH   SFRSYM    DATA     BYTE      TH0
      0000008DH   SFRSYM    DATA     BYTE      TH1
      00000088H   SFRSYM    DATA     BIT       IT0
      000000A8H   SFRSYM    DATA     BIT       EX0
      00000098H.3 SFRSYM    DATA     BIT       TB8
      000000D6H   SFRSYM    DATA     BYTE      T2H
      00000088H.2 SFRSYM    DATA     BIT       IT1
      000000A8H.2 SFRSYM    DATA     BIT       EX1
      000000D4H   SFRSYM    DATA     BYTE      T3H
      000000D0H   SFRSYM    DATA     BIT       P
      00000098H.7 SFRSYM    DATA     BIT       SM0
      000000D2H   SFRSYM    DATA     BYTE      T4H
      0000008AH   SFRSYM    DATA     BYTE      TL0
      00000098H.6 SFRSYM    DATA     BIT       SM1
      0000008BH   SFRSYM    DATA     BYTE      TL1
      00000098H.5 SFRSYM    DATA     BIT       SM2
      000000D7H   SFRSYM    DATA     BYTE      T2L
      000000D5H   SFRSYM    DATA     BYTE      T3L
      000000D3H   SFRSYM    DATA     BYTE      T4L
      000000B8H.1 SFRSYM    DATA     BIT       PT0
      000000B8H.3 SFRSYM    DATA     BIT       PT1
      000000D0H.3 SFRSYM    DATA     BIT       RS0
      000000C2H   SFRSYM    DATA     BYTE      IAP_DATA
      00000088H.4 SFRSYM    DATA     BIT       TR0
      000000D0H.4 SFRSYM    DATA     BIT       RS1
      00000088H.6 SFRSYM    DATA     BIT       TR1
      000000C1H   SFRSYM    DATA     BYTE      WDT_CONTR
      000000B8H   SFRSYM    DATA     BIT       PX0
      000000B8H.2 SFRSYM    DATA     BIT       PX1
      000000F2H   SFRSYM    DATA     BYTE      PCA_PWM0
      000000F3H   SFRSYM    DATA     BYTE      PCA_PWM1
      000000F4H   SFRSYM    DATA     BYTE      PCA_PWM2
      0000009DH   SFRSYM    DATA     BYTE      P1ASF
      00000083H   SFRSYM    DATA     BYTE      DPH
      000000D1H   SFRSYM    DATA     BYTE      T3T4M
      000000D1H   SFRSYM    DATA     BYTE      T4T3M
      000000BEH   SFRSYM    DATA     BYTE      ADC_RESL
LX51 LINKER/LOCATER V4.41                                                             05/04/2019  20:59:20  PAGE 20


      00000082H   SFRSYM    DATA     BYTE      DPL
      000000CDH   SFRSYM    DATA     BYTE      SPSTAT
      0000009BH   SFRSYM    DATA     BYTE      S2BUF
      000000ADH   SFRSYM    DATA     BYTE      S3BUF
      00000085H   SFRSYM    DATA     BYTE      S4BUF
      00000098H.4 SFRSYM    DATA     BIT       REN
      0000009AH   SFRSYM    DATA     BYTE      S2CON
      000000ACH   SFRSYM    DATA     BYTE      S3CON
      00000084H   SFRSYM    DATA     BYTE      S4CON
      000000B9H   SFRSYM    DATA     BYTE      SADEN
      000000A9H   SFRSYM    DATA     BYTE      SADDR
      000000C6H   SFRSYM    DATA     BYTE      IAP_TRIG
      000000A2H   SFRSYM    DATA     BYTE      AUXR1
      00000080H.4 SFRSYM    DATA     BIT       Drive_SD
      000000D0H.5 SFRSYM    DATA     BIT       F0
      0000008FH   SFRSYM    DATA     BYTE      INT_CLKO
      000000D0H   SFRSYM    DATA     BYTE      PSW
      000000D8H   SFRSYM    DATA     BIT       CCF0
      000000D8H.1 SFRSYM    DATA     BIT       CCF1
      000000CFH   SFRSYM    DATA     BYTE      SPDAT
      00000094H   SFRSYM    DATA     BYTE      P0M0
      02000000H   SYMBOL    XDATA    WORD      stcPwm_Curv
      02000002H   SYMBOL    XDATA    WORD      stmPwm_Tarv
      02000004H   SYMBOL    XDATA    WORD      stcPwmTime
      02000020H   SYMBOL    XDATA    WORD      stcPwm_P
      020001B4H   SYMBOL    XDATA    WORD      stmPwm_InVol
      020001B6H   SYMBOL    XDATA    WORD      stmPwm_Freq

      0100000EH   BLOCK     CODE     ---       LVL=0
      0100000EH   BLOCK     CODE     NEAR LAB  LVL=1
      00000004H   SYMBOL    DATA     INT       i
      02000265H   SYMBOL    XDATA    INT       filter_sum
      ---         BLOCKEND  ---      ---       LVL=1
      0100000EH   LINE      CODE     ---       #55
      0100000EH   LINE      CODE     ---       #56
      0100000EH   LINE      CODE     ---       #58
      01000015H   LINE      CODE     ---       #59
      01000021H   LINE      CODE     ---       #60
      01000024H   LINE      CODE     ---       #61
      01000024H   LINE      CODE     ---       #62
      01000049H   LINE      CODE     ---       #63
      01000064H   LINE      CODE     ---       #64
      0100006FH   LINE      CODE     ---       #65
      0100007EH   LINE      CODE     ---       #66
      ---         BLOCKEND  ---      ---       LVL=0

      010012B7H   BLOCK     CODE     ---       LVL=0
      00000006H   SYMBOL    DATA     WORD      freq
      010012B7H   BLOCK     CODE     NEAR LAB  LVL=1
      02000262H   SYMBOL    XDATA    BYTE      i
      02000263H   SYMBOL    XDATA    WORD      temp
      ---         BLOCKEND  ---      ---       LVL=1
      010012B7H   LINE      CODE     ---       #68
      010012B7H   LINE      CODE     ---       #69
      010012B7H   LINE      CODE     ---       #72
      010012BDH   LINE      CODE     ---       #73
      010012BDH   LINE      CODE     ---       #74
      010012C7H   LINE      CODE     ---       #75
      010012C9H   LINE      CODE     ---       #76
      010012D2H   LINE      CODE     ---       #77
      010012D2H   LINE      CODE     ---       #78
      010012DCH   LINE      CODE     ---       #79
      010012DCH   LINE      CODE     ---       #81
      010012DCH   LINE      CODE     ---       #83
      010012DCH   LINE      CODE     ---       #86
LX51 LINKER/LOCATER V4.41                                                             05/04/2019  20:59:20  PAGE 21


      010012E1H   LINE      CODE     ---       #87
      010012E1H   LINE      CODE     ---       #88
      010012ECH   LINE      CODE     ---       #89
      010012F8H   LINE      CODE     ---       #90
      01001308H   LINE      CODE     ---       #91
      01001308H   LINE      CODE     ---       #92
      0100132AH   LINE      CODE     ---       #93
      01001354H   LINE      CODE     ---       #94
      01001354H   LINE      CODE     ---       #99
      01001357H   LINE      CODE     ---       #100
      0100135AH   LINE      CODE     ---       #102
      0100135EH   LINE      CODE     ---       #103
      0100136DH   LINE      CODE     ---       #106
      01001374H   LINE      CODE     ---       #107
      0100137AH   LINE      CODE     ---       #108
      0100137DH   LINE      CODE     ---       #109
      01001380H   LINE      CODE     ---       #110
      01001383H   LINE      CODE     ---       #111
      01001385H   LINE      CODE     ---       #115
      0100138BH   LINE      CODE     ---       #116
      01001391H   LINE      CODE     ---       #117
      01001394H   LINE      CODE     ---       #118
      01001397H   LINE      CODE     ---       #119
      0100139AH   LINE      CODE     ---       #120
      0100139CH   LINE      CODE     ---       #124
      010013A2H   LINE      CODE     ---       #125
      010013A8H   LINE      CODE     ---       #127
      010013ABH   LINE      CODE     ---       #128
      010013AEH   LINE      CODE     ---       #129
      010013B1H   LINE      CODE     ---       #130
      010013B3H   LINE      CODE     ---       #134
      010013B9H   LINE      CODE     ---       #135
      010013BFH   LINE      CODE     ---       #137
      010013C2H   LINE      CODE     ---       #138
      010013C5H   LINE      CODE     ---       #139
      010013C8H   LINE      CODE     ---       #140
      010013CAH   LINE      CODE     ---       #142
      010013CDH   LINE      CODE     ---       #143
      010013D0H   LINE      CODE     ---       #149
      010013D3H   LINE      CODE     ---       #151
      010013D5H   LINE      CODE     ---       #152
      ---         BLOCKEND  ---      ---       LVL=0

      01000CCFH   BLOCK     CODE     ---       LVL=0
      0200026EH   SYMBOL    XDATA    WORD      point
      02000270H   SYMBOL    XDATA    WORD      maxnum
      02000272H   SYMBOL    XDATA    WORD      freq
      01000CE3H   BLOCK     CODE     NEAR LAB  LVL=1
      02000274H   SYMBOL    XDATA    WORD      i
      02000276H   SYMBOL    XDATA    FLOAT     x
      0200027AH   SYMBOL    XDATA    FLOAT     y
      0200027EH   SYMBOL    XDATA    FLOAT     jiao
      ---         BLOCKEND  ---      ---       LVL=1
      01000CCFH   LINE      CODE     ---       #162
      01000CE3H   LINE      CODE     ---       #163
      01000CE3H   LINE      CODE     ---       #164
      01000CE8H   LINE      CODE     ---       #168
      01000D0CH   LINE      CODE     ---       #170
      01000D1BH   LINE      CODE     ---       #171
      01000D1BH   LINE      CODE     ---       #172
      01000D3BH   LINE      CODE     ---       #173
      01000D43H   LINE      CODE     ---       #174
      01000D4DH   LINE      CODE     ---       #175
      01000D6DH   LINE      CODE     ---       #176
      01000D6DH   LINE      CODE     ---       #177
LX51 LINKER/LOCATER V4.41                                                             05/04/2019  20:59:20  PAGE 22


      01000D88H   LINE      CODE     ---       #178
      01000DA7H   LINE      CODE     ---       #180
      01000E0EH   LINE      CODE     ---       #181
      01000E1EH   LINE      CODE     ---       #182
      01000E2FH   LINE      CODE     ---       #183
      01000E2FH   LINE      CODE     ---       #184
      01000E3EH   LINE      CODE     ---       #185
      01000E3EH   LINE      CODE     ---       #186
      01000E5EH   LINE      CODE     ---       #187
      01000E66H   LINE      CODE     ---       #188
      01000E70H   LINE      CODE     ---       #189
      01000E90H   LINE      CODE     ---       #190
      01000E90H   LINE      CODE     ---       #191
      01000EABH   LINE      CODE     ---       #192
      01000ECAH   LINE      CODE     ---       #193
      01000F31H   LINE      CODE     ---       #194
      01000F42H   LINE      CODE     ---       #195
      01000F42H   LINE      CODE     ---       #196
      ---         BLOCKEND  ---      ---       LVL=0

      01001869H   BLOCK     CODE     ---       LVL=0
      01001869H   BLOCK     CODE     NEAR LAB  LVL=1
      00000006H   SYMBOL    DATA     WORD      ad_temp
      ---         BLOCKEND  ---      ---       LVL=1
      01001869H   LINE      CODE     ---       #198
      01001869H   LINE      CODE     ---       #199
      01001869H   LINE      CODE     ---       #200
      0100186CH   LINE      CODE     ---       #201
      0100186FH   LINE      CODE     ---       #202
      01001876H   LINE      CODE     ---       #203
      0100187DH   LINE      CODE     ---       #204
      ---         BLOCKEND  ---      ---       LVL=0

      010016CBH   BLOCK     CODE     ---       LVL=0
      00000001H   SYMBOL    DATA     ---       v_current
      00000004H   SYMBOL    DATA     WORD      v_target
      0200026CH   SYMBOL    XDATA    WORD      freq
      010016CBH   LINE      CODE     ---       #215
      010016CBH   LINE      CODE     ---       #216
      010016CBH   LINE      CODE     ---       #217
      010016D8H   LINE      CODE     ---       #218
      010016D8H   LINE      CODE     ---       #219
      010016DFH   LINE      CODE     ---       #220
      010016DFH   LINE      CODE     ---       #221
      010016E3H   LINE      CODE     ---       #222
      010016E5H   LINE      CODE     ---       #224
      010016E5H   LINE      CODE     ---       #225
      010016ECH   LINE      CODE     ---       #226
      010016ECH   LINE      CODE     ---       #227
      01001701H   LINE      CODE     ---       #228
      01001703H   LINE      CODE     ---       #229
      01001703H   LINE      CODE     ---       #230
      ---         BLOCKEND  ---      ---       LVL=0

      01001609H   BLOCK     CODE     ---       LVL=0
      00000006H   SYMBOL    DATA     WORD      freq
      00000004H   SYMBOL    DATA     WORD      vol
      01001609H   BLOCK     CODE     NEAR LAB  LVL=1
      02000262H   SYMBOL    XDATA    WORD      temp
      ---         BLOCKEND  ---      ---       LVL=1
      01001609H   LINE      CODE     ---       #232
      01001609H   LINE      CODE     ---       #233
      01001609H   LINE      CODE     ---       #235
      0100160FH   LINE      CODE     ---       #236
      0100160FH   LINE      CODE     ---       #237
LX51 LINKER/LOCATER V4.41                                                             05/04/2019  20:59:20  PAGE 23


      01001619H   LINE      CODE     ---       #238
      0100161BH   LINE      CODE     ---       #239
      01001621H   LINE      CODE     ---       #240
      01001621H   LINE      CODE     ---       #241
      0100162BH   LINE      CODE     ---       #242
      0100162BH   LINE      CODE     ---       #244
      0100162BH   LINE      CODE     ---       #246
      0100162BH   LINE      CODE     ---       #247
      0100162EH   LINE      CODE     ---       #249
      0100163DH   LINE      CODE     ---       #250
      01001640H   LINE      CODE     ---       #251
      01001648H   LINE      CODE     ---       #252
      01001650H   LINE      CODE     ---       #253
      ---         BLOCKEND  ---      ---       LVL=0

      01001651H   BLOCK     CODE     ---       LVL=0
      01001651H   LINE      CODE     ---       #255
      01001651H   LINE      CODE     ---       #256
      01001651H   LINE      CODE     ---       #257
      0100165BH   LINE      CODE     ---       #258
      0100165BH   LINE      CODE     ---       #259
      01001663H   LINE      CODE     ---       #265
      01001683H   LINE      CODE     ---       #266
      01001683H   LINE      CODE     ---       #267
      01001691H   LINE      CODE     ---       #268
      ---         BLOCKEND  ---      ---       LVL=0

      0100152CH   BLOCK     CODE     ---       LVL=0
      01001539H   BLOCK     CODE     NEAR LAB  LVL=1
      0000000EH   SYMBOL    DATA     WORD      j
      ---         BLOCKEND  ---      ---       LVL=1
      0100152CH   LINE      CODE     ---       #270
      01001539H   LINE      CODE     ---       #272
      0100153CH   LINE      CODE     ---       #273
      01001541H   LINE      CODE     ---       #274
      01001541H   LINE      CODE     ---       #276
      01001544H   LINE      CODE     ---       #277
      01001547H   LINE      CODE     ---       #279
      01001563H   LINE      CODE     ---       #281
      0100156BH   LINE      CODE     ---       #282
      01001573H   LINE      CODE     ---       #283
      01001579H   LINE      CODE     ---       #284
      01001580H   LINE      CODE     ---       #285
      01001588H   LINE      CODE     ---       #287
      0100158BH   LINE      CODE     ---       #288
      010015A0H   LINE      CODE     ---       #289
      010015A0H   LINE      CODE     ---       #290
      010015A7H   LINE      CODE     ---       #291
      010015A7H   LINE      CODE     ---       #292
      010015A7H   LINE      CODE     ---       #293
      ---         BLOCKEND  ---      ---       LVL=0

      0100007FH   BLOCK     CODE     ---       LVL=0
      0100007FH   LINE      CODE     ---       #294
      0100007FH   LINE      CODE     ---       #297
      01000082H   LINE      CODE     ---       #299
      ---         BLOCKEND  ---      ---       LVL=0

      ---         MODULE    ---      ---       AD
      01001809H   PUBLIC    CODE     ---       _Delay
      01001891H   PUBLIC    CODE     ---       InitADC
      01001789H   PUBLIC    CODE     ---       _GetADCResult
      000000D8H.2 SFRSYM    DATA     BIT       CCF2
      00000092H   SFRSYM    DATA     BYTE      P1M0
      00000093H   SFRSYM    DATA     BYTE      P0M1
LX51 LINKER/LOCATER V4.41                                                             05/04/2019  20:59:20  PAGE 24


      00000096H   SFRSYM    DATA     BYTE      P2M0
      00000091H   SFRSYM    DATA     BYTE      P1M1
      00000080H   SFRSYM    DATA     BYTE      P0
      000000B2H   SFRSYM    DATA     BYTE      P3M0
      00000095H   SFRSYM    DATA     BYTE      P2M1
      00000090H   SFRSYM    DATA     BYTE      P1
      000000B4H   SFRSYM    DATA     BYTE      P4M0
      000000B1H   SFRSYM    DATA     BYTE      P3M1
      000000A0H   SFRSYM    DATA     BYTE      P2
      000000ABH   SFRSYM    DATA     BYTE      WKTCH
      000000CAH   SFRSYM    DATA     BYTE      P5M0
      000000B3H   SFRSYM    DATA     BYTE      P4M1
      000000B0H   SFRSYM    DATA     BYTE      P3
      000000CCH   SFRSYM    DATA     BYTE      P6M0
      000000C9H   SFRSYM    DATA     BYTE      P5M1
      000000C0H   SFRSYM    DATA     BYTE      P4
      000000D0H.6 SFRSYM    DATA     BIT       AC
      000000F6H   SFRSYM    DATA     BYTE      PWMIF
      000000E2H   SFRSYM    DATA     BYTE      P7M0
      000000CBH   SFRSYM    DATA     BYTE      P6M1
      000000C8H   SFRSYM    DATA     BYTE      P5
      000000A8H.7 SFRSYM    DATA     BIT       EA
      000000E1H   SFRSYM    DATA     BYTE      P7M1
      000000E8H   SFRSYM    DATA     BYTE      P6
      000000AAH   SFRSYM    DATA     BYTE      WKTCL
      000000F8H   SFRSYM    DATA     BYTE      P7
      000000CEH   SFRSYM    DATA     BYTE      SPCTL
      000000D8H.7 SFRSYM    DATA     BIT       CF
      000000F5H   SFRSYM    DATA     BYTE      PWMCR
      000000F9H   SFRSYM    DATA     BYTE      CH
      000000A2H   SFRSYM    DATA     BYTE      P_SW1
      000000BAH   SFRSYM    DATA     BYTE      P_SW2
      000000A8H.5 SFRSYM    DATA     BIT       EADC
      000000A8H   SFRSYM    DATA     BYTE      IE
      000000E9H   SFRSYM    DATA     BYTE      CL
      000000C5H   SFRSYM    DATA     BYTE      IAP_CMD
      000000FAH   SFRSYM    DATA     BYTE      CCAP0H
      000000FBH   SFRSYM    DATA     BYTE      CCAP1H
      000000FCH   SFRSYM    DATA     BYTE      CCAP2H
      000000BDH   SFRSYM    DATA     BYTE      ADC_RES
      000000EAH   SFRSYM    DATA     BYTE      CCAP0L
      000000D8H.6 SFRSYM    DATA     BIT       CR
      000000F7H   SFRSYM    DATA     BYTE      PWMFDCR
      000000EBH   SFRSYM    DATA     BYTE      CCAP1L
      000000DAH   SFRSYM    DATA     BYTE      CCAPM0
      000000ECH   SFRSYM    DATA     BYTE      CCAP2L
      000000DBH   SFRSYM    DATA     BYTE      CCAPM1
      000000DCH   SFRSYM    DATA     BYTE      CCAPM2
      000000A8H.4 SFRSYM    DATA     BIT       ES
      000000B8H.5 SFRSYM    DATA     BIT       PADC
      000000B8H   SFRSYM    DATA     BYTE      IP
      00000098H   SFRSYM    DATA     BIT       RI
      000000B0H.2 SFRSYM    DATA     BIT       INT0
      000000D0H.7 SFRSYM    DATA     BIT       CY
      00000098H.1 SFRSYM    DATA     BIT       TI
      000000B0H.3 SFRSYM    DATA     BIT       INT1
      00000097H   SFRSYM    DATA     BYTE      CLK_DIV
      000000C3H   SFRSYM    DATA     BYTE      IAP_ADDRH
      000000B8H.4 SFRSYM    DATA     BIT       PS
      00000081H   SFRSYM    DATA     BYTE      SP
      000000D9H   SFRSYM    DATA     BYTE      CMOD
      000000D8H   SFRSYM    DATA     BYTE      CCON
      000000C4H   SFRSYM    DATA     BYTE      IAP_ADDRL
      000000B8H.7 SFRSYM    DATA     BIT       PPCA
      000000D0H.2 SFRSYM    DATA     BIT       OV
LX51 LINKER/LOCATER V4.41                                                             05/04/2019  20:59:20  PAGE 25


      000000E6H   SFRSYM    DATA     BYTE      CMPCR1
      000000E7H   SFRSYM    DATA     BYTE      CMPCR2
      000000A8H.6 SFRSYM    DATA     BIT       ELVD
      00000080H   SFRSYM    DATA     BIT       P00
      000000BCH   SFRSYM    DATA     BYTE      ADC_CONTR
      00000099H   SFRSYM    DATA     BYTE      SBUF
      00000087H   SFRSYM    DATA     BYTE      PCON
      00000090H   SFRSYM    DATA     BIT       P10
      00000080H.1 SFRSYM    DATA     BIT       P01
      000000A0H   SFRSYM    DATA     BIT       P20
      00000090H.1 SFRSYM    DATA     BIT       P11
      00000080H.2 SFRSYM    DATA     BIT       P02
      000000B0H   SFRSYM    DATA     BIT       P30
      000000A0H.1 SFRSYM    DATA     BIT       P21
      00000090H.2 SFRSYM    DATA     BIT       P12
      00000080H.3 SFRSYM    DATA     BIT       P03
      00000098H   SFRSYM    DATA     BYTE      SCON
      000000C0H   SFRSYM    DATA     BIT       P40
      000000B0H.1 SFRSYM    DATA     BIT       P31
      000000A0H.2 SFRSYM    DATA     BIT       P22
      00000090H.3 SFRSYM    DATA     BIT       P13
      00000080H.4 SFRSYM    DATA     BIT       P04
      00000089H   SFRSYM    DATA     BYTE      TMOD
      00000088H   SFRSYM    DATA     BYTE      TCON
      000000C8H   SFRSYM    DATA     BIT       P50
      000000C0H.1 SFRSYM    DATA     BIT       P41
      000000B0H.2 SFRSYM    DATA     BIT       P32
      000000A0H.3 SFRSYM    DATA     BIT       P23
      00000090H.4 SFRSYM    DATA     BIT       P14
      00000080H.5 SFRSYM    DATA     BIT       P05
      000000E8H   SFRSYM    DATA     BIT       P60
      000000C8H.1 SFRSYM    DATA     BIT       P51
      000000C0H.2 SFRSYM    DATA     BIT       P42
      000000B0H.3 SFRSYM    DATA     BIT       P33
      000000A0H.4 SFRSYM    DATA     BIT       P24
      00000090H.5 SFRSYM    DATA     BIT       P15
      00000080H.6 SFRSYM    DATA     BIT       P06
      000000B8H.6 SFRSYM    DATA     BIT       PLVD
      000000F8H   SFRSYM    DATA     BIT       P70
      000000E8H.1 SFRSYM    DATA     BIT       P61
      000000C8H.2 SFRSYM    DATA     BIT       P52
      000000C0H.3 SFRSYM    DATA     BIT       P43
      000000B0H.4 SFRSYM    DATA     BIT       P34
      000000A0H.5 SFRSYM    DATA     BIT       P25
      00000090H.6 SFRSYM    DATA     BIT       P16
      00000080H.7 SFRSYM    DATA     BIT       P07
      000000F8H.1 SFRSYM    DATA     BIT       P71
      000000E8H.2 SFRSYM    DATA     BIT       P62
      000000C8H.3 SFRSYM    DATA     BIT       P53
      000000C0H.4 SFRSYM    DATA     BIT       P44
      000000B0H.5 SFRSYM    DATA     BIT       P35
      000000A0H.6 SFRSYM    DATA     BIT       P26
      00000090H.7 SFRSYM    DATA     BIT       P17
      000000F8H.2 SFRSYM    DATA     BIT       P72
      000000E8H.3 SFRSYM    DATA     BIT       P63
      000000C8H.4 SFRSYM    DATA     BIT       P54
      000000C0H.5 SFRSYM    DATA     BIT       P45
      000000B0H.6 SFRSYM    DATA     BIT       P36
      000000A0H.7 SFRSYM    DATA     BIT       P27
      000000F8H.3 SFRSYM    DATA     BIT       P73
      000000E8H.4 SFRSYM    DATA     BIT       P64
      000000C8H.5 SFRSYM    DATA     BIT       P55
      000000C0H.6 SFRSYM    DATA     BIT       P46
      000000B0H.7 SFRSYM    DATA     BIT       P37
      000000F8H.4 SFRSYM    DATA     BIT       P74
LX51 LINKER/LOCATER V4.41                                                             05/04/2019  20:59:20  PAGE 26


      000000E8H.5 SFRSYM    DATA     BIT       P65
      000000C8H.6 SFRSYM    DATA     BIT       P56
      000000C0H.7 SFRSYM    DATA     BIT       P47
      000000F8H.5 SFRSYM    DATA     BIT       P75
      000000E8H.6 SFRSYM    DATA     BIT       P66
      000000C8H.7 SFRSYM    DATA     BIT       P57
      000000F8H.6 SFRSYM    DATA     BIT       P76
      000000E8H.7 SFRSYM    DATA     BIT       P67
      00000088H.1 SFRSYM    DATA     BIT       IE0
      000000A1H   SFRSYM    DATA     BYTE      BUS_SPEED
      000000F8H.7 SFRSYM    DATA     BIT       P77
      00000088H.3 SFRSYM    DATA     BIT       IE1
      000000AFH   SFRSYM    DATA     BYTE      IE2
      0000008EH   SFRSYM    DATA     BYTE      AUXR
      000000F0H   SFRSYM    DATA     BYTE      B
      000000C7H   SFRSYM    DATA     BYTE      IAP_CONTR
      000000F1H   SFRSYM    DATA     BYTE      PWMCFG
      000000E0H   SFRSYM    DATA     BYTE      ACC
      000000A8H.1 SFRSYM    DATA     BIT       ET0
      00000088H.5 SFRSYM    DATA     BIT       TF0
      000000A8H.3 SFRSYM    DATA     BIT       ET1
      00000088H.7 SFRSYM    DATA     BIT       TF1
      000000B5H   SFRSYM    DATA     BYTE      IP2
      00000098H.2 SFRSYM    DATA     BIT       RB8
      0000008CH   SFRSYM    DATA     BYTE      TH0
      0000008DH   SFRSYM    DATA     BYTE      TH1
      00000088H   SFRSYM    DATA     BIT       IT0
      000000A8H   SFRSYM    DATA     BIT       EX0
      00000098H.3 SFRSYM    DATA     BIT       TB8
      000000D6H   SFRSYM    DATA     BYTE      T2H
      00000088H.2 SFRSYM    DATA     BIT       IT1
      000000A8H.2 SFRSYM    DATA     BIT       EX1
      000000D4H   SFRSYM    DATA     BYTE      T3H
      000000D0H   SFRSYM    DATA     BIT       P
      00000098H.7 SFRSYM    DATA     BIT       SM0
      000000D2H   SFRSYM    DATA     BYTE      T4H
      0000008AH   SFRSYM    DATA     BYTE      TL0
      00000098H.6 SFRSYM    DATA     BIT       SM1
      0000008BH   SFRSYM    DATA     BYTE      TL1
      00000098H.5 SFRSYM    DATA     BIT       SM2
      000000D7H   SFRSYM    DATA     BYTE      T2L
      000000D5H   SFRSYM    DATA     BYTE      T3L
      000000D3H   SFRSYM    DATA     BYTE      T4L
      000000B8H.1 SFRSYM    DATA     BIT       PT0
      000000B8H.3 SFRSYM    DATA     BIT       PT1
      000000D0H.3 SFRSYM    DATA     BIT       RS0
      000000C2H   SFRSYM    DATA     BYTE      IAP_DATA
      00000088H.4 SFRSYM    DATA     BIT       TR0
      000000D0H.4 SFRSYM    DATA     BIT       RS1
      00000088H.6 SFRSYM    DATA     BIT       TR1
      000000C1H   SFRSYM    DATA     BYTE      WDT_CONTR
      000000B8H   SFRSYM    DATA     BIT       PX0
      000000B8H.2 SFRSYM    DATA     BIT       PX1
      000000F2H   SFRSYM    DATA     BYTE      PCA_PWM0
      000000F3H   SFRSYM    DATA     BYTE      PCA_PWM1
      000000F4H   SFRSYM    DATA     BYTE      PCA_PWM2
      0000009DH   SFRSYM    DATA     BYTE      P1ASF
      00000083H   SFRSYM    DATA     BYTE      DPH
      000000D1H   SFRSYM    DATA     BYTE      T3T4M
      000000D1H   SFRSYM    DATA     BYTE      T4T3M
      000000BEH   SFRSYM    DATA     BYTE      ADC_RESL
      00000082H   SFRSYM    DATA     BYTE      DPL
      000000CDH   SFRSYM    DATA     BYTE      SPSTAT
      0000009BH   SFRSYM    DATA     BYTE      S2BUF
      000000ADH   SFRSYM    DATA     BYTE      S3BUF
LX51 LINKER/LOCATER V4.41                                                             05/04/2019  20:59:20  PAGE 27


      00000085H   SFRSYM    DATA     BYTE      S4BUF
      00000098H.4 SFRSYM    DATA     BIT       REN
      0000009AH   SFRSYM    DATA     BYTE      S2CON
      000000ACH   SFRSYM    DATA     BYTE      S3CON
      00000084H   SFRSYM    DATA     BYTE      S4CON
      000000B9H   SFRSYM    DATA     BYTE      SADEN
      000000A9H   SFRSYM    DATA     BYTE      SADDR
      000000C6H   SFRSYM    DATA     BYTE      IAP_TRIG
      000000A2H   SFRSYM    DATA     BYTE      AUXR1
      000000D0H.5 SFRSYM    DATA     BIT       F0
      0000008FH   SFRSYM    DATA     BYTE      INT_CLKO
      000000D0H   SFRSYM    DATA     BYTE      PSW
      000000D8H   SFRSYM    DATA     BIT       CCF0
      000000D8H.1 SFRSYM    DATA     BIT       CCF1
      000000CFH   SFRSYM    DATA     BYTE      SPDAT
      00000094H   SFRSYM    DATA     BYTE      P0M0

      01001789H   BLOCK     CODE     ---       LVL=0
      00000007H   SYMBOL    DATA     BYTE      ch
      01001789H   BLOCK     CODE     NEAR LAB  LVL=1
      00000006H   SYMBOL    DATA     WORD      ADC_Result
      ---         BLOCKEND  ---      ---       LVL=1
      01001789H   LINE      CODE     ---       #41
      01001789H   LINE      CODE     ---       #42
      01001789H   LINE      CODE     ---       #44
      0100178EH   LINE      CODE     ---       #45
      0100178FH   LINE      CODE     ---       #46
      01001790H   LINE      CODE     ---       #47
      01001791H   LINE      CODE     ---       #48
      01001792H   LINE      CODE     ---       #49
      01001797H   LINE      CODE     ---       #50
      0100179AH   LINE      CODE     ---       #51
      0100179EH   LINE      CODE     ---       #52
      010017AEH   LINE      CODE     ---       #53
      010017AEH   LINE      CODE     ---       #54
      ---         BLOCKEND  ---      ---       LVL=0

      01001891H   BLOCK     CODE     ---       LVL=0
      01001891H   LINE      CODE     ---       #61
      01001891H   LINE      CODE     ---       #62
      01001891H   LINE      CODE     ---       #63
      01001894H   LINE      CODE     ---       #64
      01001897H   LINE      CODE     ---       #66
      0100189AH   LINE      CODE     ---       #67
      ---         BLOCKEND  ---      ---       LVL=0

      01001809H   BLOCK     CODE     ---       LVL=0
      00000006H   SYMBOL    DATA     WORD      n
      01001809H   BLOCK     CODE     NEAR LAB  LVL=1
      00000004H   SYMBOL    DATA     WORD      x
      ---         BLOCKEND  ---      ---       LVL=1
      01001809H   LINE      CODE     ---       #76
      01001809H   LINE      CODE     ---       #77
      01001809H   LINE      CODE     ---       #80
      01001813H   LINE      CODE     ---       #81
      01001813H   LINE      CODE     ---       #82
      01001817H   LINE      CODE     ---       #83
      01001823H   LINE      CODE     ---       #85
      ---         BLOCKEND  ---      ---       LVL=0

      ---         MODULE    ---      ---       ?C?FPADD
      010000C5H   PUBLIC    CODE     ---       ?C?FPADD
      010000C1H   PUBLIC    CODE     ---       ?C?FPSUB

      ---         MODULE    ---      ---       ?C?FPMUL
LX51 LINKER/LOCATER V4.41                                                             05/04/2019  20:59:20  PAGE 28


      010001B6H   PUBLIC    CODE     ---       ?C?FPMUL

      ---         MODULE    ---      ---       ?C?FPDIV
      010002BFH   PUBLIC    CODE     ---       ?C?FPDIV

      ---         MODULE    ---      ---       ?C?FCAST
      01000366H   PUBLIC    CODE     ---       ?C?FCASTC
      01000361H   PUBLIC    CODE     ---       ?C?FCASTI
      0100035CH   PUBLIC    CODE     ---       ?C?FCASTL

      ---         MODULE    ---      ---       ?C?CASTF
      0100039AH   PUBLIC    CODE     ---       ?C?CASTF

      ---         MODULE    ---      ---       PRINTF
      0200020EH   PUBLIC    XDATA    ---       ?_PRINTF?BYTE
      0200020EH   PUBLIC    XDATA    ---       ?_SPRINTF?BYTE
      010008B7H   PUBLIC    CODE     ---       _PRINTF
      010008B1H   PUBLIC    CODE     ---       _SPRINTF

      ---         MODULE    ---      ---       SIN
      01001177H   PUBLIC    CODE     ---       _COS
      0100118DH   PUBLIC    CODE     ---       _SIN
      010011C9H   PUBLIC    CODE     ---       _TAN

      ---         MODULE    ---      ---       ?C?FPGETOPN
      010003D1H   PUBLIC    CODE     ---       ?C?FPGETOPN2
      01000406H   PUBLIC    CODE     ---       ?C?FPNANRESULT
      01000410H   PUBLIC    CODE     ---       ?C?FPOVERFLOW
      010003E8H   PUBLIC    CODE     ---       ?C?FPRESULT
      010003FCH   PUBLIC    CODE     ---       ?C?FPRESULT2
      0100040DH   PUBLIC    CODE     ---       ?C?FPUNDERFLOW

      ---         MODULE    ---      ---       ?C?FPROUND
      0100041BH   PUBLIC    CODE     ---       ?C?FPROUND

      ---         MODULE    ---      ---       ?C?FPCONVERT
      01000458H   PUBLIC    CODE     ---       ?C?FPCONVERT

      ---         MODULE    ---      ---       ?C?FPSERIES
      0100055DH   PUBLIC    CODE     ---       ?C?FP2SERIES
      0100056CH   PUBLIC    CODE     ---       ?C?FPSERIES

      ---         MODULE    ---      ---       ?C?FTNPWR
      010005DAH   PUBLIC    CODE     ---       ?C?FTNPWR

      ---         MODULE    ---      ---       ?C_INIT
      010014E7H   PUBLIC    CODE     ---       ?C_START

      ---         MODULE    ---      ---       ?C?CLDPTR
      0100061AH   PUBLIC    CODE     ---       ?C?CLDPTR

      ---         MODULE    ---      ---       ?C?CLDOPTR
      01000633H   PUBLIC    CODE     ---       ?C?CLDOPTR

      ---         MODULE    ---      ---       ?C?CSTPTR
      01000660H   PUBLIC    CODE     ---       ?C?CSTPTR

      ---         MODULE    ---      ---       ?C?CSTOPTR
      01000672H   PUBLIC    CODE     ---       ?C?CSTOPTR

      ---         MODULE    ---      ---       ?C?IMUL
      01000694H   PUBLIC    CODE     ---       ?C?IMUL

      ---         MODULE    ---      ---       ?C?UIDIV
      010006A6H   PUBLIC    CODE     ---       ?C?UIDIV
LX51 LINKER/LOCATER V4.41                                                             05/04/2019  20:59:20  PAGE 29



      ---         MODULE    ---      ---       ?C?SIDIV
      010006FBH   PUBLIC    CODE     ---       ?C?SIDIV

      ---         MODULE    ---      ---       ?C?ILDIX
      01000731H   PUBLIC    CODE     ---       ?C?ILDIX

      ---         MODULE    ---      ---       ?C?ILDPTR
      01000747H   PUBLIC    CODE     ---       ?C?ILDPTR

      ---         MODULE    ---      ---       ?C?IILDPTR
      01000772H   PUBLIC    CODE     ---       ?C?IILDPTR

      ---         MODULE    ---      ---       ?C?LNEG
      010007AAH   PUBLIC    CODE     ---       ?C?LNEG

      ---         MODULE    ---      ---       ?C?LLDCODE
      010007B8H   PUBLIC    CODE     ---       ?C?LLDCODE

      ---         MODULE    ---      ---       ?C?LLDXDATA0
      010007C8H   PUBLIC    CODE     ---       ?C?LLDXDATA0

      ---         MODULE    ---      ---       ?C?LLDCODE0
      010007D4H   PUBLIC    CODE     ---       ?C?LLDCODE0

      ---         MODULE    ---      ---       ?C?LSTXDATA
      010007E4H   PUBLIC    CODE     ---       ?C?LSTXDATA

      ---         MODULE    ---      ---       ?C?PLDIXDATA
      010007F0H   PUBLIC    CODE     ---       ?C?PLDIXDATA

      ---         MODULE    ---      ---       ?C?PSTXDATA
      01000807H   PUBLIC    CODE     ---       ?C?PSTXDATA

      ---         MODULE    ---      ---       ?C?CCASE
      01000810H   PUBLIC    CODE     ---       ?C?CCASE

      ---         MODULE    ---      ---       PUTCHAR
      01001762H   PUBLIC    CODE     ---       _PUTCHAR

      ---         MODULE    ---      ---       ?C?IILDX
      01000836H   PUBLIC    CODE     ---       ?C?IILDX



*** WARNING L16: UNCALLED FUNCTION, IGNORED FOR OVERLAY PROCESS
    NAME:    UARTCMDPROCESS/MAIN

Program Size: data=23.2 xdata=653 const=0 code=6289
LX51 RUN COMPLETE.  1 WARNING(S),  0 ERROR(S)
